Archive member included to satisfy reference by file (symbol)

/usr/local/Cellar/avr-gcc@8/8.3.0_1/lib/avr-gcc/8/gcc/avr/8.3.0/../../../../../../avr/lib/avr5/libm.a(addsf3.o)
                              .build/obj_Dactylv2led_rev2_Default/quantum/rgblight.o (__subsf3)
/usr/local/Cellar/avr-gcc@8/8.3.0_1/lib/avr-gcc/8/gcc/avr/8.3.0/../../../../../../avr/lib/avr5/libm.a(addsf3x.o)
                              /usr/local/Cellar/avr-gcc@8/8.3.0_1/lib/avr-gcc/8/gcc/avr/8.3.0/../../../../../../avr/lib/avr5/libm.a(addsf3.o) (__addsf3x)
/usr/local/Cellar/avr-gcc@8/8.3.0_1/lib/avr-gcc/8/gcc/avr/8.3.0/../../../../../../avr/lib/avr5/libm.a(divsf3.o)
                              .build/obj_Dactylv2led_rev2_Default/quantum/rgblight.o (__divsf3)
/usr/local/Cellar/avr-gcc@8/8.3.0_1/lib/avr-gcc/8/gcc/avr/8.3.0/../../../../../../avr/lib/avr5/libm.a(divsf3x.o)
                              /usr/local/Cellar/avr-gcc@8/8.3.0_1/lib/avr-gcc/8/gcc/avr/8.3.0/../../../../../../avr/lib/avr5/libm.a(divsf3.o) (__divsf3x)
/usr/local/Cellar/avr-gcc@8/8.3.0_1/lib/avr-gcc/8/gcc/avr/8.3.0/../../../../../../avr/lib/avr5/libm.a(exp.o)
                              .build/obj_Dactylv2led_rev2_Default/quantum/rgblight.o (exp)
/usr/local/Cellar/avr-gcc@8/8.3.0_1/lib/avr-gcc/8/gcc/avr/8.3.0/../../../../../../avr/lib/avr5/libm.a(fixunssfsi.o)
                              .build/obj_Dactylv2led_rev2_Default/quantum/rgblight.o (__fixunssfsi)
/usr/local/Cellar/avr-gcc@8/8.3.0_1/lib/avr-gcc/8/gcc/avr/8.3.0/../../../../../../avr/lib/avr5/libm.a(floatsisf.o)
                              .build/obj_Dactylv2led_rev2_Default/quantum/rgblight.o (__floatsisf)
/usr/local/Cellar/avr-gcc@8/8.3.0_1/lib/avr-gcc/8/gcc/avr/8.3.0/../../../../../../avr/lib/avr5/libm.a(fp_inf.o)
                              /usr/local/Cellar/avr-gcc@8/8.3.0_1/lib/avr-gcc/8/gcc/avr/8.3.0/../../../../../../avr/lib/avr5/libm.a(addsf3x.o) (__fp_inf)
/usr/local/Cellar/avr-gcc@8/8.3.0_1/lib/avr-gcc/8/gcc/avr/8.3.0/../../../../../../avr/lib/avr5/libm.a(fp_nan.o)
                              /usr/local/Cellar/avr-gcc@8/8.3.0_1/lib/avr-gcc/8/gcc/avr/8.3.0/../../../../../../avr/lib/avr5/libm.a(addsf3x.o) (__fp_nan)
/usr/local/Cellar/avr-gcc@8/8.3.0_1/lib/avr-gcc/8/gcc/avr/8.3.0/../../../../../../avr/lib/avr5/libm.a(fp_powser.o)
                              /usr/local/Cellar/avr-gcc@8/8.3.0_1/lib/avr-gcc/8/gcc/avr/8.3.0/../../../../../../avr/lib/avr5/libm.a(exp.o) (__fp_powser)
/usr/local/Cellar/avr-gcc@8/8.3.0_1/lib/avr-gcc/8/gcc/avr/8.3.0/../../../../../../avr/lib/avr5/libm.a(fp_pscA.o)
                              /usr/local/Cellar/avr-gcc@8/8.3.0_1/lib/avr-gcc/8/gcc/avr/8.3.0/../../../../../../avr/lib/avr5/libm.a(addsf3x.o) (__fp_pscA)
/usr/local/Cellar/avr-gcc@8/8.3.0_1/lib/avr-gcc/8/gcc/avr/8.3.0/../../../../../../avr/lib/avr5/libm.a(fp_pscB.o)
                              /usr/local/Cellar/avr-gcc@8/8.3.0_1/lib/avr-gcc/8/gcc/avr/8.3.0/../../../../../../avr/lib/avr5/libm.a(addsf3x.o) (__fp_pscB)
/usr/local/Cellar/avr-gcc@8/8.3.0_1/lib/avr-gcc/8/gcc/avr/8.3.0/../../../../../../avr/lib/avr5/libm.a(fp_round.o)
                              /usr/local/Cellar/avr-gcc@8/8.3.0_1/lib/avr-gcc/8/gcc/avr/8.3.0/../../../../../../avr/lib/avr5/libm.a(addsf3.o) (__fp_round)
/usr/local/Cellar/avr-gcc@8/8.3.0_1/lib/avr-gcc/8/gcc/avr/8.3.0/../../../../../../avr/lib/avr5/libm.a(fp_split3.o)
                              /usr/local/Cellar/avr-gcc@8/8.3.0_1/lib/avr-gcc/8/gcc/avr/8.3.0/../../../../../../avr/lib/avr5/libm.a(addsf3x.o) (__fp_split3)
/usr/local/Cellar/avr-gcc@8/8.3.0_1/lib/avr-gcc/8/gcc/avr/8.3.0/../../../../../../avr/lib/avr5/libm.a(fp_zero.o)
                              /usr/local/Cellar/avr-gcc@8/8.3.0_1/lib/avr-gcc/8/gcc/avr/8.3.0/../../../../../../avr/lib/avr5/libm.a(addsf3x.o) (__fp_zero)
/usr/local/Cellar/avr-gcc@8/8.3.0_1/lib/avr-gcc/8/gcc/avr/8.3.0/../../../../../../avr/lib/avr5/libm.a(inverse.o)
                              /usr/local/Cellar/avr-gcc@8/8.3.0_1/lib/avr-gcc/8/gcc/avr/8.3.0/../../../../../../avr/lib/avr5/libm.a(exp.o) (inverse)
/usr/local/Cellar/avr-gcc@8/8.3.0_1/lib/avr-gcc/8/gcc/avr/8.3.0/../../../../../../avr/lib/avr5/libm.a(ldexp.o)
                              /usr/local/Cellar/avr-gcc@8/8.3.0_1/lib/avr-gcc/8/gcc/avr/8.3.0/../../../../../../avr/lib/avr5/libm.a(exp.o) (ldexp)
/usr/local/Cellar/avr-gcc@8/8.3.0_1/lib/avr-gcc/8/gcc/avr/8.3.0/../../../../../../avr/lib/avr5/libm.a(modf.o)
                              /usr/local/Cellar/avr-gcc@8/8.3.0_1/lib/avr-gcc/8/gcc/avr/8.3.0/../../../../../../avr/lib/avr5/libm.a(exp.o) (modf)
/usr/local/Cellar/avr-gcc@8/8.3.0_1/lib/avr-gcc/8/gcc/avr/8.3.0/../../../../../../avr/lib/avr5/libm.a(mulsf3.o)
                              .build/obj_Dactylv2led_rev2_Default/quantum/rgblight.o (__mulsf3)
/usr/local/Cellar/avr-gcc@8/8.3.0_1/lib/avr-gcc/8/gcc/avr/8.3.0/../../../../../../avr/lib/avr5/libm.a(mulsf3x.o)
[...]
Memory Configuration

Name             Origin             Length             Attributes
text             0x0000000000000000 0x0000000000020000 xr
data             0x0000000000800060 0x000000000000ffa0 rw !x
eeprom           0x0000000000810000 0x0000000000010000 rw !x
fuse             0x0000000000820000 0x0000000000000400 rw !x
lock             0x0000000000830000 0x0000000000000400 rw !x
signature        0x0000000000840000 0x0000000000000400 rw !x
user_signatures  0x0000000000850000 0x0000000000000400 rw !x
*default*        0x0000000000000000 0xffffffffffffffff

Linker script and memory map

Address of section .data set to 0x800100
LOAD /usr/local/Cellar/avr-gcc@8/8.3.0_1/lib/avr-gcc/8/gcc/avr/8.3.0/../../../../../../avr/lib/avr5/crtatmega32u4.o
LOAD .build/obj_Dactylv2led_rev2_Default/matrix.o
LOAD .build/obj_Dactylv2led_rev2_Default/i2c.o
LOAD .build/obj_Dactylv2led_rev2_Default/split_util.o
LOAD .build/obj_Dactylv2led_rev2_Default/serial.o
LOAD .build/obj_Dactylv2led_rev2_Default/ssd1306.o
LOAD .build/obj_Dactylv2led_rev2_Default/keyboards/Dactylv2led/rev2/rev2.o
LOAD .build/obj_Dactylv2led_rev2_Default/keyboards/Dactylv2led/keymaps/Default/keymap.o
LOAD .build/obj_Dactylv2led_rev2_Default/quantum/quantum.o
LOAD .build/obj_Dactylv2led_rev2_Default/quantum/keymap_common.o
LOAD .build/obj_Dactylv2led_rev2_Default/quantum/keycode_config.o
LOAD .build/obj_Dactylv2led_rev2_Default/quantum/process_keycode/process_leader.o
LOAD .build/obj_Dactylv2led_rev2_Default/quantum/rgblight.o
LOAD .build/obj_Dactylv2led_rev2_Default/ws2812.o
LOAD .build/obj_Dactylv2led_rev2_Default/quantum/process_keycode/process_tap_dance.o
LOAD .build/obj_Dactylv2led_rev2_Default/quantum/led_tables.o
LOAD .build/obj_Dactylv2led_rev2_Default/common/host.o
LOAD .build/obj_Dactylv2led_rev2_Default/common/keyboard.o
LOAD .build/obj_Dactylv2led_rev2_Default/common/action.o
LOAD .build/obj_Dactylv2led_rev2_Default/common/action_tapping.o
LOAD .build/obj_Dactylv2led_rev2_Default/common/action_macro.o
LOAD .build/obj_Dactylv2led_rev2_Default/common/action_layer.o
LOAD .build/obj_Dactylv2led_rev2_Default/common/action_util.o
LOAD .build/obj_Dactylv2led_rev2_Default/common/print.o
LOAD .build/obj_Dactylv2led_rev2_Default/common/debug.o
LOAD .build/obj_Dactylv2led_rev2_Default/common/util.o
LOAD .build/obj_Dactylv2led_rev2_Default/common/eeconfig.o
LOAD .build/obj_Dactylv2led_rev2_Default/common/report.o
LOAD .build/obj_Dactylv2led_rev2_Default/common/avr/suspend.o
LOAD .build/obj_Dactylv2led_rev2_Default/common/avr/timer.o
LOAD .build/obj_Dactylv2led_rev2_Default/common/avr/bootloader.o
LOAD .build/obj_Dactylv2led_rev2_Default/common/avr/xprintf.o
LOAD .build/obj_Dactylv2led_rev2_Default/common/magic.o
LOAD .build/obj_Dactylv2led_rev2_Default/common/mousekey.o
LOAD .build/obj_Dactylv2led_rev2_Default/common/command.o
LOAD .build/obj_Dactylv2led_rev2_Default/lufa.o
LOAD .build/obj_Dactylv2led_rev2_Default/usb_descriptor.o
LOAD .build/obj_Dactylv2led_rev2_Default/outputselect.o
LOAD .build/obj_Dactylv2led_rev2_Default/./lib/lufa/LUFA/Drivers/USB/Class/Common/HIDParser.o
LOAD .build/obj_Dactylv2led_rev2_Default/./lib/lufa/LUFA/Drivers/USB/Core/AVR8/Device_AVR8.o
LOAD .build/obj_Dactylv2led_rev2_Default/./lib/lufa/LUFA/Drivers/USB/Core/AVR8/EndpointStream_AVR8.o
LOAD .build/obj_Dactylv2led_rev2_Default/./lib/lufa/LUFA/Drivers/USB/Core/AVR8/Endpoint_AVR8.o
LOAD .build/obj_Dactylv2led_rev2_Default/./lib/lufa/LUFA/Drivers/USB/Core/AVR8/Host_AVR8.o
LOAD .build/obj_Dactylv2led_rev2_Default/./lib/lufa/LUFA/Drivers/USB/Core/AVR8/PipeStream_AVR8.o
LOAD .build/obj_Dactylv2led_rev2_Default/./lib/lufa/LUFA/Drivers/USB/Core/AVR8/Pipe_AVR8.o
LOAD .build/obj_Dactylv2led_rev2_Default/./lib/lufa/LUFA/Drivers/USB/Core/AVR8/USBController_AVR8.o
LOAD .build/obj_Dactylv2led_rev2_Default/./lib/lufa/LUFA/Drivers/USB/Core/AVR8/USBInterrupt_AVR8.o
LOAD .build/obj_Dactylv2led_rev2_Default/./lib/lufa/LUFA/Drivers/USB/Core/ConfigDescriptors.o
LOAD .build/obj_Dactylv2led_rev2_Default/./lib/lufa/LUFA/Drivers/USB/Core/DeviceStandardReq.o
LOAD .build/obj_Dactylv2led_rev2_Default/./lib/lufa/LUFA/Drivers/USB/Core/Events.o
LOAD .build/obj_Dactylv2led_rev2_Default/./lib/lufa/LUFA/Drivers/USB/Core/HostStandardReq.o
LOAD .build/obj_Dactylv2led_rev2_Default/./lib/lufa/LUFA/Drivers/USB/Core/USBTask.o
LOAD /usr/local/Cellar/avr-gcc@8/8.3.0_1/lib/avr-gcc/8/gcc/avr/8.3.0/../../../../../../avr/lib/avr5/libm.a
START GROUP
LOAD /usr/local/Cellar/avr-gcc@8/8.3.0_1/lib/avr-gcc/8/gcc/avr/8.3.0/avr5/libgcc.a
LOAD /usr/local/Cellar/avr-gcc@8/8.3.0_1/lib/avr-gcc/8/gcc/avr/8.3.0/../../../../../../avr/lib/avr5/libm.a
LOAD /usr/local/Cellar/avr-gcc@8/8.3.0_1/lib/avr-gcc/8/gcc/avr/8.3.0/../../../../../../avr/lib/avr5/libc.a
LOAD /usr/local/Cellar/avr-gcc@8/8.3.0_1/lib/avr-gcc/8/gcc/avr/8.3.0/../../../../../../avr/lib/avr5/libatmega32u4.a
END GROUP
                0x0000000000020000                __TEXT_REGION_LENGTH__ = DEFINED (__TEXT_REGION_LENGTH__)?__TEXT_REGION_LENGTH__:0x20000
                0x000000000000ffa0                __DATA_REGION_LENGTH__ = DEFINED (__DATA_REGION_LENGTH__)?__DATA_REGION_LENGTH__:0xffa0
                0x0000000000010000                __EEPROM_REGION_LENGTH__ = DEFINED (__EEPROM_REGION_LENGTH__)?__EEPROM_REGION_LENGTH__:0x10000
                0x0000000000000400                __FUSE_REGION_LENGTH__ = DEFINED (__FUSE_REGION_LENGTH__)?__FUSE_REGION_LENGTH__:0x400
                0x0000000000000400                __LOCK_REGION_LENGTH__ = DEFINED (__LOCK_REGION_LENGTH__)?__LOCK_REGION_LENGTH__:0x400
                0x0000000000000400                __SIGNATURE_REGION_LENGTH__ = DEFINED (__SIGNATURE_REGION_LENGTH__)?__SIGNATURE_REGION_LENGTH__:0x400
                0x0000000000000400                __USER_SIGNATURE_REGION_LENGTH__ = DEFINED (__USER_SIGNATURE_REGION_LENGTH__)?__USER_SIGNATURE_REGION_LENGTH__:0x400

.hash
 *(.hash)

.dynsym
 *(.dynsym)

.dynstr
 *(.dynstr)

.gnu.version
 *(.gnu.version)

.gnu.version_d
 *(.gnu.version_d)

.gnu.version_r
 *(.gnu.version_r)

.rel.init
 *(.rel.init)

.rela.init
 *(.rela.init)

.rel.text
 *(.rel.text)
 *(.rel.text.*)
 *(.rel.gnu.linkonce.t*)

.rela.text
 *(.rela.text)
 *(.rela.text.*)
 *(.rela.gnu.linkonce.t*)

.rel.fini
 *(.rel.fini)

.rela.fini
 *(.rela.fini)

.rel.rodata
 *(.rel.rodata)
 *(.rel.rodata.*)
 *(.rel.gnu.linkonce.r*)

.rela.rodata
 *(.rela.rodata)
 *(.rela.rodata.*)
 *(.rela.gnu.linkonce.r*)

.rel.data
 *(.rel.data)
 *(.rel.data.*)
 *(.rel.gnu.linkonce.d*)

.rela.data
 *(.rela.data)
 *(.rela.data.*)
 *(.rela.gnu.linkonce.d*)

.rel.ctors
 *(.rel.ctors)

.rela.ctors
 *(.rela.ctors)

.rel.dtors
 *(.rel.dtors)

.rela.dtors
 *(.rela.dtors)

.rel.got
 *(.rel.got)

.rela.got
 *(.rela.got)

.rel.bss
 *(.rel.bss)

.rela.bss
 *(.rela.bss)

.rel.plt
 *(.rel.plt)

.rela.plt
 *(.rela.plt)

.text           0x0000000000000000     0x6bde
 *(.vectors)
 .vectors       0x0000000000000000       0xac /usr/local/Cellar/avr-gcc@8/8.3.0_1/lib/avr-gcc/8/gcc/avr/8.3.0/../../../../../../avr/lib/avr5/crtatmega32u4.o
                0x0000000000000000                __vectors
                0x0000000000000000                __vector_default
 *(.vectors)
 *(.progmem.gcc*)
 .progmem.gcc_fplib
                0x00000000000000ac       0x28 /usr/local/Cellar/avr-gcc@8/8.3.0_1/lib/avr-gcc/8/gcc/avr/8.3.0/../../../../../../avr/lib/avr5/libm.a(exp.o)
 .progmem.gcc_fplib
                0x00000000000000d4       0x1e /usr/local/Cellar/avr-gcc@8/8.3.0_1/lib/avr-gcc/8/gcc/avr/8.3.0/../../../../../../avr/lib/avr5/libm.a(fp_sinus.o)
                0x00000000000000f2                . = ALIGN (0x2)
                0x00000000000000f2                __trampolines_start = .
 *(.trampolines)
 .trampolines   0x00000000000000f2        0x0 linker stubs
 *(.trampolines*)
                0x00000000000000f2                __trampolines_end = .
 *libprintf_flt.a:*(.progmem.data)
 *libc.a:*(.progmem.data)
 *(.progmem.*)
 .progmem.data.__m.3472
                0x00000000000000f2        0xd .build/obj_Dactylv2led_rev2_Default/keyboards/Dactylv2led/keymaps/Default/keymap.o
 .progmem.data.__m.3470
                0x00000000000000ff        0xd .build/obj_Dactylv2led_rev2_Default/keyboards/Dactylv2led/keymaps/Default/keymap.o
 .progmem.data.__m.3460
                0x000000000000010c       0x3b .build/obj_Dactylv2led_rev2_Default/keyboards/Dactylv2led/keymaps/Default/keymap.o
 .progmem.data.__m.3458
                0x0000000000000147       0x55 .build/obj_Dactylv2led_rev2_Default/keyboards/Dactylv2led/keymaps/Default/keymap.o
 .progmem.data.__m.3456
                0x000000000000019c       0x1d .build/obj_Dactylv2led_rev2_Default/keyboards/Dactylv2led/keymaps/Default/keymap.o
 .progmem.data.__m.3450
                0x00000000000001b9        0xd .build/obj_Dactylv2led_rev2_Default/keyboards/Dactylv2led/keymaps/Default/keymap.o
 .progmem.data.__m.3448
                0x00000000000001c6        0x9 .build/obj_Dactylv2led_rev2_Default/keyboards/Dactylv2led/keymaps/Default/keymap.o
 .progmem.data.__m.3446
                0x00000000000001cf        0x9 .build/obj_Dactylv2led_rev2_Default/keyboards/Dactylv2led/keymaps/Default/keymap.o
 .progmem.data.__c.3440
                0x00000000000001d8       0x13 .build/obj_Dactylv2led_rev2_Default/keyboards/Dactylv2led/keymaps/Default/keymap.o
 .progmem.data.__m.3437
                0x00000000000001eb       0x33 .build/obj_Dactylv2led_rev2_Default/keyboards/Dactylv2led/keymaps/Default/keymap.o
 .progmem.data.__m.3434
                0x000000000000021e       0x33 .build/obj_Dactylv2led_rev2_Default/keyboards/Dactylv2led/keymaps/Default/keymap.o
 .progmem.data.__m.3431
                0x0000000000000251       0x33 .build/obj_Dactylv2led_rev2_Default/keyboards/Dactylv2led/keymaps/Default/keymap.o
 .progmem.data.__c.3428
                0x0000000000000284        0xe .build/obj_Dactylv2led_rev2_Default/keyboards/Dactylv2led/keymaps/Default/keymap.o
 .progmem.data.__c.3425
                0x0000000000000292        0x1 .build/obj_Dactylv2led_rev2_Default/keyboards/Dactylv2led/keymaps/Default/keymap.o
 .progmem.data.__m.3422
                0x0000000000000293       0x1b .build/obj_Dactylv2led_rev2_Default/keyboards/Dactylv2led/keymaps/Default/keymap.o
 .progmem.data.__m.3418
                0x00000000000002ae        0x5 .build/obj_Dactylv2led_rev2_Default/keyboards/Dactylv2led/keymaps/Default/keymap.o
 .progmem.data.__m.3414
                0x00000000000002b3       0x13 .build/obj_Dactylv2led_rev2_Default/keyboards/Dactylv2led/keymaps/Default/keymap.o
 .progmem.data.__c.3411
                0x00000000000002c6       0x18 .build/obj_Dactylv2led_rev2_Default/keyboards/Dactylv2led/keymaps/Default/keymap.o
 .progmem.data.__c.3408
                0x00000000000002de        0x6 .build/obj_Dactylv2led_rev2_Default/keyboards/Dactylv2led/keymaps/Default/keymap.o
 .progmem.data.__m.3405
                0x00000000000002e4       0x31 .build/obj_Dactylv2led_rev2_Default/keyboards/Dactylv2led/keymaps/Default/keymap.o
 .progmem.data.__m.3402
                0x0000000000000315        0x9 .build/obj_Dactylv2led_rev2_Default/keyboards/Dactylv2led/keymaps/Default/keymap.o
 .progmem.data.keymaps
                0x000000000000031e      0xb28 .build/obj_Dactylv2led_rev2_Default/keyboards/Dactylv2led/keymaps/Default/keymap.o
                0x000000000000031e                keymaps
 .progmem.data.ascii_to_keycode_lut
                0x0000000000000e46       0x80 .build/obj_Dactylv2led_rev2_Default/quantum/quantum.o
                0x0000000000000e46                ascii_to_keycode_lut
 .progmem.data.ascii_to_shift_lut
                0x0000000000000ec6       0x80 .build/obj_Dactylv2led_rev2_Default/quantum/quantum.o
                0x0000000000000ec6                ascii_to_shift_lut
 .progmem.data.fn_actions
                0x0000000000000f46        0x0 .build/obj_Dactylv2led_rev2_Default/quantum/keymap_common.o
                0x0000000000000f46                fn_actions
 .progmem.data.RGBLED_GRADIENT_RANGES
                0x0000000000000f46        0xa .build/obj_Dactylv2led_rev2_Default/quantum/rgblight.o
                0x0000000000000f46                RGBLED_GRADIENT_RANGES
 .progmem.data.RGBLED_KNIGHT_INTERVALS
                0x0000000000000f50        0x3 .build/obj_Dactylv2led_rev2_Default/quantum/rgblight.o
                0x0000000000000f50                RGBLED_KNIGHT_INTERVALS
 .progmem.data.RGBLED_SNAKE_INTERVALS
                0x0000000000000f53        0x3 .build/obj_Dactylv2led_rev2_Default/quantum/rgblight.o
                0x0000000000000f53                RGBLED_SNAKE_INTERVALS
 .progmem.data.RGBLED_RAINBOW_SWIRL_INTERVALS
                0x0000000000000f56        0x3 .build/obj_Dactylv2led_rev2_Default/quantum/rgblight.o
                0x0000000000000f56                RGBLED_RAINBOW_SWIRL_INTERVALS
 .progmem.data.RGBLED_RAINBOW_MOOD_INTERVALS
                0x0000000000000f59        0x3 .build/obj_Dactylv2led_rev2_Default/quantum/rgblight.o
                0x0000000000000f59                RGBLED_RAINBOW_MOOD_INTERVALS
 .progmem.data.RGBLED_BREATHING_INTERVALS
                0x0000000000000f5c        0x4 .build/obj_Dactylv2led_rev2_Default/quantum/rgblight.o
                0x0000000000000f5c                RGBLED_BREATHING_INTERVALS
 .progmem.data.CIE1931_CURVE
                0x0000000000000f60      0x100 .build/obj_Dactylv2led_rev2_Default/quantum/led_tables.o
                0x0000000000000f60                CIE1931_CURVE
 .progmem.data.SerialNumberString
                0x0000000000001060        0x6 .build/obj_Dactylv2led_rev2_Default/usb_descriptor.o
                0x0000000000001060                SerialNumberString
 .progmem.data.ProductString
                0x0000000000001066       0x10 .build/obj_Dactylv2led_rev2_Default/usb_descriptor.o
                0x0000000000001066                ProductString
 .progmem.data.ManufacturerString
                0x0000000000001076       0x18 .build/obj_Dactylv2led_rev2_Default/usb_descriptor.o
                0x0000000000001076                ManufacturerString
 .progmem.data.LanguageString
                0x000000000000108e        0x4 .build/obj_Dactylv2led_rev2_Default/usb_descriptor.o
                0x000000000000108e                LanguageString
 .progmem.data.ConfigurationDescriptor
                0x0000000000001092       0x54 .build/obj_Dactylv2led_rev2_Default/usb_descriptor.o
                0x0000000000001092                ConfigurationDescriptor
 .progmem.data.DeviceDescriptor
                0x00000000000010e6       0x12 .build/obj_Dactylv2led_rev2_Default/usb_descriptor.o
                0x00000000000010e6                DeviceDescriptor
 .progmem.data.ExtrakeyReport
                0x00000000000010f8       0x36 .build/obj_Dactylv2led_rev2_Default/usb_descriptor.o
                0x00000000000010f8                ExtrakeyReport
 .progmem.data.MouseReport
                0x000000000000112e       0x4d .build/obj_Dactylv2led_rev2_Default/usb_descriptor.o
                0x000000000000112e                MouseReport
 .progmem.data.KeyboardReport
                0x000000000000117b       0x40 .build/obj_Dactylv2led_rev2_Default/usb_descriptor.o
                0x000000000000117b                KeyboardReport
                0x00000000000011bc                . = ALIGN (0x2)
 *fill*         0x00000000000011bb        0x1 
 *(.lowtext)
 *(.lowtext*)
                0x00000000000011bc                __ctors_start = .
 *(.ctors)
                0x00000000000011bc                __ctors_end = .
                0x00000000000011bc                __dtors_start = .
 *(.dtors)
                0x00000000000011bc                __dtors_end = .
 SORT_BY_NAME(*)(.ctors)
 SORT_BY_NAME(*)(.dtors)
 *(.init0)
 .init0         0x00000000000011bc        0x0 /usr/local/Cellar/avr-gcc@8/8.3.0_1/lib/avr-gcc/8/gcc/avr/8.3.0/../../../../../../avr/lib/avr5/crtatmega32u4.o
                0x00000000000011bc                __init
 *(.init0)
 *(.init1)
 *(.init1)
 *(.init2)
 .init2         0x00000000000011bc        0xc /usr/local/Cellar/avr-gcc@8/8.3.0_1/lib/avr-gcc/8/gcc/avr/8.3.0/../../../../../../avr/lib/avr5/crtatmega32u4.o
 *(.init2)
 *(.init3)
 .init3         0x00000000000011c8       0x54 .build/obj_Dactylv2led_rev2_Default/common/avr/bootloader.o
                0x00000000000011c8                bootloader_jump_after_watchdog_reset
 *(.init3)
 *(.init4)
 .init4         0x000000000000121c       0x16 /usr/local/Cellar/avr-gcc@8/8.3.0_1/lib/avr-gcc/8/gcc/avr/8.3.0/avr5/libgcc.a(_copy_data.o)
                0x000000000000121c                __do_copy_data
 .init4         0x0000000000001232       0x10 /usr/local/Cellar/avr-gcc@8/8.3.0_1/lib/avr-gcc/8/gcc/avr/8.3.0/avr5/libgcc.a(_clear_bss.o)
                0x0000000000001232                __do_clear_bss
 *(.init4)
 *(.init5)
 *(.init5)
 *(.init6)
 *(.init6)
 *(.init7)
 *(.init7)
 *(.init8)
 *(.init8)
 *(.init9)
 .init9         0x0000000000001242        0x8 /usr/local/Cellar/avr-gcc@8/8.3.0_1/lib/avr-gcc/8/gcc/avr/8.3.0/../../../../../../avr/lib/avr5/crtatmega32u4.o
 *(.init9)
 *(.text)
 .text          0x000000000000124a        0x4 /usr/local/Cellar/avr-gcc@8/8.3.0_1/lib/avr-gcc/8/gcc/avr/8.3.0/../../../../../../avr/lib/avr5/crtatmega32u4.o
                0x000000000000124a                __vector_42
                0x000000000000124a                __vector_22
                0x000000000000124a                __vector_28
                0x000000000000124a                __vector_32
                0x000000000000124a                __vector_34
                0x000000000000124a                __vector_24
                0x000000000000124a                __bad_interrupt
                0x000000000000124a                __vector_6
                0x000000000000124a                __vector_31
                0x000000000000124a                __vector_35
                0x000000000000124a                __vector_39
                0x000000000000124a                __vector_3
                0x000000000000124a                __vector_23
                0x000000000000124a                __vector_30
                0x000000000000124a                __vector_25
                0x000000000000124a                __vector_13
                0x000000000000124a                __vector_17
                0x000000000000124a                __vector_19
                0x000000000000124a                __vector_7
                0x000000000000124a                __vector_41
                0x000000000000124a                __vector_27
                0x000000000000124a                __vector_5
                0x000000000000124a                __vector_33
                0x000000000000124a                __vector_37
                0x000000000000124a                __vector_4
                0x000000000000124a                __vector_9
                0x000000000000124a                __vector_2
                0x000000000000124a                __vector_15
                0x000000000000124a                __vector_36
                0x000000000000124a                __vector_29
                0x000000000000124a                __vector_40
                0x000000000000124a                __vector_8
                0x000000000000124a                __vector_26
                0x000000000000124a                __vector_14
                0x000000000000124a                __vector_16
                0x000000000000124a                __vector_18
                0x000000000000124a                __vector_20
                0x000000000000124a                __vector_38
                0x000000000000124e                . = ALIGN (0x2)
 *(.text.*)
 .text.matrix_scan_kb
                0x000000000000124e        0x4 .build/obj_Dactylv2led_rev2_Default/matrix.o
                0x000000000000124e                matrix_scan_kb
 .text.matrix_init
                0x0000000000001252       0x94 .build/obj_Dactylv2led_rev2_Default/matrix.o
                0x0000000000001252                matrix_init
 .text._matrix_scan
                0x00000000000012e6      0x19c .build/obj_Dactylv2led_rev2_Default/matrix.o
                0x00000000000012e6                _matrix_scan
 .text.serial_transaction
                0x0000000000001482       0x44 .build/obj_Dactylv2led_rev2_Default/matrix.o
                0x0000000000001482                serial_transaction
 .text.matrix_scan
                0x00000000000014c6       0x50 .build/obj_Dactylv2led_rev2_Default/matrix.o
                0x00000000000014c6                matrix_scan
 .text.matrix_slave_scan
                0x0000000000001516       0x30 .build/obj_Dactylv2led_rev2_Default/matrix.o
                0x0000000000001516                matrix_slave_scan
 .text.matrix_get_row
                0x0000000000001546        0xc .build/obj_Dactylv2led_rev2_Default/matrix.o
                0x0000000000001546                matrix_get_row
 .text.matrix_print
                0x0000000000001552        0x2 .build/obj_Dactylv2led_rev2_Default/matrix.o
                0x0000000000001552                matrix_print
 .text.has_usb  0x0000000000001554       0x1a .build/obj_Dactylv2led_rev2_Default/split_util.o
                0x0000000000001554                has_usb
 .text.split_keyboard_setup
                0x000000000000156e       0x2e .build/obj_Dactylv2led_rev2_Default/split_util.o
                0x000000000000156e                split_keyboard_setup
 .text.keyboard_slave_loop
                0x000000000000159c        0xa .build/obj_Dactylv2led_rev2_Default/split_util.o
                0x000000000000159c                keyboard_slave_loop
 .text.matrix_setup
                0x00000000000015a6       0x12 .build/obj_Dactylv2led_rev2_Default/split_util.o
                0x00000000000015a6                matrix_setup
 .text.serial_output
                0x00000000000015b8        0x4 .build/obj_Dactylv2led_rev2_Default/serial.o
 .text.serial_input
                0x00000000000015bc        0x6 .build/obj_Dactylv2led_rev2_Default/serial.o
 .text.serial_high
                0x00000000000015c2        0x4 .build/obj_Dactylv2led_rev2_Default/serial.o
 .text.sync_recv
                0x00000000000015c6       0x10 .build/obj_Dactylv2led_rev2_Default/serial.o
 .text.serial_read_byte
                0x00000000000015d6       0x24 .build/obj_Dactylv2led_rev2_Default/serial.o
 .text.serial_write_byte
                0x00000000000015fa       0x3e .build/obj_Dactylv2led_rev2_Default/serial.o
 .text.sync_send
                0x0000000000001638       0x10 .build/obj_Dactylv2led_rev2_Default/serial.o
 .text.serial_master_init
                0x0000000000001648        0x8 .build/obj_Dactylv2led_rev2_Default/serial.o
                0x0000000000001648                serial_master_init
 .text.serial_slave_init
                0x0000000000001650       0x12 .build/obj_Dactylv2led_rev2_Default/serial.o
                0x0000000000001650                serial_slave_init
 .text.__vector_1
                0x0000000000001662       0xca .build/obj_Dactylv2led_rev2_Default/serial.o
                0x0000000000001662                __vector_1
 .text.serial_update_buffers
                0x000000000000172c       0xa2 .build/obj_Dactylv2led_rev2_Default/serial.o
                0x000000000000172c                serial_update_buffers
 .text.matrix_init_kb
                0x00000000000017ce        0x4 .build/obj_Dactylv2led_rev2_Default/keyboards/Dactylv2led/rev2/rev2.o
                0x00000000000017ce                matrix_init_kb
 .text.cmd_commands
                0x00000000000017d2       0x20 .build/obj_Dactylv2led_rev2_Default/keyboards/Dactylv2led/keymaps/Default/keymap.o
                0x00000000000017d2                cmd_commands
 .text.cmd      0x00000000000017f2       0x20 .build/obj_Dactylv2led_rev2_Default/keyboards/Dactylv2led/keymaps/Default/keymap.o
                0x00000000000017f2                cmd
 .text.VirtualDesktop
                0x0000000000001812       0x1c .build/obj_Dactylv2led_rev2_Default/keyboards/Dactylv2led/keymaps/Default/keymap.o
                0x0000000000001812                VirtualDesktop
 .text.SLSH_BSLSH
                0x000000000000182e       0x1e .build/obj_Dactylv2led_rev2_Default/keyboards/Dactylv2led/keymaps/Default/keymap.o
                0x000000000000182e                SLSH_BSLSH
 .text.persistent_default_layer_set
                0x000000000000184c       0x18 .build/obj_Dactylv2led_rev2_Default/keyboards/Dactylv2led/keymaps/Default/keymap.o
                0x000000000000184c                persistent_default_layer_set
 .text.action_get_macro
                0x0000000000001864      0x112 .build/obj_Dactylv2led_rev2_Default/keyboards/Dactylv2led/keymaps/Default/keymap.o
                0x0000000000001864                action_get_macro
 .text.matrix_init_user
                0x0000000000001976        0x2 .build/obj_Dactylv2led_rev2_Default/keyboards/Dactylv2led/keymaps/Default/keymap.o
                0x0000000000001976                matrix_init_user
 .text.matrix_scan_user
                0x0000000000001978        0x2 .build/obj_Dactylv2led_rev2_Default/keyboards/Dactylv2led/keymaps/Default/keymap.o
                0x0000000000001978                matrix_scan_user
 .text.process_record_user
                0x000000000000197a       0xa0 .build/obj_Dactylv2led_rev2_Default/keyboards/Dactylv2led/keymaps/Default/keymap.o
                0x000000000000197a                process_record_user
 .text.process_action_kb
                0x0000000000001a1a        0x4 .build/obj_Dactylv2led_rev2_Default/quantum/quantum.o
                0x0000000000001a1a                process_action_kb
 .text.process_record_kb
                0x0000000000001a1e        0x4 .build/obj_Dactylv2led_rev2_Default/quantum/quantum.o
                0x0000000000001a1e                process_record_kb
 .text.reset_keyboard
                0x0000000000001a22       0x26 .build/obj_Dactylv2led_rev2_Default/quantum/quantum.o
                0x0000000000001a22                reset_keyboard
 .text.process_record_quantum
                0x0000000000001a48      0x536 .build/obj_Dactylv2led_rev2_Default/quantum/quantum.o
                0x0000000000001a48                process_record_quantum
 .text.send_char
                0x0000000000001f7e       0x3c .build/obj_Dactylv2led_rev2_Default/quantum/quantum.o
                0x0000000000001f7e                send_char
 .text.send_string_with_delay_P
                0x0000000000001fba       0x74 .build/obj_Dactylv2led_rev2_Default/quantum/quantum.o
                0x0000000000001fba                send_string_with_delay_P
 .text.send_string_P
                0x000000000000202e        0x6 .build/obj_Dactylv2led_rev2_Default/quantum/quantum.o
                0x000000000000202e                send_string_P
 .text.update_tri_layer_state
                0x0000000000002034       0xa8 .build/obj_Dactylv2led_rev2_Default/quantum/quantum.o
                0x0000000000002034                update_tri_layer_state
 .text.update_tri_layer
                0x00000000000020dc       0x24 .build/obj_Dactylv2led_rev2_Default/quantum/quantum.o
                0x00000000000020dc                update_tri_layer
 .text.matrix_init_quantum
                0x0000000000002100        0x4 .build/obj_Dactylv2led_rev2_Default/quantum/quantum.o
                0x0000000000002100                matrix_init_quantum
 .text.matrix_scan_quantum
                0x0000000000002104        0x8 .build/obj_Dactylv2led_rev2_Default/quantum/quantum.o
                0x0000000000002104                matrix_scan_quantum
 .text.led_set_user
                0x000000000000210c        0x2 .build/obj_Dactylv2led_rev2_Default/quantum/quantum.o
                0x000000000000210c                led_set_user
 .text.led_set_kb
                0x000000000000210e        0x4 .build/obj_Dactylv2led_rev2_Default/quantum/quantum.o
                0x000000000000210e                led_set_kb
 .text.led_set  0x0000000000002112        0x4 .build/obj_Dactylv2led_rev2_Default/quantum/quantum.o
                0x0000000000002112                led_set
 .text.action_function
                0x0000000000002116        0x2 .build/obj_Dactylv2led_rev2_Default/quantum/keymap_common.o
                0x0000000000002116                action_function
 .text.keymap_key_to_keycode
                0x0000000000002118       0x28 .build/obj_Dactylv2led_rev2_Default/quantum/keymap_common.o
                0x0000000000002118                keymap_key_to_keycode
 .text.keymap_function_id_to_action
                0x0000000000002140       0x10 .build/obj_Dactylv2led_rev2_Default/quantum/keymap_common.o
                0x0000000000002140                keymap_function_id_to_action
 .text.action_for_key
                0x0000000000002150      0x340 .build/obj_Dactylv2led_rev2_Default/quantum/keymap_common.o
                0x0000000000002150                action_for_key
 .text.keycode_config
                0x0000000000002490       0xf6 .build/obj_Dactylv2led_rev2_Default/quantum/keycode_config.o
                0x0000000000002490                keycode_config
 .text.mod_config
                0x0000000000002586       0x46 .build/obj_Dactylv2led_rev2_Default/quantum/keycode_config.o
                0x0000000000002586                mod_config
 .text.leader_start
                0x00000000000025cc        0x2 .build/obj_Dactylv2led_rev2_Default/quantum/process_keycode/process_leader.o
                0x00000000000025cc                leader_start
 .text.process_leader
                0x00000000000025ce       0x9e .build/obj_Dactylv2led_rev2_Default/quantum/process_keycode/process_leader.o
                0x00000000000025ce                process_leader
 .text.sethsv   0x000000000000266c       0xea .build/obj_Dactylv2led_rev2_Default/quantum/rgblight.o
                0x000000000000266c                sethsv
 .text.eeconfig_read_rgblight
                0x0000000000002756        0x8 .build/obj_Dactylv2led_rev2_Default/quantum/rgblight.o
                0x0000000000002756                eeconfig_read_rgblight
 .text.eeconfig_update_rgblight
                0x000000000000275e        0xc .build/obj_Dactylv2led_rev2_Default/quantum/rgblight.o
                0x000000000000275e                eeconfig_update_rgblight
 .text.eeconfig_update_rgblight_default
                0x000000000000276a       0x1e .build/obj_Dactylv2led_rev2_Default/quantum/rgblight.o
                0x000000000000276a                eeconfig_update_rgblight_default
 .text.rgblight_get_mode
                0x0000000000002788       0x1c .build/obj_Dactylv2led_rev2_Default/quantum/rgblight.o
                0x0000000000002788                rgblight_get_mode
 .text.rgblight_increase_speed
                0x00000000000027a4       0x2a .build/obj_Dactylv2led_rev2_Default/quantum/rgblight.o
                0x00000000000027a4                rgblight_increase_speed
 .text.rgblight_decrease_speed
                0x00000000000027ce       0x32 .build/obj_Dactylv2led_rev2_Default/quantum/rgblight.o
                0x00000000000027ce                rgblight_decrease_speed
 .text.rgblight_set
                0x0000000000002800       0x2a .build/obj_Dactylv2led_rev2_Default/quantum/rgblight.o
                0x0000000000002800                rgblight_set
 .text.rgblight_setrgb
                0x000000000000282a       0x22 .build/obj_Dactylv2led_rev2_Default/quantum/rgblight.o
                0x000000000000282a                rgblight_setrgb
 .text.rgblight_sethsv_noeeprom
                0x000000000000284c       0x96 .build/obj_Dactylv2led_rev2_Default/quantum/rgblight.o
                0x000000000000284c                rgblight_sethsv_noeeprom
 .text.rgblight_sethsv
                0x00000000000028e2      0x164 .build/obj_Dactylv2led_rev2_Default/quantum/rgblight.o
                0x00000000000028e2                rgblight_sethsv
 .text.rgblight_increase_hue
                0x0000000000002a46       0x30 .build/obj_Dactylv2led_rev2_Default/quantum/rgblight.o
                0x0000000000002a46                rgblight_increase_hue
 .text.rgblight_decrease_hue
                0x0000000000002a76       0x3e .build/obj_Dactylv2led_rev2_Default/quantum/rgblight.o
                0x0000000000002a76                rgblight_decrease_hue
 .text.rgblight_increase_sat
                0x0000000000002ab4       0x30 .build/obj_Dactylv2led_rev2_Default/quantum/rgblight.o
                0x0000000000002ab4                rgblight_increase_sat
 .text.rgblight_decrease_sat
                0x0000000000002ae4       0x30 .build/obj_Dactylv2led_rev2_Default/quantum/rgblight.o
                0x0000000000002ae4                rgblight_decrease_sat
 .text.rgblight_increase_val
                0x0000000000002b14       0x30 .build/obj_Dactylv2led_rev2_Default/quantum/rgblight.o
                0x0000000000002b14                rgblight_increase_val
 .text.rgblight_decrease_val
                0x0000000000002b44       0x30 .build/obj_Dactylv2led_rev2_Default/quantum/rgblight.o
                0x0000000000002b44                rgblight_decrease_val
 .text.rgblight_mode
                0x0000000000002b74       0x8e .build/obj_Dactylv2led_rev2_Default/quantum/rgblight.o
                0x0000000000002b74                rgblight_mode
 .text.rgblight_init
                0x0000000000002c02       0x68 .build/obj_Dactylv2led_rev2_Default/quantum/rgblight.o
                0x0000000000002c02                rgblight_init
 .text.rgblight_step
                0x0000000000002c6a       0x14 .build/obj_Dactylv2led_rev2_Default/quantum/rgblight.o
                0x0000000000002c6a                rgblight_step
 .text.rgblight_step_reverse
                0x0000000000002c7e       0x12 .build/obj_Dactylv2led_rev2_Default/quantum/rgblight.o
                0x0000000000002c7e                rgblight_step_reverse
 .text.rgblight_enable
                0x0000000000002c90       0x28 .build/obj_Dactylv2led_rev2_Default/quantum/rgblight.o
                0x0000000000002c90                rgblight_enable
 .text.rgblight_disable
                0x0000000000002cb8       0x30 .build/obj_Dactylv2led_rev2_Default/quantum/rgblight.o
                0x0000000000002cb8                rgblight_disable
 .text.rgblight_toggle
                0x0000000000002ce8        0xe .build/obj_Dactylv2led_rev2_Default/quantum/rgblight.o
                0x0000000000002ce8                rgblight_toggle
 .text.rgblight_effect_breathing
                0x0000000000002cf6       0xac .build/obj_Dactylv2led_rev2_Default/quantum/rgblight.o
                0x0000000000002cf6                rgblight_effect_breathing
 .text.rgblight_effect_rainbow_mood
                0x0000000000002da2       0x60 .build/obj_Dactylv2led_rev2_Default/quantum/rgblight.o
                0x0000000000002da2                rgblight_effect_rainbow_mood
 .text.rgblight_effect_rainbow_swirl
                0x0000000000002e02       0xae .build/obj_Dactylv2led_rev2_Default/quantum/rgblight.o
                0x0000000000002e02                rgblight_effect_rainbow_swirl
 .text.rgblight_effect_snake
                0x0000000000002eb0      0x100 .build/obj_Dactylv2led_rev2_Default/quantum/rgblight.o
                0x0000000000002eb0                rgblight_effect_snake
 .text.rgblight_effect_knight
                0x0000000000002fb0       0xe0 .build/obj_Dactylv2led_rev2_Default/quantum/rgblight.o
                0x0000000000002fb0                rgblight_effect_knight
 .text.rgblight_effect_christmas
                0x0000000000003090       0x9e .build/obj_Dactylv2led_rev2_Default/quantum/rgblight.o
                0x0000000000003090                rgblight_effect_christmas
 .text.rgblight_task
                0x000000000000312e       0x6e .build/obj_Dactylv2led_rev2_Default/quantum/rgblight.o
                0x000000000000312e                rgblight_task
 .text.ws2812_sendarray_mask
                0x000000000000319c       0x44 .build/obj_Dactylv2led_rev2_Default/ws2812.o
                0x000000000000319c                ws2812_sendarray_mask
 .text.ws2812_setleds_pin
                0x00000000000031e0       0x22 .build/obj_Dactylv2led_rev2_Default/ws2812.o
                0x00000000000031e0                ws2812_setleds_pin
 .text.ws2812_setleds
                0x0000000000003202        0x6 .build/obj_Dactylv2led_rev2_Default/ws2812.o
                0x0000000000003202                ws2812_setleds
 .text.process_tap_dance_action_on_dance_finished.part.0
                0x0000000000003208       0x36 .build/obj_Dactylv2led_rev2_Default/quantum/process_keycode/process_tap_dance.o
 .text.reset_tap_dance
                0x000000000000323e       0x86 .build/obj_Dactylv2led_rev2_Default/quantum/process_keycode/process_tap_dance.o
                0x000000000000323e                reset_tap_dance
 .text.preprocess_tap_dance
                0x00000000000032c4       0x88 .build/obj_Dactylv2led_rev2_Default/quantum/process_keycode/process_tap_dance.o
                0x00000000000032c4                preprocess_tap_dance
 .text.process_tap_dance
                0x000000000000334c       0xb4 .build/obj_Dactylv2led_rev2_Default/quantum/process_keycode/process_tap_dance.o
                0x000000000000334c                process_tap_dance
 .text.matrix_scan_tap_dance
                0x0000000000003400       0x9e .build/obj_Dactylv2led_rev2_Default/quantum/process_keycode/process_tap_dance.o
                0x0000000000003400                matrix_scan_tap_dance
 .text.host_set_driver
                0x000000000000349e        0xa .build/obj_Dactylv2led_rev2_Default/common/host.o
                0x000000000000349e                host_set_driver
 .text.host_keyboard_leds
                0x00000000000034a8       0x18 .build/obj_Dactylv2led_rev2_Default/common/host.o
                0x00000000000034a8                host_keyboard_leds
 .text.host_keyboard_send
                0x00000000000034c0       0x16 .build/obj_Dactylv2led_rev2_Default/common/host.o
                0x00000000000034c0                host_keyboard_send
 .text.host_mouse_send
                0x00000000000034d6       0x16 .build/obj_Dactylv2led_rev2_Default/common/host.o
                0x00000000000034d6                host_mouse_send
 .text.host_system_send
                0x00000000000034ec       0x2c .build/obj_Dactylv2led_rev2_Default/common/host.o
                0x00000000000034ec                host_system_send
 .text.host_consumer_send
                0x0000000000003518       0x2c .build/obj_Dactylv2led_rev2_Default/common/host.o
                0x0000000000003518                host_consumer_send
 .text.keyboard_setup
                0x0000000000003544        0x4 .build/obj_Dactylv2led_rev2_Default/common/keyboard.o
                0x0000000000003544                keyboard_setup
 .text.is_keyboard_master
                0x0000000000003548        0x4 .build/obj_Dactylv2led_rev2_Default/common/keyboard.o
                0x0000000000003548                is_keyboard_master
 .text.keyboard_init
                0x000000000000354c       0x10 .build/obj_Dactylv2led_rev2_Default/common/keyboard.o
                0x000000000000354c                keyboard_init
 .text.keyboard_task
                0x000000000000355c      0x154 .build/obj_Dactylv2led_rev2_Default/common/keyboard.o
                0x000000000000355c                keyboard_task
 .text.action_exec
                0x00000000000036b0       0x54 .build/obj_Dactylv2led_rev2_Default/common/action.o
                0x00000000000036b0                action_exec
 .text.process_record_tap_hint
                0x0000000000003704        0xa .build/obj_Dactylv2led_rev2_Default/common/action.o
                0x0000000000003704                process_record_tap_hint
 .text.register_code
                0x000000000000370e      0x1b6 .build/obj_Dactylv2led_rev2_Default/common/action.o
                0x000000000000370e                register_code
 .text.unregister_code
                0x00000000000038c4       0x9e .build/obj_Dactylv2led_rev2_Default/common/action.o
                0x00000000000038c4                unregister_code
 .text.register_mods
                0x0000000000003962        0xe .build/obj_Dactylv2led_rev2_Default/common/action.o
                0x0000000000003962                register_mods
 .text.unregister_mods
                0x0000000000003970        0xe .build/obj_Dactylv2led_rev2_Default/common/action.o
                0x0000000000003970                unregister_mods
 .text.process_action
                0x000000000000397e      0x4b4 .build/obj_Dactylv2led_rev2_Default/common/action.o
                0x000000000000397e                process_action
 .text.process_record
                0x0000000000003e32       0x54 .build/obj_Dactylv2led_rev2_Default/common/action.o
                0x0000000000003e32                process_record
 .text.clear_keyboard_but_mods
                0x0000000000003e86       0x28 .build/obj_Dactylv2led_rev2_Default/common/action.o
                0x0000000000003e86                clear_keyboard_but_mods
 .text.clear_keyboard
                0x0000000000003eae        0x8 .build/obj_Dactylv2led_rev2_Default/common/action.o
                0x0000000000003eae                clear_keyboard
 .text.is_tap_key
                0x0000000000003eb6       0x42 .build/obj_Dactylv2led_rev2_Default/common/action.o
                0x0000000000003eb6                is_tap_key
 .text.debug_event
                0x0000000000003ef8       0x1e .build/obj_Dactylv2led_rev2_Default/common/action.o
                0x0000000000003ef8                debug_event
 .text.debug_record
                0x0000000000003f16       0x20 .build/obj_Dactylv2led_rev2_Default/common/action.o
                0x0000000000003f16                debug_record
 .text.debug_waiting_buffer
                0x0000000000003f36       0x42 .build/obj_Dactylv2led_rev2_Default/common/action_tapping.o
 .text.debug_tapping_key
                0x0000000000003f78       0x1c .build/obj_Dactylv2led_rev2_Default/common/action_tapping.o
 .text.waiting_buffer_typed.isra.1
                0x0000000000003f94       0x40 .build/obj_Dactylv2led_rev2_Default/common/action_tapping.o
 .text.waiting_buffer_scan_tap
                0x0000000000003fd4       0xc8 .build/obj_Dactylv2led_rev2_Default/common/action_tapping.o
 .text.process_tapping
                0x000000000000409c      0x3be .build/obj_Dactylv2led_rev2_Default/common/action_tapping.o
 .text.action_tapping_process
                0x000000000000445a      0x134 .build/obj_Dactylv2led_rev2_Default/common/action_tapping.o
                0x000000000000445a                action_tapping_process
 .text.action_macro_play
                0x000000000000458e       0xf0 .build/obj_Dactylv2led_rev2_Default/common/action_macro.o
                0x000000000000458e                action_macro_play
 .text.default_layer_state_set_kb
                0x000000000000467e        0x2 .build/obj_Dactylv2led_rev2_Default/common/action_layer.o
                0x000000000000467e                default_layer_state_set_kb
 .text.default_layer_state_set
                0x0000000000004680       0x18 .build/obj_Dactylv2led_rev2_Default/common/action_layer.o
 .text.default_layer_debug
                0x0000000000004698        0x2 .build/obj_Dactylv2led_rev2_Default/common/action_layer.o
                0x0000000000004698                default_layer_debug
 .text.default_layer_set
                0x000000000000469a        0x4 .build/obj_Dactylv2led_rev2_Default/common/action_layer.o
                0x000000000000469a                default_layer_set
 .text.default_layer_or
                0x000000000000469e       0x24 .build/obj_Dactylv2led_rev2_Default/common/action_layer.o
                0x000000000000469e                default_layer_or
 .text.default_layer_and
                0x00000000000046c2       0x24 .build/obj_Dactylv2led_rev2_Default/common/action_layer.o
                0x00000000000046c2                default_layer_and
 .text.default_layer_xor
                0x00000000000046e6       0x24 .build/obj_Dactylv2led_rev2_Default/common/action_layer.o
                0x00000000000046e6                default_layer_xor
 .text.layer_state_set_user
                0x000000000000470a        0x4 .build/obj_Dactylv2led_rev2_Default/common/action_layer.o
                0x000000000000470a                layer_state_set_user
 .text.layer_state_set_kb
                0x000000000000470e        0x4 .build/obj_Dactylv2led_rev2_Default/common/action_layer.o
                0x000000000000470e                layer_state_set_kb
 .text.layer_state_set
                0x0000000000004712       0x18 .build/obj_Dactylv2led_rev2_Default/common/action_layer.o
                0x0000000000004712                layer_state_set
 .text.layer_clear
                0x000000000000472a        0xa .build/obj_Dactylv2led_rev2_Default/common/action_layer.o
                0x000000000000472a                layer_clear
 .text.layer_move
                0x0000000000004734       0x2a .build/obj_Dactylv2led_rev2_Default/common/action_layer.o
                0x0000000000004734                layer_move
 .text.layer_on
                0x000000000000475e       0x42 .build/obj_Dactylv2led_rev2_Default/common/action_layer.o
                0x000000000000475e                layer_on
 .text.layer_off
                0x00000000000047a0       0x46 .build/obj_Dactylv2led_rev2_Default/common/action_layer.o
                0x00000000000047a0                layer_off
 .text.layer_invert
                0x00000000000047e6       0x42 .build/obj_Dactylv2led_rev2_Default/common/action_layer.o
                0x00000000000047e6                layer_invert
 .text.layer_or
                0x0000000000004828       0x24 .build/obj_Dactylv2led_rev2_Default/common/action_layer.o
                0x0000000000004828                layer_or
 .text.layer_and
                0x000000000000484c       0x24 .build/obj_Dactylv2led_rev2_Default/common/action_layer.o
                0x000000000000484c                layer_and
 .text.layer_xor
                0x0000000000004870       0x24 .build/obj_Dactylv2led_rev2_Default/common/action_layer.o
                0x0000000000004870                layer_xor
 .text.layer_debug
                0x0000000000004894        0x2 .build/obj_Dactylv2led_rev2_Default/common/action_layer.o
                0x0000000000004894                layer_debug
 .text.layer_switch_get_layer
                0x0000000000004896       0x84 .build/obj_Dactylv2led_rev2_Default/common/action_layer.o
                0x0000000000004896                layer_switch_get_layer
 .text.layer_switch_get_action
                0x000000000000491a       0x14 .build/obj_Dactylv2led_rev2_Default/common/action_layer.o
                0x000000000000491a                layer_switch_get_action
 .text.store_or_get_action
                0x000000000000492e        0x6 .build/obj_Dactylv2led_rev2_Default/common/action_layer.o
                0x000000000000492e                store_or_get_action
 .text.add_key  0x0000000000004934        0xe .build/obj_Dactylv2led_rev2_Default/common/action_util.o
                0x0000000000004934                add_key
 .text.del_key  0x0000000000004942        0xe .build/obj_Dactylv2led_rev2_Default/common/action_util.o
                0x0000000000004942                del_key
 .text.clear_keys
                0x0000000000004950        0xc .build/obj_Dactylv2led_rev2_Default/common/action_util.o
                0x0000000000004950                clear_keys
 .text.get_oneshot_layer
                0x000000000000495c        0xc .build/obj_Dactylv2led_rev2_Default/common/action_util.o
                0x000000000000495c                get_oneshot_layer
 .text.get_oneshot_layer_state
                0x0000000000004968        0x8 .build/obj_Dactylv2led_rev2_Default/common/action_util.o
                0x0000000000004968                get_oneshot_layer_state
 .text.set_oneshot_layer
                0x0000000000004970       0x12 .build/obj_Dactylv2led_rev2_Default/common/action_util.o
                0x0000000000004970                set_oneshot_layer
 .text.clear_oneshot_layer_state
                0x0000000000004982       0x2c .build/obj_Dactylv2led_rev2_Default/common/action_util.o
                0x0000000000004982                clear_oneshot_layer_state
 .text.is_oneshot_layer_active
                0x00000000000049ae        0xe .build/obj_Dactylv2led_rev2_Default/common/action_util.o
                0x00000000000049ae                is_oneshot_layer_active
 .text.send_keyboard_report
                0x00000000000049bc       0x66 .build/obj_Dactylv2led_rev2_Default/common/action_util.o
                0x00000000000049bc                send_keyboard_report
 .text.get_mods
                0x0000000000004a22        0x6 .build/obj_Dactylv2led_rev2_Default/common/action_util.o
                0x0000000000004a22                get_mods
 .text.add_mods
                0x0000000000004a28        0xc .build/obj_Dactylv2led_rev2_Default/common/action_util.o
                0x0000000000004a28                add_mods
 .text.del_mods
                0x0000000000004a34        0xe .build/obj_Dactylv2led_rev2_Default/common/action_util.o
                0x0000000000004a34                del_mods
 .text.clear_mods
                0x0000000000004a42        0x6 .build/obj_Dactylv2led_rev2_Default/common/action_util.o
                0x0000000000004a42                clear_mods
 .text.get_weak_mods
                0x0000000000004a48        0x6 .build/obj_Dactylv2led_rev2_Default/common/action_util.o
                0x0000000000004a48                get_weak_mods
 .text.add_weak_mods
                0x0000000000004a4e        0xc .build/obj_Dactylv2led_rev2_Default/common/action_util.o
                0x0000000000004a4e                add_weak_mods
 .text.del_weak_mods
                0x0000000000004a5a        0xe .build/obj_Dactylv2led_rev2_Default/common/action_util.o
                0x0000000000004a5a                del_weak_mods
 .text.clear_weak_mods
                0x0000000000004a68        0x6 .build/obj_Dactylv2led_rev2_Default/common/action_util.o
                0x0000000000004a68                clear_weak_mods
 .text.add_macro_mods
                0x0000000000004a6e        0xc .build/obj_Dactylv2led_rev2_Default/common/action_util.o
                0x0000000000004a6e                add_macro_mods
 .text.del_macro_mods
                0x0000000000004a7a        0xe .build/obj_Dactylv2led_rev2_Default/common/action_util.o
                0x0000000000004a7a                del_macro_mods
 .text.clear_macro_mods
                0x0000000000004a88        0x6 .build/obj_Dactylv2led_rev2_Default/common/action_util.o
                0x0000000000004a88                clear_macro_mods
 .text.set_oneshot_mods
                0x0000000000004a8e        0x6 .build/obj_Dactylv2led_rev2_Default/common/action_util.o
                0x0000000000004a8e                set_oneshot_mods
 .text.clear_oneshot_mods
                0x0000000000004a94        0x6 .build/obj_Dactylv2led_rev2_Default/common/action_util.o
                0x0000000000004a94                clear_oneshot_mods
 .text.get_oneshot_mods
                0x0000000000004a9a        0x6 .build/obj_Dactylv2led_rev2_Default/common/action_util.o
                0x0000000000004a9a                get_oneshot_mods
 .text.eeconfig_init
                0x0000000000004aa0       0x42 .build/obj_Dactylv2led_rev2_Default/common/eeconfig.o
                0x0000000000004aa0                eeconfig_init
 .text.eeconfig_is_enabled
                0x0000000000004ae2       0x16 .build/obj_Dactylv2led_rev2_Default/common/eeconfig.o
                0x0000000000004ae2                eeconfig_is_enabled
 .text.eeconfig_read_debug
                0x0000000000004af8        0x8 .build/obj_Dactylv2led_rev2_Default/common/eeconfig.o
                0x0000000000004af8                eeconfig_read_debug
 .text.eeconfig_read_default_layer
                0x0000000000004b00        0x8 .build/obj_Dactylv2led_rev2_Default/common/eeconfig.o
                0x0000000000004b00                eeconfig_read_default_layer
 .text.eeconfig_update_default_layer
                0x0000000000004b08        0xa .build/obj_Dactylv2led_rev2_Default/common/eeconfig.o
                0x0000000000004b08                eeconfig_update_default_layer
 .text.eeconfig_read_keymap
                0x0000000000004b12        0x8 .build/obj_Dactylv2led_rev2_Default/common/eeconfig.o
                0x0000000000004b12                eeconfig_read_keymap
 .text.eeconfig_update_keymap
                0x0000000000004b1a        0xa .build/obj_Dactylv2led_rev2_Default/common/eeconfig.o
                0x0000000000004b1a                eeconfig_update_keymap
 .text.has_anykey
                0x0000000000004b24       0x1a .build/obj_Dactylv2led_rev2_Default/common/report.o
                0x0000000000004b24                has_anykey
 .text.add_key_byte
                0x0000000000004b3e       0x34 .build/obj_Dactylv2led_rev2_Default/common/report.o
                0x0000000000004b3e                add_key_byte
 .text.del_key_byte
                0x0000000000004b72       0x1a .build/obj_Dactylv2led_rev2_Default/common/report.o
                0x0000000000004b72                del_key_byte
 .text.add_key_to_report
                0x0000000000004b8c        0x4 .build/obj_Dactylv2led_rev2_Default/common/report.o
                0x0000000000004b8c                add_key_to_report
 .text.del_key_from_report
                0x0000000000004b90        0x4 .build/obj_Dactylv2led_rev2_Default/common/report.o
                0x0000000000004b90                del_key_from_report
 .text.clear_keys_from_report
                0x0000000000004b94       0x12 .build/obj_Dactylv2led_rev2_Default/common/report.o
                0x0000000000004b94                clear_keys_from_report
 .text.suspend_power_down
                0x0000000000004ba6       0x58 .build/obj_Dactylv2led_rev2_Default/common/avr/suspend.o
                0x0000000000004ba6                suspend_power_down
 .text.matrix_power_up
                0x0000000000004bfe        0x2 .build/obj_Dactylv2led_rev2_Default/common/avr/suspend.o
                0x0000000000004bfe                matrix_power_up
 .text.matrix_power_down
                0x0000000000004c00        0x2 .build/obj_Dactylv2led_rev2_Default/common/avr/suspend.o
                0x0000000000004c00                matrix_power_down
 .text.suspend_wakeup_condition
                0x0000000000004c02       0x28 .build/obj_Dactylv2led_rev2_Default/common/avr/suspend.o
                0x0000000000004c02                suspend_wakeup_condition
 .text.suspend_wakeup_init
                0x0000000000004c2a        0xc .build/obj_Dactylv2led_rev2_Default/common/avr/suspend.o
                0x0000000000004c2a                suspend_wakeup_init
 .text.__vector_12
                0x0000000000004c36       0x4e .build/obj_Dactylv2led_rev2_Default/common/avr/suspend.o
                0x0000000000004c36                __vector_12
 .text.timer_init
                0x0000000000004c84       0x12 .build/obj_Dactylv2led_rev2_Default/common/avr/timer.o
                0x0000000000004c84                timer_init
 .text.timer_read
                0x0000000000004c96       0x18 .build/obj_Dactylv2led_rev2_Default/common/avr/timer.o
                0x0000000000004c96                timer_read
 .text.timer_elapsed
                0x0000000000004cae       0x54 .build/obj_Dactylv2led_rev2_Default/common/avr/timer.o
                0x0000000000004cae                timer_elapsed
 .text.__vector_21
                0x0000000000004d02       0x48 .build/obj_Dactylv2led_rev2_Default/common/avr/timer.o
                0x0000000000004d02                __vector_21
 .text.bootloader_jump
                0x0000000000004d4a       0x22 .build/obj_Dactylv2led_rev2_Default/common/avr/bootloader.o
                0x0000000000004d4a                bootloader_jump
 .text.magic    0x0000000000004d6c       0x32 .build/obj_Dactylv2led_rev2_Default/common/magic.o
                0x0000000000004d6c                magic
 .text.move_unit
                0x0000000000004d9e       0x94 .build/obj_Dactylv2led_rev2_Default/common/mousekey.o
 .text.wheel_unit
                0x0000000000004e32       0x72 .build/obj_Dactylv2led_rev2_Default/common/mousekey.o
 .text.mousekey_on
                0x0000000000004ea4       0xd0 .build/obj_Dactylv2led_rev2_Default/common/mousekey.o
                0x0000000000004ea4                mousekey_on
 .text.mousekey_off
                0x0000000000004f74       0xfe .build/obj_Dactylv2led_rev2_Default/common/mousekey.o
                0x0000000000004f74                mousekey_off
 .text.mousekey_send
                0x0000000000005072       0x16 .build/obj_Dactylv2led_rev2_Default/common/mousekey.o
                0x0000000000005072                mousekey_send
 .text.mousekey_task
                0x0000000000005088      0x114 .build/obj_Dactylv2led_rev2_Default/common/mousekey.o
                0x0000000000005088                mousekey_task
 .text.mousekey_clear
                0x000000000000519c       0x18 .build/obj_Dactylv2led_rev2_Default/common/mousekey.o
                0x000000000000519c                mousekey_clear
 .text.mousekey_param_inc
                0x00000000000051b4       0xec .build/obj_Dactylv2led_rev2_Default/common/command.o
 .text.mousekey_param_dec
                0x00000000000052a0       0xa0 .build/obj_Dactylv2led_rev2_Default/common/command.o
 .text.switch_default_layer
                0x0000000000005340       0x2e .build/obj_Dactylv2led_rev2_Default/common/command.o
 .text.command_common
                0x000000000000536e      0x100 .build/obj_Dactylv2led_rev2_Default/common/command.o
 .text.command_extra
                0x000000000000546e        0x4 .build/obj_Dactylv2led_rev2_Default/common/command.o
                0x000000000000546e                command_extra
 .text.command_console_extra
                0x0000000000005472        0x4 .build/obj_Dactylv2led_rev2_Default/common/command.o
                0x0000000000005472                command_console_extra
 .text.numkey2num
                0x0000000000005476       0x16 .build/obj_Dactylv2led_rev2_Default/common/command.o
                0x0000000000005476                numkey2num
 .text.command_proc
                0x000000000000548c      0x11e .build/obj_Dactylv2led_rev2_Default/common/command.o
                0x000000000000548c                command_proc
 .text.keyboard_leds
                0x00000000000055aa        0x6 .build/obj_Dactylv2led_rev2_Default/lufa.o
 .text.send_consumer
                0x00000000000055b0       0x74 .build/obj_Dactylv2led_rev2_Default/lufa.o
 .text.send_system
                0x0000000000005624       0x6c .build/obj_Dactylv2led_rev2_Default/lufa.o
 .text.send_mouse
                0x0000000000005690       0x56 .build/obj_Dactylv2led_rev2_Default/lufa.o
 .text.send_keyboard
                0x00000000000056e6       0x66 .build/obj_Dactylv2led_rev2_Default/lufa.o
 .text.EVENT_USB_Device_Connect
                0x000000000000574c       0x1c .build/obj_Dactylv2led_rev2_Default/lufa.o
                0x000000000000574c                EVENT_USB_Device_Connect
 .text.EVENT_USB_Device_Disconnect
                0x0000000000005768        0x6 .build/obj_Dactylv2led_rev2_Default/lufa.o
                0x0000000000005768                EVENT_USB_Device_Disconnect
 .text.EVENT_USB_Device_Reset
                0x000000000000576e        0x2 .build/obj_Dactylv2led_rev2_Default/lufa.o
                0x000000000000576e                EVENT_USB_Device_Reset
 .text.EVENT_USB_Device_Suspend
                0x0000000000005770        0x2 .build/obj_Dactylv2led_rev2_Default/lufa.o
                0x0000000000005770                EVENT_USB_Device_Suspend
 .text.EVENT_USB_Device_WakeUp
                0x0000000000005772        0x4 .build/obj_Dactylv2led_rev2_Default/lufa.o
                0x0000000000005772                EVENT_USB_Device_WakeUp
 .text.EVENT_USB_Device_ConfigurationChanged
                0x0000000000005776       0x1e .build/obj_Dactylv2led_rev2_Default/lufa.o
                0x0000000000005776                EVENT_USB_Device_ConfigurationChanged
 .text.EVENT_USB_Device_ControlRequest
                0x0000000000005794      0x154 .build/obj_Dactylv2led_rev2_Default/lufa.o
                0x0000000000005794                EVENT_USB_Device_ControlRequest
 .text.startup.main
                0x00000000000058e8       0x7a .build/obj_Dactylv2led_rev2_Default/lufa.o
                0x00000000000058e8                main
 .text.CALLBACK_USB_GetDescriptor
                0x0000000000005962        0x4 .build/obj_Dactylv2led_rev2_Default/lufa.o
                0x0000000000005962                CALLBACK_USB_GetDescriptor
 .text.get_usb_descriptor
                0x0000000000005966       0xba .build/obj_Dactylv2led_rev2_Default/usb_descriptor.o
                0x0000000000005966                get_usb_descriptor
 .text.set_output_user
                0x0000000000005a20        0x2 .build/obj_Dactylv2led_rev2_Default/outputselect.o
                0x0000000000005a20                set_output_user
 .text.set_output
                0x0000000000005a22       0x10 .build/obj_Dactylv2led_rev2_Default/outputselect.o
                0x0000000000005a22                set_output
 .text.auto_detect_output
                0x0000000000005a32       0x10 .build/obj_Dactylv2led_rev2_Default/outputselect.o
                0x0000000000005a32                auto_detect_output
 .text.where_to_send
                0x0000000000005a42        0xe .build/obj_Dactylv2led_rev2_Default/outputselect.o
                0x0000000000005a42                where_to_send
 .text.USB_Device_SendRemoteWakeup
                0x0000000000005a50       0x2c .build/obj_Dactylv2led_rev2_Default/./lib/lufa/LUFA/Drivers/USB/Core/AVR8/Device_AVR8.o
                0x0000000000005a50                USB_Device_SendRemoteWakeup
 .text.Endpoint_Write_Stream_LE
                0x0000000000005a7c       0x9e .build/obj_Dactylv2led_rev2_Default/./lib/lufa/LUFA/Drivers/USB/Core/AVR8/EndpointStream_AVR8.o
                0x0000000000005a7c                Endpoint_Write_Stream_LE
 .text.Endpoint_Write_Control_Stream_LE
                0x0000000000005b1a       0xbc .build/obj_Dactylv2led_rev2_Default/./lib/lufa/LUFA/Drivers/USB/Core/AVR8/EndpointStream_AVR8.o
                0x0000000000005b1a                Endpoint_Write_Control_Stream_LE
 .text.Endpoint_Write_Control_PStream_LE
                0x0000000000005bd6       0xbe .build/obj_Dactylv2led_rev2_Default/./lib/lufa/LUFA/Drivers/USB/Core/AVR8/EndpointStream_AVR8.o
                0x0000000000005bd6                Endpoint_Write_Control_PStream_LE
 .text.Endpoint_ConfigureEndpoint_Prv
                0x0000000000005c94       0x68 .build/obj_Dactylv2led_rev2_Default/./lib/lufa/LUFA/Drivers/USB/Core/AVR8/Endpoint_AVR8.o
                0x0000000000005c94                Endpoint_ConfigureEndpoint_Prv
 .text.Endpoint_ClearStatusStage
                0x0000000000005cfc       0x3e .build/obj_Dactylv2led_rev2_Default/./lib/lufa/LUFA/Drivers/USB/Core/AVR8/Endpoint_AVR8.o
                0x0000000000005cfc                Endpoint_ClearStatusStage
 .text.Endpoint_WaitUntilReady
                0x0000000000005d3a       0x62 .build/obj_Dactylv2led_rev2_Default/./lib/lufa/LUFA/Drivers/USB/Core/AVR8/Endpoint_AVR8.o
                0x0000000000005d3a                Endpoint_WaitUntilReady
 .text.USB_Disable
                0x0000000000005d9c       0x34 .build/obj_Dactylv2led_rev2_Default/./lib/lufa/LUFA/Drivers/USB/Core/AVR8/USBController_AVR8.o
                0x0000000000005d9c                USB_Disable
 .text.USB_ResetInterface
                0x0000000000005dd0       0x86 .build/obj_Dactylv2led_rev2_Default/./lib/lufa/LUFA/Drivers/USB/Core/AVR8/USBController_AVR8.o
                0x0000000000005dd0                USB_ResetInterface
 .text.USB_Init
                0x0000000000005e56       0x22 .build/obj_Dactylv2led_rev2_Default/./lib/lufa/LUFA/Drivers/USB/Core/AVR8/USBController_AVR8.o
                0x0000000000005e56                USB_Init
 .text.USB_INT_DisableAllInterrupts
                0x0000000000005e78       0x10 .build/obj_Dactylv2led_rev2_Default/./lib/lufa/LUFA/Drivers/USB/Core/AVR8/USBInterrupt_AVR8.o
                0x0000000000005e78                USB_INT_DisableAllInterrupts
 .text.USB_INT_ClearAllInterrupts
                0x0000000000005e88        0xa .build/obj_Dactylv2led_rev2_Default/./lib/lufa/LUFA/Drivers/USB/Core/AVR8/USBInterrupt_AVR8.o
                0x0000000000005e88                USB_INT_ClearAllInterrupts
 .text.__vector_10
                0x0000000000005e92      0x1a8 .build/obj_Dactylv2led_rev2_Default/./lib/lufa/LUFA/Drivers/USB/Core/AVR8/USBInterrupt_AVR8.o
                0x0000000000005e92                __vector_10
 .text.__vector_11
                0x000000000000603a       0x88 .build/obj_Dactylv2led_rev2_Default/./lib/lufa/LUFA/Drivers/USB/Core/AVR8/USBInterrupt_AVR8.o
                0x000000000000603a                __vector_11
 .text.USB_Device_ProcessControlRequest
                0x00000000000060c2      0x2a4 .build/obj_Dactylv2led_rev2_Default/./lib/lufa/LUFA/Drivers/USB/Core/DeviceStandardReq.o
                0x00000000000060c2                USB_Device_ProcessControlRequest
 .text.USB_Event_Stub
                0x0000000000006366        0x2 .build/obj_Dactylv2led_rev2_Default/./lib/lufa/LUFA/Drivers/USB/Core/Events.o
                0x0000000000006366                USB_Event_Stub
                0x0000000000006366                EVENT_USB_Device_StartOfFrame
 .text.USB_USBTask
                0x0000000000006368       0x36 .build/obj_Dactylv2led_rev2_Default/./lib/lufa/LUFA/Drivers/USB/Core/USBTask.o
                0x0000000000006368                USB_USBTask
 .text.avr-libc.fplib
                0x000000000000639e        0xe /usr/local/Cellar/avr-gcc@8/8.3.0_1/lib/avr-gcc/8/gcc/avr/8.3.0/../../../../../../avr/lib/avr5/libm.a(addsf3.o)
                0x000000000000639e                __subsf3
                0x00000000000063a0                __addsf3
 .text.avr-libc.fplib
                0x00000000000063ac       0xcc /usr/local/Cellar/avr-gcc@8/8.3.0_1/lib/avr-gcc/8/gcc/avr/8.3.0/../../../../../../avr/lib/avr5/libm.a(addsf3x.o)
                0x00000000000063ce                __addsf3x
 .text.avr-libc.fplib
                0x0000000000006478        0x8 /usr/local/Cellar/avr-gcc@8/8.3.0_1/lib/avr-gcc/8/gcc/avr/8.3.0/../../../../../../avr/lib/avr5/libm.a(divsf3.o)
                0x0000000000006478                __divsf3
 .text.avr-libc.fplib
                0x0000000000006480       0xdc /usr/local/Cellar/avr-gcc@8/8.3.0_1/lib/avr-gcc/8/gcc/avr/8.3.0/../../../../../../avr/lib/avr5/libm.a(divsf3x.o)
                0x00000000000064a0                __divsf3x
                0x00000000000064a6                __divsf3_pse
 .text.avr-libc.fplib
                0x000000000000655c       0x74 /usr/local/Cellar/avr-gcc@8/8.3.0_1/lib/avr-gcc/8/gcc/avr/8.3.0/../../../../../../avr/lib/avr5/libm.a(exp.o)
                0x000000000000656c                exp
 .text.avr-libc.fplib
                0x00000000000065d0       0x5e /usr/local/Cellar/avr-gcc@8/8.3.0_1/lib/avr-gcc/8/gcc/avr/8.3.0/../../../../../../avr/lib/avr5/libm.a(fixunssfsi.o)
                0x00000000000065d0                __fixunssfsi
 .text.avr-libc.fplib
                0x000000000000662e       0x7a /usr/local/Cellar/avr-gcc@8/8.3.0_1/lib/avr-gcc/8/gcc/avr/8.3.0/../../../../../../avr/lib/avr5/libm.a(floatsisf.o)
                0x000000000000662e                __floatunsisf
                0x0000000000006632                __floatsisf
 .text.avr-libc.fplib
                0x00000000000066a8        0xc /usr/local/Cellar/avr-gcc@8/8.3.0_1/lib/avr-gcc/8/gcc/avr/8.3.0/../../../../../../avr/lib/avr5/libm.a(fp_inf.o)
                0x00000000000066a8                __fp_inf
 .text.avr-libc.fplib
                0x00000000000066b4        0x6 /usr/local/Cellar/avr-gcc@8/8.3.0_1/lib/avr-gcc/8/gcc/avr/8.3.0/../../../../../../avr/lib/avr5/libm.a(fp_nan.o)
                0x00000000000066b4                __fp_nan
 .text.avr-libc.fplib
                0x00000000000066ba       0x4e /usr/local/Cellar/avr-gcc@8/8.3.0_1/lib/avr-gcc/8/gcc/avr/8.3.0/../../../../../../avr/lib/avr5/libm.a(fp_powser.o)
                0x00000000000066ba                __fp_powser
 .text.avr-libc.fplib
                0x0000000000006708        0xe /usr/local/Cellar/avr-gcc@8/8.3.0_1/lib/avr-gcc/8/gcc/avr/8.3.0/../../../../../../avr/lib/avr5/libm.a(fp_pscA.o)
                0x0000000000006708                __fp_pscA
 .text.avr-libc.fplib
                0x0000000000006716        0xe /usr/local/Cellar/avr-gcc@8/8.3.0_1/lib/avr-gcc/8/gcc/avr/8.3.0/../../../../../../avr/lib/avr5/libm.a(fp_pscB.o)
                0x0000000000006716                __fp_pscB
 .text.avr-libc.fplib
                0x0000000000006724       0x22 /usr/local/Cellar/avr-gcc@8/8.3.0_1/lib/avr-gcc/8/gcc/avr/8.3.0/../../../../../../avr/lib/avr5/libm.a(fp_round.o)
                0x0000000000006724                __fp_round
 .text.avr-libc.fplib
                0x0000000000006746       0x44 /usr/local/Cellar/avr-gcc@8/8.3.0_1/lib/avr-gcc/8/gcc/avr/8.3.0/../../../../../../avr/lib/avr5/libm.a(fp_split3.o)
                0x0000000000006746                __fp_split3
                0x0000000000006756                __fp_splitA
 .text.avr-libc.fplib
                0x000000000000678a        0xe /usr/local/Cellar/avr-gcc@8/8.3.0_1/lib/avr-gcc/8/gcc/avr/8.3.0/../../../../../../avr/lib/avr5/libm.a(fp_zero.o)
                0x000000000000678a                __fp_zero
                0x000000000000678c                __fp_szero
 .text.avr-libc.fplib
                0x0000000000006798       0x10 /usr/local/Cellar/avr-gcc@8/8.3.0_1/lib/avr-gcc/8/gcc/avr/8.3.0/../../../../../../avr/lib/avr5/libm.a(inverse.o)
                0x0000000000006798                inverse
 .text.avr-libc.fplib
                0x00000000000067a8       0x74 /usr/local/Cellar/avr-gcc@8/8.3.0_1/lib/avr-gcc/8/gcc/avr/8.3.0/../../../../../../avr/lib/avr5/libm.a(ldexp.o)
                0x00000000000067b0                ldexp
 .text.avr-libc.fplib
                0x000000000000681c       0x68 /usr/local/Cellar/avr-gcc@8/8.3.0_1/lib/avr-gcc/8/gcc/avr/8.3.0/../../../../../../avr/lib/avr5/libm.a(modf.o)
                0x000000000000681c                modff
                0x000000000000681c                modf
 .text.avr-libc.fplib
                0x0000000000006884        0x8 /usr/local/Cellar/avr-gcc@8/8.3.0_1/lib/avr-gcc/8/gcc/avr/8.3.0/../../../../../../avr/lib/avr5/libm.a(mulsf3.o)
                0x0000000000006884                __mulsf3
 .text.avr-libc.fplib
                0x000000000000688c       0xd2 /usr/local/Cellar/avr-gcc@8/8.3.0_1/lib/avr-gcc/8/gcc/avr/8.3.0/../../../../../../avr/lib/avr5/libm.a(mulsf3x.o)
                0x00000000000068aa                __mulsf3x
                0x00000000000068b0                __mulsf3_pse
 .text.avr-libc.fplib
                0x000000000000695e       0x10 /usr/local/Cellar/avr-gcc@8/8.3.0_1/lib/avr-gcc/8/gcc/avr/8.3.0/../../../../../../avr/lib/avr5/libm.a(sin.o)
                0x000000000000695e                sin
 .text.avr-libc.fplib
                0x000000000000696e       0x1c /usr/local/Cellar/avr-gcc@8/8.3.0_1/lib/avr-gcc/8/gcc/avr/8.3.0/../../../../../../avr/lib/avr5/libm.a(fp_mpack.o)
                0x000000000000696e                __fp_mpack
                0x0000000000006972                __fp_mpack_finite
 .text.avr-libc.fplib
                0x000000000000698a       0x56 /usr/local/Cellar/avr-gcc@8/8.3.0_1/lib/avr-gcc/8/gcc/avr/8.3.0/../../../../../../avr/lib/avr5/libm.a(fp_rempio2.o)
                0x000000000000698e                __fp_rempio2
 .text.avr-libc.fplib
                0x00000000000069e0       0x28 /usr/local/Cellar/avr-gcc@8/8.3.0_1/lib/avr-gcc/8/gcc/avr/8.3.0/../../../../../../avr/lib/avr5/libm.a(fp_sinus.o)
                0x00000000000069e0                __fp_sinus
 .text.avr-libc.fplib
                0x0000000000006a08       0x28 /usr/local/Cellar/avr-gcc@8/8.3.0_1/lib/avr-gcc/8/gcc/avr/8.3.0/../../../../../../avr/lib/avr5/libm.a(fp_powsodd.o)
                0x0000000000006a08                __fp_powsodd
 .text.libgcc.div
                0x0000000000006a30       0x28 /usr/local/Cellar/avr-gcc@8/8.3.0_1/lib/avr-gcc/8/gcc/avr/8.3.0/avr5/libgcc.a(_udivmodhi4.o)
                0x0000000000006a30                __udivmodhi4
 .text.libgcc.div
                0x0000000000006a58       0x28 /usr/local/Cellar/avr-gcc@8/8.3.0_1/lib/avr-gcc/8/gcc/avr/8.3.0/avr5/libgcc.a(_divmodhi4.o)
                0x0000000000006a58                __divmodhi4
                0x0000000000006a58                _div
 .text.libgcc   0x0000000000006a80        0xc /usr/local/Cellar/avr-gcc@8/8.3.0_1/lib/avr-gcc/8/gcc/avr/8.3.0/avr5/libgcc.a(_tablejump2.o)
                0x0000000000006a80                __tablejump2__
 .text.avr-libc
                0x0000000000006a8c       0x10 /usr/local/Cellar/avr-gcc@8/8.3.0_1/lib/avr-gcc/8/gcc/avr/8.3.0/../../../../../../avr/lib/avr5/libatmega32u4.a(eerd_byte.o)
                0x0000000000006a8c                eeprom_read_byte
 .text.avr-libc
                0x0000000000006a9c        0xc /usr/local/Cellar/avr-gcc@8/8.3.0_1/lib/avr-gcc/8/gcc/avr/8.3.0/../../../../../../avr/lib/avr5/libatmega32u4.a(eerd_dword.o)
                0x0000000000006a9c                eeprom_read_dword
                0x0000000000006a9c                eeprom_read_float
 .text.avr-libc
                0x0000000000006aa8        0xc /usr/local/Cellar/avr-gcc@8/8.3.0_1/lib/avr-gcc/8/gcc/avr/8.3.0/../../../../../../avr/lib/avr5/libatmega32u4.a(eerd_word.o)
                0x0000000000006aa8                eeprom_read_word
 .text.avr-libc
                0x0000000000006ab4       0x24 /usr/local/Cellar/avr-gcc@8/8.3.0_1/lib/avr-gcc/8/gcc/avr/8.3.0/../../../../../../avr/lib/avr5/libatmega32u4.a(eeupd_byte.o)
                0x0000000000006ab4                eeprom_update_byte
                0x0000000000006ab6                eeprom_update_r18
 .text.avr-libc
                0x0000000000006ad8       0x18 /usr/local/Cellar/avr-gcc@8/8.3.0_1/lib/avr-gcc/8/gcc/avr/8.3.0/../../../../../../avr/lib/avr5/libatmega32u4.a(eeupd_dword.o)
                0x0000000000006ad8                eeprom_update_dword
                0x0000000000006ad8                eeprom_update_float
 .text.avr-libc
                0x0000000000006af0        0xc /usr/local/Cellar/avr-gcc@8/8.3.0_1/lib/avr-gcc/8/gcc/avr/8.3.0/../../../../../../avr/lib/avr5/libatmega32u4.a(eeupd_word.o)
                0x0000000000006af0                eeprom_update_word
 .text.avr-libc
                0x0000000000006afc       0x20 /usr/local/Cellar/avr-gcc@8/8.3.0_1/lib/avr-gcc/8/gcc/avr/8.3.0/../../../../../../avr/lib/avr5/libatmega32u4.a(eerd_block.o)
                0x0000000000006afc                eeprom_read_block
                0x0000000000006b00                eeprom_read_blraw
                0x0000000000006b1c                . = ALIGN (0x2)
 *(.fini9)
 .fini9         0x0000000000006b1c        0x0 /usr/local/Cellar/avr-gcc@8/8.3.0_1/lib/avr-gcc/8/gcc/avr/8.3.0/avr5/libgcc.a(_exit.o)
                0x0000000000006b1c                exit
                0x0000000000006b1c                _exit
 *(.fini9)
 *(.fini8)
 *(.fini8)
 *(.fini7)
 *(.fini7)
 *(.fini6)
 *(.fini6)
 *(.fini5)
 *(.fini5)
 *(.fini4)
 *(.fini4)
 *(.fini3)
 *(.fini3)
 *(.fini2)
 *(.fini2)
 *(.fini1)
 *(.fini1)
 *(.fini0)
 .fini0         0x0000000000006b1c        0x4 /usr/local/Cellar/avr-gcc@8/8.3.0_1/lib/avr-gcc/8/gcc/avr/8.3.0/avr5/libgcc.a(_exit.o)
 *(.fini0)
 *(.hightext)
 *(.hightext*)
 *(.progmemx.*)
                0x0000000000006b20                . = ALIGN (0x2)
 *(.jumptables)
 *(.jumptables*)
 .jumptables.gcc.action_get_macro
                0x0000000000006b20       0x20 .build/obj_Dactylv2led_rev2_Default/keyboards/Dactylv2led/keymaps/Default/keymap.o
 .jumptables.gcc.process_record_quantum
                0x0000000000006b40       0x24 .build/obj_Dactylv2led_rev2_Default/quantum/quantum.o
 .jumptables.gcc.process_action
                0x0000000000006b64       0x4a .build/obj_Dactylv2led_rev2_Default/common/action.o
 .jumptables.gcc.is_tap_key
                0x0000000000006bae       0x1c .build/obj_Dactylv2led_rev2_Default/common/action.o
 .jumptables.gcc.USB_Device_ProcessControlRequest
                0x0000000000006bca       0x14 .build/obj_Dactylv2led_rev2_Default/./lib/lufa/LUFA/Drivers/USB/Core/DeviceStandardReq.o
                0x0000000000006bde                _etext = .

.data           0x0000000000800100       0x94 load address 0x0000000000006bde
                0x0000000000800100                PROVIDE (__data_start = .)
 *(.data)
 *(.data*)
 .data.isLeftHand
                0x0000000000800100        0x1 .build/obj_Dactylv2led_rev2_Default/split_util.o
                0x0000000000800100                isLeftHand
 .data.tap_dance_actions
                0x0000000000800101       0x50 .build/obj_Dactylv2led_rev2_Default/keyboards/Dactylv2led/keymaps/Default/keymap.o
                0x0000000000800101                tap_dance_actions
 .data.increment.2374
                0x0000000000800151        0x1 .build/obj_Dactylv2led_rev2_Default/quantum/rgblight.o
 .data.high_bound.2373
                0x0000000000800152        0x1 .build/obj_Dactylv2led_rev2_Default/quantum/rgblight.o
 .data.highest_td
                0x0000000000800153        0x1 .build/obj_Dactylv2led_rev2_Default/quantum/process_keycode/process_tap_dance.o
 .data.keyboard_report
                0x0000000000800154        0x2 .build/obj_Dactylv2led_rev2_Default/common/action_util.o
                0x0000000000800154                keyboard_report
 .data.mk_wheel_time_to_max
                0x0000000000800156        0x1 .build/obj_Dactylv2led_rev2_Default/common/mousekey.o
                0x0000000000800156                mk_wheel_time_to_max
 .data.mk_wheel_max_speed
                0x0000000000800157        0x1 .build/obj_Dactylv2led_rev2_Default/common/mousekey.o
                0x0000000000800157                mk_wheel_max_speed
 .data.mk_time_to_max
                0x0000000000800158        0x1 .build/obj_Dactylv2led_rev2_Default/common/mousekey.o
                0x0000000000800158                mk_time_to_max
 .data.mk_max_speed
                0x0000000000800159        0x1 .build/obj_Dactylv2led_rev2_Default/common/mousekey.o
                0x0000000000800159                mk_max_speed
 .data.mk_interval
                0x000000000080015a        0x1 .build/obj_Dactylv2led_rev2_Default/common/mousekey.o
                0x000000000080015a                mk_interval
 .data.mk_delay
                0x000000000080015b        0x1 .build/obj_Dactylv2led_rev2_Default/common/mousekey.o
                0x000000000080015b                mk_delay
 .data.lufa_driver
                0x000000000080015c        0xa .build/obj_Dactylv2led_rev2_Default/lufa.o
                0x000000000080015c                lufa_driver
 .data.keyboard_protocol
                0x0000000000800166        0x1 .build/obj_Dactylv2led_rev2_Default/lufa.o
                0x0000000000800166                keyboard_protocol
 *(.gnu.linkonce.d*)
 *(.rodata)
 *(.rodata*)
 .rodata.col_pins
                0x0000000000800167        0x6 .build/obj_Dactylv2led_rev2_Default/matrix.o
 .rodata.row_pins
                0x000000000080016d        0xe .build/obj_Dactylv2led_rev2_Default/matrix.o
 .rodata.CSWTCH.36
                0x000000000080017b        0xa .build/obj_Dactylv2led_rev2_Default/common/command.o
 .rodata.CSWTCH.2
                0x0000000000800185        0x3 .build/obj_Dactylv2led_rev2_Default/usb_descriptor.o
 .rodata.CSWTCH.1
                0x0000000000800188        0x6 .build/obj_Dactylv2led_rev2_Default/usb_descriptor.o
 .rodata.CSWTCH.0
                0x000000000080018e        0x6 .build/obj_Dactylv2led_rev2_Default/usb_descriptor.o
 *(.gnu.linkonce.r*)
                0x0000000000800194                . = ALIGN (0x2)
                0x0000000000800194                _edata = .
                0x0000000000800194                PROVIDE (__data_end = .)

.bss            0x0000000000800194      0x120
                0x0000000000800194                PROVIDE (__bss_start = .)
 *(.bss)
 *(.bss*)
 .bss.matrix    0x0000000000800194        0xe .build/obj_Dactylv2led_rev2_Default/matrix.o
 .bss.error_count
                0x00000000008001a2        0x1 .build/obj_Dactylv2led_rev2_Default/matrix.o
 .bss.matrix_debouncing
                0x00000000008001a3        0xe .build/obj_Dactylv2led_rev2_Default/matrix.o
 .bss.debouncing
                0x00000000008001b1        0x1 .build/obj_Dactylv2led_rev2_Default/matrix.o
 .bss.debouncing_time
                0x00000000008001b2        0x2 .build/obj_Dactylv2led_rev2_Default/matrix.o
 .bss.status    0x00000000008001b4        0x1 .build/obj_Dactylv2led_rev2_Default/serial.o
                0x00000000008001b4                status
 .bss.serial_master_buffer
                0x00000000008001b5        0x1 .build/obj_Dactylv2led_rev2_Default/serial.o
                0x00000000008001b5                serial_master_buffer
 .bss.serial_slave_buffer
                0x00000000008001b6        0x7 .build/obj_Dactylv2led_rev2_Default/serial.o
                0x00000000008001b6                serial_slave_buffer
 .bss.grave_esc_was_shifted
                0x00000000008001bd        0x1 .build/obj_Dactylv2led_rev2_Default/quantum/quantum.o
 .bss.scs_timer
                0x00000000008001be        0x4 .build/obj_Dactylv2led_rev2_Default/quantum/quantum.o
 .bss.shift_interrupted
                0x00000000008001c2        0x2 .build/obj_Dactylv2led_rev2_Default/quantum/quantum.o
 .bss.leader_sequence_size
                0x00000000008001c4        0x1 .build/obj_Dactylv2led_rev2_Default/quantum/process_keycode/process_leader.o
                0x00000000008001c4                leader_sequence_size
 .bss.leader_sequence
                0x00000000008001c5        0xa .build/obj_Dactylv2led_rev2_Default/quantum/process_keycode/process_leader.o
                0x00000000008001c5                leader_sequence
 .bss.leader_time
                0x00000000008001cf        0x2 .build/obj_Dactylv2led_rev2_Default/quantum/process_keycode/process_leader.o
                0x00000000008001cf                leader_time
 .bss.leading   0x00000000008001d1        0x1 .build/obj_Dactylv2led_rev2_Default/quantum/process_keycode/process_leader.o
                0x00000000008001d1                leading
 .bss.current_offset.2386
                0x00000000008001d2        0x2 .build/obj_Dactylv2led_rev2_Default/quantum/rgblight.o
 .bss.last_timer.2387
                0x00000000008001d4        0x2 .build/obj_Dactylv2led_rev2_Default/quantum/rgblight.o
 .bss.low_bound.2372
                0x00000000008001d6        0x1 .build/obj_Dactylv2led_rev2_Default/quantum/rgblight.o
 .bss.last_timer.2368
                0x00000000008001d7        0x2 .build/obj_Dactylv2led_rev2_Default/quantum/rgblight.o
 .bss.pos.2350  0x00000000008001d9        0x1 .build/obj_Dactylv2led_rev2_Default/quantum/rgblight.o
 .bss.last_timer.2351
                0x00000000008001da        0x2 .build/obj_Dactylv2led_rev2_Default/quantum/rgblight.o
 .bss.current_hue.2337
                0x00000000008001dc        0x2 .build/obj_Dactylv2led_rev2_Default/quantum/rgblight.o
 .bss.last_timer.2338
                0x00000000008001de        0x2 .build/obj_Dactylv2led_rev2_Default/quantum/rgblight.o
 .bss.current_hue.2329
                0x00000000008001e0        0x2 .build/obj_Dactylv2led_rev2_Default/quantum/rgblight.o
 .bss.last_timer.2330
                0x00000000008001e2        0x2 .build/obj_Dactylv2led_rev2_Default/quantum/rgblight.o
 .bss.pos.2320  0x00000000008001e4        0x1 .build/obj_Dactylv2led_rev2_Default/quantum/rgblight.o
 .bss.last_timer.2321
                0x00000000008001e5        0x2 .build/obj_Dactylv2led_rev2_Default/quantum/rgblight.o
 .bss.rgblight_timer_enabled
                0x00000000008001e7        0x1 .build/obj_Dactylv2led_rev2_Default/quantum/rgblight.o
                0x00000000008001e7                rgblight_timer_enabled
 .bss.rgblight_inited
                0x00000000008001e8        0x1 .build/obj_Dactylv2led_rev2_Default/quantum/rgblight.o
                0x00000000008001e8                rgblight_inited
 .bss.last_td   0x00000000008001e9        0x2 .build/obj_Dactylv2led_rev2_Default/quantum/process_keycode/process_tap_dance.o
 .bss.last_consumer_report
                0x00000000008001eb        0x2 .build/obj_Dactylv2led_rev2_Default/common/host.o
 .bss.last_system_report
                0x00000000008001ed        0x2 .build/obj_Dactylv2led_rev2_Default/common/host.o
 .bss.driver    0x00000000008001ef        0x2 .build/obj_Dactylv2led_rev2_Default/common/host.o
 .bss.led_status.2939
                0x00000000008001f1        0x1 .build/obj_Dactylv2led_rev2_Default/common/keyboard.o
 .bss.matrix_prev.2938
                0x00000000008001f2        0xe .build/obj_Dactylv2led_rev2_Default/common/keyboard.o
 .bss.waiting_buffer_tail
                0x0000000000800200        0x1 .build/obj_Dactylv2led_rev2_Default/common/action_tapping.o
 .bss.waiting_buffer_head
                0x0000000000800201        0x1 .build/obj_Dactylv2led_rev2_Default/common/action_tapping.o
 .bss.waiting_buffer
                0x0000000000800202       0x30 .build/obj_Dactylv2led_rev2_Default/common/action_tapping.o
 .bss.tapping_key
                0x0000000000800232        0x6 .build/obj_Dactylv2led_rev2_Default/common/action_tapping.o
 .bss.layer_state
                0x0000000000800238        0x4 .build/obj_Dactylv2led_rev2_Default/common/action_layer.o
                0x0000000000800238                layer_state
 .bss.default_layer_state
                0x000000000080023c        0x4 .build/obj_Dactylv2led_rev2_Default/common/action_layer.o
                0x000000000080023c                default_layer_state
 .bss.oneshot_layer_data
                0x0000000000800240        0x1 .build/obj_Dactylv2led_rev2_Default/common/action_util.o
 .bss.oneshot_mods
                0x0000000000800241        0x1 .build/obj_Dactylv2led_rev2_Default/common/action_util.o
 .bss.__compound_literal.0
                0x0000000000800242        0x8 .build/obj_Dactylv2led_rev2_Default/common/action_util.o
 .bss.macro_mods
                0x000000000080024a        0x1 .build/obj_Dactylv2led_rev2_Default/common/action_util.o
 .bss.weak_mods
                0x000000000080024b        0x1 .build/obj_Dactylv2led_rev2_Default/common/action_util.o
 .bss.real_mods
                0x000000000080024c        0x1 .build/obj_Dactylv2led_rev2_Default/common/action_util.o
 .bss.debug_config
                0x000000000080024d        0x1 .build/obj_Dactylv2led_rev2_Default/common/debug.o
                0x000000000080024d                debug_config
 .bss.wdt_timeout
                0x000000000080024e        0x1 .build/obj_Dactylv2led_rev2_Default/common/avr/suspend.o
 .bss.last_timer
                0x000000000080024f        0x2 .build/obj_Dactylv2led_rev2_Default/common/mousekey.o
 .bss.mousekey_accel
                0x0000000000800251        0x1 .build/obj_Dactylv2led_rev2_Default/common/mousekey.o
 .bss.mousekey_repeat
                0x0000000000800252        0x1 .build/obj_Dactylv2led_rev2_Default/common/mousekey.o
 .bss.mouse_report
                0x0000000000800253        0x5 .build/obj_Dactylv2led_rev2_Default/common/mousekey.o
 .bss.mousekey_param
                0x0000000000800258        0x1 .build/obj_Dactylv2led_rev2_Default/common/command.o
 .bss.command_state
                0x0000000000800259        0x1 .build/obj_Dactylv2led_rev2_Default/common/command.o
                0x0000000000800259                command_state
 .bss.keyboard_report_sent
                0x000000000080025a        0x8 .build/obj_Dactylv2led_rev2_Default/lufa.o
 .bss.keyboard_led_stats
                0x0000000000800262        0x1 .build/obj_Dactylv2led_rev2_Default/lufa.o
 .bss.keyboard_idle
                0x0000000000800263        0x1 .build/obj_Dactylv2led_rev2_Default/lufa.o
                0x0000000000800263                keyboard_idle
 .bss.desired_output
                0x0000000000800264        0x1 .build/obj_Dactylv2led_rev2_Default/outputselect.o
                0x0000000000800264                desired_output
 *(COMMON)
 COMMON         0x0000000000800265       0x3a .build/obj_Dactylv2led_rev2_Default/quantum/rgblight.o
                0x0000000000800265                rgblight_config
                0x000000000080026a                inmem_config
                0x000000000080026f                led
 COMMON         0x000000000080029f        0x2 .build/obj_Dactylv2led_rev2_Default/common/action.o
                0x000000000080029f                tp_buttons
 COMMON         0x00000000008002a1        0x4 .build/obj_Dactylv2led_rev2_Default/common/avr/timer.o
                0x00000000008002a1                timer_count
 COMMON         0x00000000008002a5        0x2 .build/obj_Dactylv2led_rev2_Default/common/magic.o
                0x00000000008002a5                keymap_config
 COMMON         0x00000000008002a7        0x3 .build/obj_Dactylv2led_rev2_Default/./lib/lufa/LUFA/Drivers/USB/Core/DeviceStandardReq.o
                0x00000000008002a7                USB_Device_ConfigurationNumber
                0x00000000008002a8                USB_Device_CurrentlySelfPowered
                0x00000000008002a9                USB_Device_RemoteWakeupEnabled
 COMMON         0x00000000008002aa        0xa .build/obj_Dactylv2led_rev2_Default/./lib/lufa/LUFA/Drivers/USB/Core/USBTask.o
                0x00000000008002aa                USB_IsInitialized
                0x00000000008002ab                USB_DeviceState
                0x00000000008002ac                USB_ControlRequest
                0x00000000008002b4                PROVIDE (__bss_end = .)
                0x0000000000006bde                __data_load_start = LOADADDR (.data)
                0x0000000000006c72                __data_load_end = (__data_load_start + SIZEOF (.data))

.noinit         0x00000000008002b4        0x4
                [!provide]                        PROVIDE (__noinit_start = .)
 *(.noinit*)
 .noinit        0x00000000008002b4        0x4 .build/obj_Dactylv2led_rev2_Default/common/avr/bootloader.o
                0x00000000008002b4                reset_key
                [!provide]                        PROVIDE (__noinit_end = .)
                0x00000000008002b8                _end = .
                [!provide]                        PROVIDE (__heap_start = .)

.eeprom         0x0000000000810000        0x0
 *(.eeprom*)
                0x0000000000810000                __eeprom_end = .

.fuse
 *(.fuse)
 *(.lfuse)
 *(.hfuse)
 *(.efuse)

.lock
 *(.lock*)

.signature
 *(.signature*)

.stab
 *(.stab)

.stabstr        0x0000000000000000       0x9c
 *(.stabstr)
 .stabstr       0x0000000000000000       0x9c .build/obj_Dactylv2led_rev2_Default/common/avr/xprintf.o

.stab.excl
 *(.stab.excl)

.stab.exclstr
 *(.stab.exclstr)

.stab.index
 *(.stab.index)

.stab.indexstr
 *(.stab.indexstr)

.comment        0x0000000000000000       0x11
 *(.comment)
 .comment       0x0000000000000000       0x11 .build/obj_Dactylv2led_rev2_Default/matrix.o
                                         0x12 (size before relaxing)
 .comment       0x0000000000000011       0x12 .build/obj_Dactylv2led_rev2_Default/split_util.o
 .comment       0x0000000000000011       0x12 .build/obj_Dactylv2led_rev2_Default/serial.o
 .comment       0x0000000000000011       0x12 .build/obj_Dactylv2led_rev2_Default/keyboards/Dactylv2led/rev2/rev2.o
 .comment       0x0000000000000011       0x12 .build/obj_Dactylv2led_rev2_Default/keyboards/Dactylv2led/keymaps/Default/keymap.o
 .comment       0x0000000000000011       0x12 .build/obj_Dactylv2led_rev2_Default/quantum/quantum.o
 .comment       0x0000000000000011       0x12 .build/obj_Dactylv2led_rev2_Default/quantum/keymap_common.o
 .comment       0x0000000000000011       0x12 .build/obj_Dactylv2led_rev2_Default/quantum/keycode_config.o
 .comment       0x0000000000000011       0x12 .build/obj_Dactylv2led_rev2_Default/quantum/process_keycode/process_leader.o
 .comment       0x0000000000000011       0x12 .build/obj_Dactylv2led_rev2_Default/quantum/rgblight.o
 .comment       0x0000000000000011       0x12 .build/obj_Dactylv2led_rev2_Default/ws2812.o
 .comment       0x0000000000000011       0x12 .build/obj_Dactylv2led_rev2_Default/quantum/process_keycode/process_tap_dance.o
 .comment       0x0000000000000011       0x12 .build/obj_Dactylv2led_rev2_Default/quantum/led_tables.o
 .comment       0x0000000000000011       0x12 .build/obj_Dactylv2led_rev2_Default/common/host.o
 .comment       0x0000000000000011       0x12 .build/obj_Dactylv2led_rev2_Default/common/keyboard.o
 .comment       0x0000000000000011       0x12 .build/obj_Dactylv2led_rev2_Default/common/action.o
 .comment       0x0000000000000011       0x12 .build/obj_Dactylv2led_rev2_Default/common/action_tapping.o
 .comment       0x0000000000000011       0x12 .build/obj_Dactylv2led_rev2_Default/common/action_macro.o
 .comment       0x0000000000000011       0x12 .build/obj_Dactylv2led_rev2_Default/common/action_layer.o
 .comment       0x0000000000000011       0x12 .build/obj_Dactylv2led_rev2_Default/common/action_util.o
 .comment       0x0000000000000011       0x12 .build/obj_Dactylv2led_rev2_Default/common/debug.o
 .comment       0x0000000000000011       0x12 .build/obj_Dactylv2led_rev2_Default/common/eeconfig.o
 .comment       0x0000000000000011       0x12 .build/obj_Dactylv2led_rev2_Default/common/report.o
 .comment       0x0000000000000011       0x12 .build/obj_Dactylv2led_rev2_Default/common/avr/suspend.o
 .comment       0x0000000000000011       0x12 .build/obj_Dactylv2led_rev2_Default/common/avr/timer.o
 .comment       0x0000000000000011       0x12 .build/obj_Dactylv2led_rev2_Default/common/avr/bootloader.o
 .comment       0x0000000000000011       0x12 .build/obj_Dactylv2led_rev2_Default/common/magic.o
 .comment       0x0000000000000011       0x12 .build/obj_Dactylv2led_rev2_Default/common/mousekey.o
 .comment       0x0000000000000011       0x12 .build/obj_Dactylv2led_rev2_Default/common/command.o
 .comment       0x0000000000000011       0x12 .build/obj_Dactylv2led_rev2_Default/lufa.o
 .comment       0x0000000000000011       0x12 .build/obj_Dactylv2led_rev2_Default/usb_descriptor.o
 .comment       0x0000000000000011       0x12 .build/obj_Dactylv2led_rev2_Default/outputselect.o