Archive member included to satisfy reference by file (symbol)

/usr/local/Cellar/avr-gcc@8/8.3.0_1/lib/avr-gcc/8/gcc/avr/8.3.0/avr5/libgcc.a(_divmodhi4.o)
                              .build/obj_Manuform6x6_rev2_Use/common/mousekey.o (__divmodhi4)
/usr/local/Cellar/avr-gcc@8/8.3.0_1/lib/avr-gcc/8/gcc/avr/8.3.0/avr5/libgcc.a(_exit.o)
                              /usr/local/Cellar/avr-gcc@8/8.3.0_1/lib/avr-gcc/8/gcc/avr/8.3.0/../../../../../../avr/lib/avr5/crtatmega32u4.o (exit)
/usr/local/Cellar/avr-gcc@8/8.3.0_1/lib/avr-gcc/8/gcc/avr/8.3.0/avr5/libgcc.a(_tablejump2.o)
                              .build/obj_Manuform6x6_rev2_Use/quantum/quantum.o (__tablejump2__)
/usr/local/Cellar/avr-gcc@8/8.3.0_1/lib/avr-gcc/8/gcc/avr/8.3.0/avr5/libgcc.a(_copy_data.o)
                              .build/obj_Manuform6x6_rev2_Use/matrix.o (__do_copy_data)
/usr/local/Cellar/avr-gcc@8/8.3.0_1/lib/avr-gcc/8/gcc/avr/8.3.0/avr5/libgcc.a(_clear_bss.o)
                              .build/obj_Manuform6x6_rev2_Use/matrix.o (__do_clear_bss)
/usr/local/Cellar/avr-gcc@8/8.3.0_1/lib/avr-gcc/8/gcc/avr/8.3.0/avr5/libgcc.a(_udivmodhi4.o)
                              /usr/local/Cellar/avr-gcc@8/8.3.0_1/lib/avr-gcc/8/gcc/avr/8.3.0/avr5/libgcc.a(_divmodhi4.o) (__udivmodhi4)
/usr/local/Cellar/avr-gcc@8/8.3.0_1/lib/avr-gcc/8/gcc/avr/8.3.0/../../../../../../avr/lib/avr5/libc.a(memmove.o)
                              .build/obj_Manuform6x6_rev2_Use/./lib/lufa/LUFA/Drivers/USB/Class/Common/HIDParser.o (memmove)
/usr/local/Cellar/avr-gcc@8/8.3.0_1/lib/avr-gcc/8/gcc/avr/8.3.0/../../../../../../avr/lib/avr5/libc.a(memcpy.o)
                              /usr/local/Cellar/avr-gcc@8/8.3.0_1/lib/avr-gcc/8/gcc/avr/8.3.0/../../../../../../avr/lib/avr5/libc.a(memmove.o) (memcpy)
/usr/local/Cellar/avr-gcc@8/8.3.0_1/lib/avr-gcc/8/gcc/avr/8.3.0/../../../../../../avr/lib/avr5/libatmega32u4.a(eerd_byte.o)
                              .build/obj_Manuform6x6_rev2_Use/common/eeconfig.o (eeprom_read_byte)
/usr/local/Cellar/avr-gcc@8/8.3.0_1/lib/avr-gcc/8/gcc/avr/8.3.0/../../../../../../avr/lib/avr5/libatmega32u4.a(eerd_word.o)
                              .build/obj_Manuform6x6_rev2_Use/common/eeconfig.o (eeprom_read_word)
/usr/local/Cellar/avr-gcc@8/8.3.0_1/lib/avr-gcc/8/gcc/avr/8.3.0/../../../../../../avr/lib/avr5/libatmega32u4.a(eeupd_byte.o)
                              .build/obj_Manuform6x6_rev2_Use/common/eeconfig.o (eeprom_update_byte)
/usr/local/Cellar/avr-gcc@8/8.3.0_1/lib/avr-gcc/8/gcc/avr/8.3.0/../../../../../../avr/lib/avr5/libatmega32u4.a(eeupd_word.o)
                              .build/obj_Manuform6x6_rev2_Use/common/eeconfig.o (eeprom_update_word)
/usr/local/Cellar/avr-gcc@8/8.3.0_1/lib/avr-gcc/8/gcc/avr/8.3.0/../../../../../../avr/lib/avr5/libatmega32u4.a(eerd_block.o)
                              /usr/local/Cellar/avr-gcc@8/8.3.0_1/lib/avr-gcc/8/gcc/avr/8.3.0/../../../../../../avr/lib/avr5/libatmega32u4.a(eerd_word.o) (eeprom_read_blraw)

Allocating common symbols
Common symbol       size              file

USB_IsInitialized   0x1               .build/obj_Manuform6x6_rev2_Use/./lib/lufa/LUFA/Drivers/USB/Core/USBTask.o
keymap_config       0x2               .build/obj_Manuform6x6_rev2_Use/common/magic.o
USB_DeviceState     0x1               .build/obj_Manuform6x6_rev2_Use/./lib/lufa/LUFA/Drivers/USB/Core/USBTask.o
USB_Device_ConfigurationNumber
                    0x1               .build/obj_Manuform6x6_rev2_Use/./lib/lufa/LUFA/Drivers/USB/Core/DeviceStandardReq.o
USB_Device_CurrentlySelfPowered
                    0x1               .build/obj_Manuform6x6_rev2_Use/./lib/lufa/LUFA/Drivers/USB/Core/DeviceStandardReq.o
USB_ControlRequest  0x8               .build/obj_Manuform6x6_rev2_Use/./lib/lufa/LUFA/Drivers/USB/Core/USBTask.o
tp_buttons          0x2               .build/obj_Manuform6x6_rev2_Use/common/action.o
USB_Device_RemoteWakeupEnabled
                    0x1               .build/obj_Manuform6x6_rev2_Use/./lib/lufa/LUFA/Drivers/USB/Core/DeviceStandardReq.o
timer_count         0x4               .build/obj_Manuform6x6_rev2_Use/common/avr/timer.o

Discarded input sections

 .data          0x0000000000000000        0x0 /usr/local/Cellar/avr-gcc@8/8.3.0_1/lib/avr-gcc/8/gcc/avr/8.3.0/../../../../../../avr/lib/avr5/crtatmega32u4.o
 .bss           0x0000000000000000        0x0 /usr/local/Cellar/avr-gcc@8/8.3.0_1/lib/avr-gcc/8/gcc/avr/8.3.0/../../../../../../avr/lib/avr5/crtatmega32u4.o
 .text          0x0000000000000000        0x0 .build/obj_Manuform6x6_rev2_Use/matrix.o
 .data          0x0000000000000000        0x0 .build/obj_Manuform6x6_rev2_Use/matrix.o
 .bss           0x0000000000000000        0x0 .build/obj_Manuform6x6_rev2_Use/matrix.o
 .text.matrix_init_kb
                0x0000000000000000        0x4 .build/obj_Manuform6x6_rev2_Use/matrix.o
 .text.matrix_init_quantum
                0x0000000000000000        0x4 .build/obj_Manuform6x6_rev2_Use/matrix.o
 .text.matrix_scan_quantum
[...]
Memory Configuration

Name             Origin             Length             Attributes
text             0x0000000000000000 0x0000000000020000 xr
data             0x0000000000800060 0x000000000000ffa0 rw !x
eeprom           0x0000000000810000 0x0000000000010000 rw !x
fuse             0x0000000000820000 0x0000000000000400 rw !x
lock             0x0000000000830000 0x0000000000000400 rw !x
signature        0x0000000000840000 0x0000000000000400 rw !x
user_signatures  0x0000000000850000 0x0000000000000400 rw !x
*default*        0x0000000000000000 0xffffffffffffffff

Linker script and memory map

Address of section .data set to 0x800100
LOAD /usr/local/Cellar/avr-gcc@8/8.3.0_1/lib/avr-gcc/8/gcc/avr/8.3.0/../../../../../../avr/lib/avr5/crtatmega32u4.o
LOAD .build/obj_Manuform6x6_rev2_Use/matrix.o
LOAD .build/obj_Manuform6x6_rev2_Use/i2c.o
LOAD .build/obj_Manuform6x6_rev2_Use/split_util.o
LOAD .build/obj_Manuform6x6_rev2_Use/serial.o
LOAD .build/obj_Manuform6x6_rev2_Use/ssd1306.o
LOAD .build/obj_Manuform6x6_rev2_Use/keyboards/Manuform6x6/rev2/rev2.o
LOAD .build/obj_Manuform6x6_rev2_Use/quantum/quantum.o
LOAD .build/obj_Manuform6x6_rev2_Use/quantum/keymap_common.o
LOAD .build/obj_Manuform6x6_rev2_Use/quantum/keycode_config.o
LOAD .build/obj_Manuform6x6_rev2_Use/quantum/process_keycode/process_leader.o
LOAD .build/obj_Manuform6x6_rev2_Use/common/host.o
LOAD .build/obj_Manuform6x6_rev2_Use/common/keyboard.o
LOAD .build/obj_Manuform6x6_rev2_Use/common/action.o
LOAD .build/obj_Manuform6x6_rev2_Use/common/action_tapping.o
LOAD .build/obj_Manuform6x6_rev2_Use/common/action_macro.o
LOAD .build/obj_Manuform6x6_rev2_Use/common/action_layer.o
LOAD .build/obj_Manuform6x6_rev2_Use/common/action_util.o
LOAD .build/obj_Manuform6x6_rev2_Use/common/print.o
LOAD .build/obj_Manuform6x6_rev2_Use/common/debug.o
LOAD .build/obj_Manuform6x6_rev2_Use/common/util.o
LOAD .build/obj_Manuform6x6_rev2_Use/common/eeconfig.o
LOAD .build/obj_Manuform6x6_rev2_Use/common/report.o
LOAD .build/obj_Manuform6x6_rev2_Use/common/avr/suspend.o
LOAD .build/obj_Manuform6x6_rev2_Use/common/avr/timer.o
LOAD .build/obj_Manuform6x6_rev2_Use/common/avr/bootloader.o
LOAD .build/obj_Manuform6x6_rev2_Use/common/avr/xprintf.o
LOAD .build/obj_Manuform6x6_rev2_Use/common/magic.o
LOAD .build/obj_Manuform6x6_rev2_Use/common/mousekey.o
LOAD .build/obj_Manuform6x6_rev2_Use/common/command.o
LOAD .build/obj_Manuform6x6_rev2_Use/lufa.o
LOAD .build/obj_Manuform6x6_rev2_Use/usb_descriptor.o
LOAD .build/obj_Manuform6x6_rev2_Use/outputselect.o
LOAD .build/obj_Manuform6x6_rev2_Use/./lib/lufa/LUFA/Drivers/USB/Class/Common/HIDParser.o
LOAD .build/obj_Manuform6x6_rev2_Use/./lib/lufa/LUFA/Drivers/USB/Core/AVR8/Device_AVR8.o
LOAD .build/obj_Manuform6x6_rev2_Use/./lib/lufa/LUFA/Drivers/USB/Core/AVR8/EndpointStream_AVR8.o
LOAD .build/obj_Manuform6x6_rev2_Use/./lib/lufa/LUFA/Drivers/USB/Core/AVR8/Endpoint_AVR8.o
LOAD .build/obj_Manuform6x6_rev2_Use/./lib/lufa/LUFA/Drivers/USB/Core/AVR8/Host_AVR8.o
LOAD .build/obj_Manuform6x6_rev2_Use/./lib/lufa/LUFA/Drivers/USB/Core/AVR8/PipeStream_AVR8.o
LOAD .build/obj_Manuform6x6_rev2_Use/./lib/lufa/LUFA/Drivers/USB/Core/AVR8/Pipe_AVR8.o
LOAD .build/obj_Manuform6x6_rev2_Use/./lib/lufa/LUFA/Drivers/USB/Core/AVR8/USBController_AVR8.o
LOAD .build/obj_Manuform6x6_rev2_Use/./lib/lufa/LUFA/Drivers/USB/Core/AVR8/USBInterrupt_AVR8.o
LOAD .build/obj_Manuform6x6_rev2_Use/./lib/lufa/LUFA/Drivers/USB/Core/ConfigDescriptors.o
LOAD .build/obj_Manuform6x6_rev2_Use/./lib/lufa/LUFA/Drivers/USB/Core/DeviceStandardReq.o
LOAD .build/obj_Manuform6x6_rev2_Use/./lib/lufa/LUFA/Drivers/USB/Core/Events.o
LOAD .build/obj_Manuform6x6_rev2_Use/./lib/lufa/LUFA/Drivers/USB/Core/HostStandardReq.o
LOAD .build/obj_Manuform6x6_rev2_Use/./lib/lufa/LUFA/Drivers/USB/Core/USBTask.o
LOAD /usr/local/Cellar/avr-gcc@8/8.3.0_1/lib/avr-gcc/8/gcc/avr/8.3.0/../../../../../../avr/lib/avr5/libm.a
START GROUP
LOAD /usr/local/Cellar/avr-gcc@8/8.3.0_1/lib/avr-gcc/8/gcc/avr/8.3.0/avr5/libgcc.a
LOAD /usr/local/Cellar/avr-gcc@8/8.3.0_1/lib/avr-gcc/8/gcc/avr/8.3.0/../../../../../../avr/lib/avr5/libm.a
LOAD /usr/local/Cellar/avr-gcc@8/8.3.0_1/lib/avr-gcc/8/gcc/avr/8.3.0/../../../../../../avr/lib/avr5/libc.a
LOAD /usr/local/Cellar/avr-gcc@8/8.3.0_1/lib/avr-gcc/8/gcc/avr/8.3.0/../../../../../../avr/lib/avr5/libatmega32u4.a
END GROUP
                0x0000000000020000                __TEXT_REGION_LENGTH__ = DEFINED (__TEXT_REGION_LENGTH__)?__TEXT_REGION_LENGTH__:0x20000
                0x000000000000ffa0                __DATA_REGION_LENGTH__ = DEFINED (__DATA_REGION_LENGTH__)?__DATA_REGION_LENGTH__:0xffa0
                0x0000000000010000                __EEPROM_REGION_LENGTH__ = DEFINED (__EEPROM_REGION_LENGTH__)?__EEPROM_REGION_LENGTH__:0x10000
                0x0000000000000400                __FUSE_REGION_LENGTH__ = DEFINED (__FUSE_REGION_LENGTH__)?__FUSE_REGION_LENGTH__:0x400
                0x0000000000000400                __LOCK_REGION_LENGTH__ = DEFINED (__LOCK_REGION_LENGTH__)?__LOCK_REGION_LENGTH__:0x400
                0x0000000000000400                __SIGNATURE_REGION_LENGTH__ = DEFINED (__SIGNATURE_REGION_LENGTH__)?__SIGNATURE_REGION_LENGTH__:0x400
                0x0000000000000400                __USER_SIGNATURE_REGION_LENGTH__ = DEFINED (__USER_SIGNATURE_REGION_LENGTH__)?__USER_SIGNATURE_REGION_LENGTH__:0x400

.hash
 *(.hash)

.dynsym
 *(.dynsym)

.dynstr
 *(.dynstr)

.gnu.version
 *(.gnu.version)

.gnu.version_d
 *(.gnu.version_d)

.gnu.version_r
 *(.gnu.version_r)

.rel.init
 *(.rel.init)

.rela.init
 *(.rela.init)

.rel.text
 *(.rel.text)
 *(.rel.text.*)
 *(.rel.gnu.linkonce.t*)

.rela.text
 *(.rela.text)
 *(.rela.text.*)
 *(.rela.gnu.linkonce.t*)

.rel.fini
 *(.rel.fini)

.rela.fini
 *(.rela.fini)

.rel.rodata
 *(.rel.rodata)
 *(.rel.rodata.*)
 *(.rel.gnu.linkonce.r*)

.rela.rodata
 *(.rela.rodata)
 *(.rela.rodata.*)
 *(.rela.gnu.linkonce.r*)

.rel.data
 *(.rel.data)
 *(.rel.data.*)
 *(.rel.gnu.linkonce.d*)

.rela.data
 *(.rela.data)
 *(.rela.data.*)
 *(.rela.gnu.linkonce.d*)

.rel.ctors
 *(.rel.ctors)

.rela.ctors
 *(.rela.ctors)

.rel.dtors
 *(.rel.dtors)

.rela.dtors
 *(.rela.dtors)

.rel.got
 *(.rel.got)

.rela.got
 *(.rela.got)

.rel.bss
 *(.rel.bss)

.rela.bss
 *(.rela.bss)

.rel.plt
 *(.rel.plt)

.rela.plt
 *(.rela.plt)

.text           0x0000000000000000     0x405e
 *(.vectors)
 .vectors       0x0000000000000000       0xac /usr/local/Cellar/avr-gcc@8/8.3.0_1/lib/avr-gcc/8/gcc/avr/8.3.0/../../../../../../avr/lib/avr5/crtatmega32u4.o
                0x0000000000000000                __vectors
                0x0000000000000000                __vector_default
 *(.vectors)
 *(.progmem.gcc*)
                0x00000000000000ac                . = ALIGN (0x2)
                0x00000000000000ac                __trampolines_start = .
 *(.trampolines)
 .trampolines   0x00000000000000ac        0x0 linker stubs
 *(.trampolines*)
                0x00000000000000ac                __trampolines_end = .
 *libprintf_flt.a:*(.progmem.data)
 *libc.a:*(.progmem.data)
 *(.progmem.*)
 .progmem.data.fn_actions
                0x00000000000000ac        0x0 .build/obj_Manuform6x6_rev2_Use/quantum/keymap_common.o
                0x00000000000000ac                fn_actions
 .progmem.data.SerialNumberString
                0x00000000000000ac        0x6 .build/obj_Manuform6x6_rev2_Use/usb_descriptor.o
                0x00000000000000ac                SerialNumberString
 .progmem.data.ProductString
                0x00000000000000b2       0x14 .build/obj_Manuform6x6_rev2_Use/usb_descriptor.o
                0x00000000000000b2                ProductString
 .progmem.data.ManufacturerString
                0x00000000000000c6       0x18 .build/obj_Manuform6x6_rev2_Use/usb_descriptor.o
                0x00000000000000c6                ManufacturerString
 .progmem.data.LanguageString
                0x00000000000000de        0x4 .build/obj_Manuform6x6_rev2_Use/usb_descriptor.o
                0x00000000000000de                LanguageString
 .progmem.data.ConfigurationDescriptor
                0x00000000000000e2       0x54 .build/obj_Manuform6x6_rev2_Use/usb_descriptor.o
                0x00000000000000e2                ConfigurationDescriptor
 .progmem.data.DeviceDescriptor
                0x0000000000000136       0x12 .build/obj_Manuform6x6_rev2_Use/usb_descriptor.o
                0x0000000000000136                DeviceDescriptor
 .progmem.data.ExtrakeyReport
                0x0000000000000148       0x36 .build/obj_Manuform6x6_rev2_Use/usb_descriptor.o
                0x0000000000000148                ExtrakeyReport
 .progmem.data.MouseReport
                0x000000000000017e       0x4d .build/obj_Manuform6x6_rev2_Use/usb_descriptor.o
                0x000000000000017e                MouseReport
 .progmem.data.KeyboardReport
                0x00000000000001cb       0x40 .build/obj_Manuform6x6_rev2_Use/usb_descriptor.o
                0x00000000000001cb                KeyboardReport
                0x000000000000020c                . = ALIGN (0x2)
 *fill*         0x000000000000020b        0x1 
 *(.lowtext)
 *(.lowtext*)
                0x000000000000020c                __ctors_start = .
 *(.ctors)
                0x000000000000020c                __ctors_end = .
                0x000000000000020c                __dtors_start = .
 *(.dtors)
                0x000000000000020c                __dtors_end = .
 SORT_BY_NAME(*)(.ctors)
 SORT_BY_NAME(*)(.dtors)
 *(.init0)
 .init0         0x000000000000020c        0x0 /usr/local/Cellar/avr-gcc@8/8.3.0_1/lib/avr-gcc/8/gcc/avr/8.3.0/../../../../../../avr/lib/avr5/crtatmega32u4.o
                0x000000000000020c                __init
 *(.init0)
 *(.init1)
 *(.init1)
 *(.init2)
 .init2         0x000000000000020c        0xc /usr/local/Cellar/avr-gcc@8/8.3.0_1/lib/avr-gcc/8/gcc/avr/8.3.0/../../../../../../avr/lib/avr5/crtatmega32u4.o
 *(.init2)
 *(.init3)
 .init3         0x0000000000000218       0x54 .build/obj_Manuform6x6_rev2_Use/common/avr/bootloader.o
                0x0000000000000218                bootloader_jump_after_watchdog_reset
 *(.init3)
 *(.init4)
 .init4         0x000000000000026c       0x16 /usr/local/Cellar/avr-gcc@8/8.3.0_1/lib/avr-gcc/8/gcc/avr/8.3.0/avr5/libgcc.a(_copy_data.o)
                0x000000000000026c                __do_copy_data
 .init4         0x0000000000000282       0x10 /usr/local/Cellar/avr-gcc@8/8.3.0_1/lib/avr-gcc/8/gcc/avr/8.3.0/avr5/libgcc.a(_clear_bss.o)
                0x0000000000000282                __do_clear_bss
 *(.init4)
 *(.init5)
 *(.init5)
 *(.init6)
 *(.init6)
 *(.init7)
 *(.init7)
 *(.init8)
 *(.init8)
 *(.init9)
 .init9         0x0000000000000292        0x8 /usr/local/Cellar/avr-gcc@8/8.3.0_1/lib/avr-gcc/8/gcc/avr/8.3.0/../../../../../../avr/lib/avr5/crtatmega32u4.o
 *(.init9)
 *(.text)
 .text          0x000000000000029a        0x4 /usr/local/Cellar/avr-gcc@8/8.3.0_1/lib/avr-gcc/8/gcc/avr/8.3.0/../../../../../../avr/lib/avr5/crtatmega32u4.o
                0x000000000000029a                __vector_42
                0x000000000000029a                __vector_22
                0x000000000000029a                __vector_28
                0x000000000000029a                __vector_32
                0x000000000000029a                __vector_34
                0x000000000000029a                __vector_24
                0x000000000000029a                __bad_interrupt
                0x000000000000029a                __vector_6
                0x000000000000029a                __vector_31
                0x000000000000029a                __vector_35
                0x000000000000029a                __vector_39
                0x000000000000029a                __vector_3
                0x000000000000029a                __vector_23
                0x000000000000029a                __vector_30
                0x000000000000029a                __vector_25
                0x000000000000029a                __vector_13
                0x000000000000029a                __vector_17
                0x000000000000029a                __vector_19
                0x000000000000029a                __vector_7
                0x000000000000029a                __vector_41
                0x000000000000029a                __vector_27
                0x000000000000029a                __vector_5
                0x000000000000029a                __vector_33
                0x000000000000029a                __vector_37
                0x000000000000029a                __vector_4
                0x000000000000029a                __vector_9
                0x000000000000029a                __vector_2
                0x000000000000029a                __vector_15
                0x000000000000029a                __vector_36
                0x000000000000029a                __vector_29
                0x000000000000029a                __vector_40
                0x000000000000029a                __vector_8
                0x000000000000029a                __vector_26
                0x000000000000029a                __vector_14
                0x000000000000029a                __vector_16
                0x000000000000029a                __vector_18
                0x000000000000029a                __vector_20
                0x000000000000029a                __vector_38
                0x000000000000029e                . = ALIGN (0x2)
 *(.text.*)
 .text.matrix_init_user
                0x000000000000029e        0x2 .build/obj_Manuform6x6_rev2_Use/matrix.o
                0x000000000000029e                matrix_init_user
 .text.matrix_scan_user
                0x00000000000002a0        0x2 .build/obj_Manuform6x6_rev2_Use/matrix.o
                0x00000000000002a0                matrix_scan_user
 .text.matrix_scan_kb
                0x00000000000002a2        0x4 .build/obj_Manuform6x6_rev2_Use/matrix.o
                0x00000000000002a2                matrix_scan_kb
 .text.matrix_init
                0x00000000000002a6       0x94 .build/obj_Manuform6x6_rev2_Use/matrix.o
                0x00000000000002a6                matrix_init
 .text._matrix_scan
                0x000000000000033a      0x19c .build/obj_Manuform6x6_rev2_Use/matrix.o
                0x000000000000033a                _matrix_scan
 .text.serial_transaction
                0x00000000000004d6       0x44 .build/obj_Manuform6x6_rev2_Use/matrix.o
                0x00000000000004d6                serial_transaction
 .text.matrix_scan
                0x000000000000051a       0x50 .build/obj_Manuform6x6_rev2_Use/matrix.o
                0x000000000000051a                matrix_scan
 .text.matrix_slave_scan
                0x000000000000056a       0x30 .build/obj_Manuform6x6_rev2_Use/matrix.o
                0x000000000000056a                matrix_slave_scan
 .text.matrix_get_row
                0x000000000000059a        0xc .build/obj_Manuform6x6_rev2_Use/matrix.o
                0x000000000000059a                matrix_get_row
 .text.matrix_print
                0x00000000000005a6        0x2 .build/obj_Manuform6x6_rev2_Use/matrix.o
                0x00000000000005a6                matrix_print
 .text.has_usb  0x00000000000005a8       0x1a .build/obj_Manuform6x6_rev2_Use/split_util.o
                0x00000000000005a8                has_usb
 .text.split_keyboard_setup
                0x00000000000005c2       0x22 .build/obj_Manuform6x6_rev2_Use/split_util.o
                0x00000000000005c2                split_keyboard_setup
 .text.keyboard_slave_loop
                0x00000000000005e4        0xa .build/obj_Manuform6x6_rev2_Use/split_util.o
                0x00000000000005e4                keyboard_slave_loop
 .text.matrix_setup
                0x00000000000005ee       0x12 .build/obj_Manuform6x6_rev2_Use/split_util.o
                0x00000000000005ee                matrix_setup
 .text.serial_output
                0x0000000000000600        0x4 .build/obj_Manuform6x6_rev2_Use/serial.o
 .text.serial_input
                0x0000000000000604        0x6 .build/obj_Manuform6x6_rev2_Use/serial.o
 .text.serial_high
                0x000000000000060a        0x4 .build/obj_Manuform6x6_rev2_Use/serial.o
 .text.sync_recv
                0x000000000000060e       0x10 .build/obj_Manuform6x6_rev2_Use/serial.o
 .text.serial_read_byte
                0x000000000000061e       0x24 .build/obj_Manuform6x6_rev2_Use/serial.o
 .text.serial_write_byte
                0x0000000000000642       0x3e .build/obj_Manuform6x6_rev2_Use/serial.o
 .text.sync_send
                0x0000000000000680       0x10 .build/obj_Manuform6x6_rev2_Use/serial.o
 .text.serial_master_init
                0x0000000000000690        0x8 .build/obj_Manuform6x6_rev2_Use/serial.o
                0x0000000000000690                serial_master_init
 .text.serial_slave_init
                0x0000000000000698       0x12 .build/obj_Manuform6x6_rev2_Use/serial.o
                0x0000000000000698                serial_slave_init
 .text.__vector_1
                0x00000000000006aa       0xca .build/obj_Manuform6x6_rev2_Use/serial.o
                0x00000000000006aa                __vector_1
 .text.serial_update_buffers
                0x0000000000000774       0xa2 .build/obj_Manuform6x6_rev2_Use/serial.o
                0x0000000000000774                serial_update_buffers
 .text.matrix_init_kb
                0x0000000000000816        0x4 .build/obj_Manuform6x6_rev2_Use/keyboards/Manuform6x6/rev2/rev2.o
                0x0000000000000816                matrix_init_kb
 .text.process_action_kb
                0x000000000000081a        0x4 .build/obj_Manuform6x6_rev2_Use/quantum/quantum.o
                0x000000000000081a                process_action_kb
 .text.process_record_user
                0x000000000000081e        0x4 .build/obj_Manuform6x6_rev2_Use/quantum/quantum.o
                0x000000000000081e                process_record_user
 .text.process_record_kb
                0x0000000000000822        0x4 .build/obj_Manuform6x6_rev2_Use/quantum/quantum.o
                0x0000000000000822                process_record_kb
 .text.reset_keyboard
                0x0000000000000826       0x26 .build/obj_Manuform6x6_rev2_Use/quantum/quantum.o
                0x0000000000000826                reset_keyboard
 .text.process_record_quantum
                0x000000000000084c      0x2d0 .build/obj_Manuform6x6_rev2_Use/quantum/quantum.o
                0x000000000000084c                process_record_quantum
 .text.matrix_init_quantum
                0x0000000000000b1c        0x4 .build/obj_Manuform6x6_rev2_Use/quantum/quantum.o
                0x0000000000000b1c                matrix_init_quantum
 .text.matrix_scan_quantum
                0x0000000000000b20        0x4 .build/obj_Manuform6x6_rev2_Use/quantum/quantum.o
                0x0000000000000b20                matrix_scan_quantum
 .text.led_set_user
                0x0000000000000b24        0x2 .build/obj_Manuform6x6_rev2_Use/quantum/quantum.o
                0x0000000000000b24                led_set_user
 .text.led_set_kb
                0x0000000000000b26        0x4 .build/obj_Manuform6x6_rev2_Use/quantum/quantum.o
                0x0000000000000b26                led_set_kb
 .text.led_set  0x0000000000000b2a        0x4 .build/obj_Manuform6x6_rev2_Use/quantum/quantum.o
                0x0000000000000b2a                led_set
 .text.action_get_macro
                0x0000000000000b2e        0x6 .build/obj_Manuform6x6_rev2_Use/quantum/keymap_common.o
                0x0000000000000b2e                action_get_macro
 .text.action_function
                0x0000000000000b34        0x2 .build/obj_Manuform6x6_rev2_Use/quantum/keymap_common.o
                0x0000000000000b34                action_function
 .text.keymap_key_to_keycode
                0x0000000000000b36       0x28 .build/obj_Manuform6x6_rev2_Use/quantum/keymap_common.o
                0x0000000000000b36                keymap_key_to_keycode
 .text.keymap_function_id_to_action
                0x0000000000000b5e       0x10 .build/obj_Manuform6x6_rev2_Use/quantum/keymap_common.o
                0x0000000000000b5e                keymap_function_id_to_action
 .text.action_for_key
                0x0000000000000b6e      0x340 .build/obj_Manuform6x6_rev2_Use/quantum/keymap_common.o
                0x0000000000000b6e                action_for_key
 .text.keycode_config
                0x0000000000000eae       0xf6 .build/obj_Manuform6x6_rev2_Use/quantum/keycode_config.o
                0x0000000000000eae                keycode_config
 .text.mod_config
                0x0000000000000fa4       0x46 .build/obj_Manuform6x6_rev2_Use/quantum/keycode_config.o
                0x0000000000000fa4                mod_config
 .text.leader_start
                0x0000000000000fea        0x2 .build/obj_Manuform6x6_rev2_Use/quantum/process_keycode/process_leader.o
                0x0000000000000fea                leader_start
 .text.process_leader
                0x0000000000000fec       0x9e .build/obj_Manuform6x6_rev2_Use/quantum/process_keycode/process_leader.o
                0x0000000000000fec                process_leader
 .text.host_set_driver
                0x000000000000108a        0xa .build/obj_Manuform6x6_rev2_Use/common/host.o
                0x000000000000108a                host_set_driver
 .text.host_keyboard_leds
                0x0000000000001094       0x18 .build/obj_Manuform6x6_rev2_Use/common/host.o
                0x0000000000001094                host_keyboard_leds
 .text.host_keyboard_send
                0x00000000000010ac       0x16 .build/obj_Manuform6x6_rev2_Use/common/host.o
                0x00000000000010ac                host_keyboard_send
 .text.host_mouse_send
                0x00000000000010c2       0x16 .build/obj_Manuform6x6_rev2_Use/common/host.o
                0x00000000000010c2                host_mouse_send
 .text.host_system_send
                0x00000000000010d8       0x2c .build/obj_Manuform6x6_rev2_Use/common/host.o
                0x00000000000010d8                host_system_send
 .text.host_consumer_send
                0x0000000000001104       0x2c .build/obj_Manuform6x6_rev2_Use/common/host.o
                0x0000000000001104                host_consumer_send
 .text.keyboard_setup
                0x0000000000001130        0x4 .build/obj_Manuform6x6_rev2_Use/common/keyboard.o
                0x0000000000001130                keyboard_setup
 .text.is_keyboard_master
                0x0000000000001134        0x4 .build/obj_Manuform6x6_rev2_Use/common/keyboard.o
                0x0000000000001134                is_keyboard_master
 .text.keyboard_init
                0x0000000000001138        0xc .build/obj_Manuform6x6_rev2_Use/common/keyboard.o
                0x0000000000001138                keyboard_init
 .text.keyboard_task
                0x0000000000001144      0x154 .build/obj_Manuform6x6_rev2_Use/common/keyboard.o
                0x0000000000001144                keyboard_task
 .text.action_exec
                0x0000000000001298       0x54 .build/obj_Manuform6x6_rev2_Use/common/action.o
                0x0000000000001298                action_exec
 .text.process_record_tap_hint
                0x00000000000012ec        0xa .build/obj_Manuform6x6_rev2_Use/common/action.o
                0x00000000000012ec                process_record_tap_hint
 .text.register_code
                0x00000000000012f6      0x1b6 .build/obj_Manuform6x6_rev2_Use/common/action.o
                0x00000000000012f6                register_code
 .text.unregister_code
                0x00000000000014ac       0x9e .build/obj_Manuform6x6_rev2_Use/common/action.o
                0x00000000000014ac                unregister_code
 .text.register_mods
                0x000000000000154a        0xe .build/obj_Manuform6x6_rev2_Use/common/action.o
                0x000000000000154a                register_mods
 .text.unregister_mods
                0x0000000000001558        0xe .build/obj_Manuform6x6_rev2_Use/common/action.o
                0x0000000000001558                unregister_mods
 .text.process_action
                0x0000000000001566      0x4b4 .build/obj_Manuform6x6_rev2_Use/common/action.o
                0x0000000000001566                process_action
 .text.process_record
                0x0000000000001a1a       0x54 .build/obj_Manuform6x6_rev2_Use/common/action.o
                0x0000000000001a1a                process_record
 .text.clear_keyboard_but_mods
                0x0000000000001a6e       0x28 .build/obj_Manuform6x6_rev2_Use/common/action.o
                0x0000000000001a6e                clear_keyboard_but_mods
 .text.clear_keyboard
                0x0000000000001a96        0x8 .build/obj_Manuform6x6_rev2_Use/common/action.o
                0x0000000000001a96                clear_keyboard
 .text.is_tap_key
                0x0000000000001a9e       0x42 .build/obj_Manuform6x6_rev2_Use/common/action.o
                0x0000000000001a9e                is_tap_key
 .text.debug_event
                0x0000000000001ae0       0x1e .build/obj_Manuform6x6_rev2_Use/common/action.o
                0x0000000000001ae0                debug_event
 .text.debug_record
                0x0000000000001afe       0x20 .build/obj_Manuform6x6_rev2_Use/common/action.o
                0x0000000000001afe                debug_record
 .text.debug_waiting_buffer
                0x0000000000001b1e       0x42 .build/obj_Manuform6x6_rev2_Use/common/action_tapping.o
 .text.debug_tapping_key
                0x0000000000001b60       0x1c .build/obj_Manuform6x6_rev2_Use/common/action_tapping.o
 .text.waiting_buffer_scan_tap
                0x0000000000001b7c       0xc8 .build/obj_Manuform6x6_rev2_Use/common/action_tapping.o
 .text.process_tapping
                0x0000000000001c44      0x38e .build/obj_Manuform6x6_rev2_Use/common/action_tapping.o
 .text.action_tapping_process
                0x0000000000001fd2      0x134 .build/obj_Manuform6x6_rev2_Use/common/action_tapping.o
                0x0000000000001fd2                action_tapping_process
 .text.action_macro_play
                0x0000000000002106       0xf0 .build/obj_Manuform6x6_rev2_Use/common/action_macro.o
                0x0000000000002106                action_macro_play
 .text.default_layer_state_set_kb
                0x00000000000021f6        0x2 .build/obj_Manuform6x6_rev2_Use/common/action_layer.o
                0x00000000000021f6                default_layer_state_set_kb
 .text.default_layer_state_set
                0x00000000000021f8       0x18 .build/obj_Manuform6x6_rev2_Use/common/action_layer.o
 .text.default_layer_debug
                0x0000000000002210        0x2 .build/obj_Manuform6x6_rev2_Use/common/action_layer.o
                0x0000000000002210                default_layer_debug
 .text.default_layer_set
                0x0000000000002212        0x4 .build/obj_Manuform6x6_rev2_Use/common/action_layer.o
                0x0000000000002212                default_layer_set
 .text.default_layer_or
                0x0000000000002216       0x24 .build/obj_Manuform6x6_rev2_Use/common/action_layer.o
                0x0000000000002216                default_layer_or
 .text.default_layer_and
                0x000000000000223a       0x24 .build/obj_Manuform6x6_rev2_Use/common/action_layer.o
                0x000000000000223a                default_layer_and
 .text.default_layer_xor
                0x000000000000225e       0x24 .build/obj_Manuform6x6_rev2_Use/common/action_layer.o
                0x000000000000225e                default_layer_xor
 .text.layer_state_set_user
                0x0000000000002282        0x4 .build/obj_Manuform6x6_rev2_Use/common/action_layer.o
                0x0000000000002282                layer_state_set_user
 .text.layer_state_set_kb
                0x0000000000002286        0x4 .build/obj_Manuform6x6_rev2_Use/common/action_layer.o
                0x0000000000002286                layer_state_set_kb
 .text.layer_state_set
                0x000000000000228a       0x18 .build/obj_Manuform6x6_rev2_Use/common/action_layer.o
                0x000000000000228a                layer_state_set
 .text.layer_clear
                0x00000000000022a2        0xa .build/obj_Manuform6x6_rev2_Use/common/action_layer.o
                0x00000000000022a2                layer_clear
 .text.layer_move
                0x00000000000022ac       0x2a .build/obj_Manuform6x6_rev2_Use/common/action_layer.o
                0x00000000000022ac                layer_move
 .text.layer_on
                0x00000000000022d6       0x42 .build/obj_Manuform6x6_rev2_Use/common/action_layer.o
                0x00000000000022d6                layer_on
 .text.layer_off
                0x0000000000002318       0x46 .build/obj_Manuform6x6_rev2_Use/common/action_layer.o
                0x0000000000002318                layer_off
 .text.layer_invert
                0x000000000000235e       0x42 .build/obj_Manuform6x6_rev2_Use/common/action_layer.o
                0x000000000000235e                layer_invert
 .text.layer_or
                0x00000000000023a0       0x24 .build/obj_Manuform6x6_rev2_Use/common/action_layer.o
                0x00000000000023a0                layer_or
 .text.layer_and
                0x00000000000023c4       0x24 .build/obj_Manuform6x6_rev2_Use/common/action_layer.o
                0x00000000000023c4                layer_and
 .text.layer_xor
                0x00000000000023e8       0x24 .build/obj_Manuform6x6_rev2_Use/common/action_layer.o
                0x00000000000023e8                layer_xor
 .text.layer_debug
                0x000000000000240c        0x2 .build/obj_Manuform6x6_rev2_Use/common/action_layer.o
                0x000000000000240c                layer_debug
 .text.layer_switch_get_layer
                0x000000000000240e       0x84 .build/obj_Manuform6x6_rev2_Use/common/action_layer.o
                0x000000000000240e                layer_switch_get_layer
 .text.layer_switch_get_action
                0x0000000000002492       0x14 .build/obj_Manuform6x6_rev2_Use/common/action_layer.o
                0x0000000000002492                layer_switch_get_action
 .text.store_or_get_action
                0x00000000000024a6        0x6 .build/obj_Manuform6x6_rev2_Use/common/action_layer.o
                0x00000000000024a6                store_or_get_action
 .text.add_key  0x00000000000024ac        0xe .build/obj_Manuform6x6_rev2_Use/common/action_util.o
                0x00000000000024ac                add_key
 .text.del_key  0x00000000000024ba        0xe .build/obj_Manuform6x6_rev2_Use/common/action_util.o
                0x00000000000024ba                del_key
 .text.clear_keys
                0x00000000000024c8        0xc .build/obj_Manuform6x6_rev2_Use/common/action_util.o
                0x00000000000024c8                clear_keys
 .text.get_oneshot_layer
                0x00000000000024d4        0xc .build/obj_Manuform6x6_rev2_Use/common/action_util.o
                0x00000000000024d4                get_oneshot_layer
 .text.get_oneshot_layer_state
                0x00000000000024e0        0x8 .build/obj_Manuform6x6_rev2_Use/common/action_util.o
                0x00000000000024e0                get_oneshot_layer_state
 .text.set_oneshot_layer
                0x00000000000024e8       0x12 .build/obj_Manuform6x6_rev2_Use/common/action_util.o
                0x00000000000024e8                set_oneshot_layer
 .text.clear_oneshot_layer_state
                0x00000000000024fa       0x2c .build/obj_Manuform6x6_rev2_Use/common/action_util.o
                0x00000000000024fa                clear_oneshot_layer_state
 .text.is_oneshot_layer_active
                0x0000000000002526        0xe .build/obj_Manuform6x6_rev2_Use/common/action_util.o
                0x0000000000002526                is_oneshot_layer_active
 .text.send_keyboard_report
                0x0000000000002534       0x66 .build/obj_Manuform6x6_rev2_Use/common/action_util.o
                0x0000000000002534                send_keyboard_report
 .text.get_mods
                0x000000000000259a        0x6 .build/obj_Manuform6x6_rev2_Use/common/action_util.o
                0x000000000000259a                get_mods
 .text.add_mods
                0x00000000000025a0        0xc .build/obj_Manuform6x6_rev2_Use/common/action_util.o
                0x00000000000025a0                add_mods
 .text.del_mods
                0x00000000000025ac        0xe .build/obj_Manuform6x6_rev2_Use/common/action_util.o
                0x00000000000025ac                del_mods
 .text.clear_mods
                0x00000000000025ba        0x6 .build/obj_Manuform6x6_rev2_Use/common/action_util.o
                0x00000000000025ba                clear_mods
 .text.add_weak_mods
                0x00000000000025c0        0xc .build/obj_Manuform6x6_rev2_Use/common/action_util.o
                0x00000000000025c0                add_weak_mods
 .text.del_weak_mods
                0x00000000000025cc        0xe .build/obj_Manuform6x6_rev2_Use/common/action_util.o
                0x00000000000025cc                del_weak_mods
 .text.clear_weak_mods
                0x00000000000025da        0x6 .build/obj_Manuform6x6_rev2_Use/common/action_util.o
                0x00000000000025da                clear_weak_mods
 .text.add_macro_mods
                0x00000000000025e0        0xc .build/obj_Manuform6x6_rev2_Use/common/action_util.o
                0x00000000000025e0                add_macro_mods
 .text.del_macro_mods
                0x00000000000025ec        0xe .build/obj_Manuform6x6_rev2_Use/common/action_util.o
                0x00000000000025ec                del_macro_mods
 .text.clear_macro_mods
                0x00000000000025fa        0x6 .build/obj_Manuform6x6_rev2_Use/common/action_util.o
                0x00000000000025fa                clear_macro_mods
 .text.set_oneshot_mods
                0x0000000000002600        0x6 .build/obj_Manuform6x6_rev2_Use/common/action_util.o
                0x0000000000002600                set_oneshot_mods
 .text.clear_oneshot_mods
                0x0000000000002606        0x6 .build/obj_Manuform6x6_rev2_Use/common/action_util.o
                0x0000000000002606                clear_oneshot_mods
 .text.get_oneshot_mods
                0x000000000000260c        0x6 .build/obj_Manuform6x6_rev2_Use/common/action_util.o
                0x000000000000260c                get_oneshot_mods
 .text.eeconfig_init
                0x0000000000002612       0x34 .build/obj_Manuform6x6_rev2_Use/common/eeconfig.o
                0x0000000000002612                eeconfig_init
 .text.eeconfig_is_enabled
                0x0000000000002646       0x16 .build/obj_Manuform6x6_rev2_Use/common/eeconfig.o
                0x0000000000002646                eeconfig_is_enabled
 .text.eeconfig_read_debug
                0x000000000000265c        0x8 .build/obj_Manuform6x6_rev2_Use/common/eeconfig.o
                0x000000000000265c                eeconfig_read_debug
 .text.eeconfig_read_default_layer
                0x0000000000002664        0x8 .build/obj_Manuform6x6_rev2_Use/common/eeconfig.o
                0x0000000000002664                eeconfig_read_default_layer
 .text.eeconfig_read_keymap
                0x000000000000266c        0x8 .build/obj_Manuform6x6_rev2_Use/common/eeconfig.o
                0x000000000000266c                eeconfig_read_keymap
 .text.eeconfig_update_keymap
                0x0000000000002674        0xa .build/obj_Manuform6x6_rev2_Use/common/eeconfig.o
                0x0000000000002674                eeconfig_update_keymap
 .text.has_anykey
                0x000000000000267e       0x1a .build/obj_Manuform6x6_rev2_Use/common/report.o
                0x000000000000267e                has_anykey
 .text.add_key_byte
                0x0000000000002698       0x34 .build/obj_Manuform6x6_rev2_Use/common/report.o
                0x0000000000002698                add_key_byte
 .text.del_key_byte
                0x00000000000026cc       0x1a .build/obj_Manuform6x6_rev2_Use/common/report.o
                0x00000000000026cc                del_key_byte
 .text.add_key_to_report
                0x00000000000026e6        0x4 .build/obj_Manuform6x6_rev2_Use/common/report.o
                0x00000000000026e6                add_key_to_report
 .text.del_key_from_report
                0x00000000000026ea        0x4 .build/obj_Manuform6x6_rev2_Use/common/report.o
                0x00000000000026ea                del_key_from_report
 .text.clear_keys_from_report
                0x00000000000026ee       0x12 .build/obj_Manuform6x6_rev2_Use/common/report.o
                0x00000000000026ee                clear_keys_from_report
 .text.suspend_power_down
                0x0000000000002700       0x58 .build/obj_Manuform6x6_rev2_Use/common/avr/suspend.o
                0x0000000000002700                suspend_power_down
 .text.matrix_power_up
                0x0000000000002758        0x2 .build/obj_Manuform6x6_rev2_Use/common/avr/suspend.o
                0x0000000000002758                matrix_power_up
 .text.matrix_power_down
                0x000000000000275a        0x2 .build/obj_Manuform6x6_rev2_Use/common/avr/suspend.o
                0x000000000000275a                matrix_power_down
 .text.suspend_wakeup_condition
                0x000000000000275c       0x28 .build/obj_Manuform6x6_rev2_Use/common/avr/suspend.o
                0x000000000000275c                suspend_wakeup_condition
 .text.suspend_wakeup_init
                0x0000000000002784        0xc .build/obj_Manuform6x6_rev2_Use/common/avr/suspend.o
                0x0000000000002784                suspend_wakeup_init
 .text.__vector_12
                0x0000000000002790       0x4e .build/obj_Manuform6x6_rev2_Use/common/avr/suspend.o
                0x0000000000002790                __vector_12
 .text.timer_init
                0x00000000000027de       0x12 .build/obj_Manuform6x6_rev2_Use/common/avr/timer.o
                0x00000000000027de                timer_init
 .text.timer_read
                0x00000000000027f0       0x18 .build/obj_Manuform6x6_rev2_Use/common/avr/timer.o
                0x00000000000027f0                timer_read
 .text.timer_elapsed
                0x0000000000002808       0x54 .build/obj_Manuform6x6_rev2_Use/common/avr/timer.o
                0x0000000000002808                timer_elapsed
 .text.__vector_21
                0x000000000000285c       0x48 .build/obj_Manuform6x6_rev2_Use/common/avr/timer.o
                0x000000000000285c                __vector_21
 .text.bootloader_jump
                0x00000000000028a4       0x22 .build/obj_Manuform6x6_rev2_Use/common/avr/bootloader.o
                0x00000000000028a4                bootloader_jump
 .text.magic    0x00000000000028c6       0x32 .build/obj_Manuform6x6_rev2_Use/common/magic.o
                0x00000000000028c6                magic
 .text.move_unit
                0x00000000000028f8       0x94 .build/obj_Manuform6x6_rev2_Use/common/mousekey.o
 .text.wheel_unit
                0x000000000000298c       0x72 .build/obj_Manuform6x6_rev2_Use/common/mousekey.o
 .text.mousekey_on
                0x00000000000029fe       0xd0 .build/obj_Manuform6x6_rev2_Use/common/mousekey.o
                0x00000000000029fe                mousekey_on
 .text.mousekey_off
                0x0000000000002ace       0xfe .build/obj_Manuform6x6_rev2_Use/common/mousekey.o
                0x0000000000002ace                mousekey_off
 .text.mousekey_send
                0x0000000000002bcc       0x16 .build/obj_Manuform6x6_rev2_Use/common/mousekey.o
                0x0000000000002bcc                mousekey_send
 .text.mousekey_task
                0x0000000000002be2      0x114 .build/obj_Manuform6x6_rev2_Use/common/mousekey.o
                0x0000000000002be2                mousekey_task
 .text.mousekey_clear
                0x0000000000002cf6       0x18 .build/obj_Manuform6x6_rev2_Use/common/mousekey.o
                0x0000000000002cf6                mousekey_clear
 .text.mousekey_param_inc
                0x0000000000002d0e       0xec .build/obj_Manuform6x6_rev2_Use/common/command.o
 .text.mousekey_param_dec
                0x0000000000002dfa       0xa0 .build/obj_Manuform6x6_rev2_Use/common/command.o
 .text.switch_default_layer
                0x0000000000002e9a       0x2e .build/obj_Manuform6x6_rev2_Use/common/command.o
 .text.command_common
                0x0000000000002ec8      0x100 .build/obj_Manuform6x6_rev2_Use/common/command.o
 .text.command_extra
                0x0000000000002fc8        0x4 .build/obj_Manuform6x6_rev2_Use/common/command.o
                0x0000000000002fc8                command_extra
 .text.command_console_extra
                0x0000000000002fcc        0x4 .build/obj_Manuform6x6_rev2_Use/common/command.o
                0x0000000000002fcc                command_console_extra
 .text.numkey2num
                0x0000000000002fd0       0x16 .build/obj_Manuform6x6_rev2_Use/common/command.o
                0x0000000000002fd0                numkey2num
 .text.command_proc
                0x0000000000002fe6      0x11e .build/obj_Manuform6x6_rev2_Use/common/command.o
                0x0000000000002fe6                command_proc
 .text.keyboard_leds
                0x0000000000003104        0x6 .build/obj_Manuform6x6_rev2_Use/lufa.o
 .text.send_consumer
                0x000000000000310a       0x74 .build/obj_Manuform6x6_rev2_Use/lufa.o
 .text.send_system
                0x000000000000317e       0x6c .build/obj_Manuform6x6_rev2_Use/lufa.o
 .text.send_mouse
                0x00000000000031ea       0x56 .build/obj_Manuform6x6_rev2_Use/lufa.o
 .text.send_keyboard
                0x0000000000003240       0x66 .build/obj_Manuform6x6_rev2_Use/lufa.o
 .text.EVENT_USB_Device_Connect
                0x00000000000032a6       0x1c .build/obj_Manuform6x6_rev2_Use/lufa.o
                0x00000000000032a6                EVENT_USB_Device_Connect
 .text.EVENT_USB_Device_Disconnect
                0x00000000000032c2        0x6 .build/obj_Manuform6x6_rev2_Use/lufa.o
                0x00000000000032c2                EVENT_USB_Device_Disconnect
 .text.EVENT_USB_Device_Reset
                0x00000000000032c8        0x2 .build/obj_Manuform6x6_rev2_Use/lufa.o
                0x00000000000032c8                EVENT_USB_Device_Reset
 .text.EVENT_USB_Device_Suspend
                0x00000000000032ca        0x2 .build/obj_Manuform6x6_rev2_Use/lufa.o
                0x00000000000032ca                EVENT_USB_Device_Suspend
 .text.EVENT_USB_Device_WakeUp
                0x00000000000032cc        0x4 .build/obj_Manuform6x6_rev2_Use/lufa.o
                0x00000000000032cc                EVENT_USB_Device_WakeUp
 .text.EVENT_USB_Device_ConfigurationChanged
                0x00000000000032d0       0x1e .build/obj_Manuform6x6_rev2_Use/lufa.o
                0x00000000000032d0                EVENT_USB_Device_ConfigurationChanged
 .text.EVENT_USB_Device_ControlRequest
                0x00000000000032ee      0x154 .build/obj_Manuform6x6_rev2_Use/lufa.o
                0x00000000000032ee                EVENT_USB_Device_ControlRequest
 .text.startup.main
                0x0000000000003442       0x76 .build/obj_Manuform6x6_rev2_Use/lufa.o
                0x0000000000003442                main
 .text.CALLBACK_USB_GetDescriptor
                0x00000000000034b8        0x4 .build/obj_Manuform6x6_rev2_Use/lufa.o
                0x00000000000034b8                CALLBACK_USB_GetDescriptor
 .text.get_usb_descriptor
                0x00000000000034bc       0xba .build/obj_Manuform6x6_rev2_Use/usb_descriptor.o
                0x00000000000034bc                get_usb_descriptor
 .text.set_output_user
                0x0000000000003576        0x2 .build/obj_Manuform6x6_rev2_Use/outputselect.o
                0x0000000000003576                set_output_user
 .text.set_output
                0x0000000000003578       0x10 .build/obj_Manuform6x6_rev2_Use/outputselect.o
                0x0000000000003578                set_output
 .text.auto_detect_output
                0x0000000000003588       0x10 .build/obj_Manuform6x6_rev2_Use/outputselect.o
                0x0000000000003588                auto_detect_output
 .text.where_to_send
                0x0000000000003598        0xe .build/obj_Manuform6x6_rev2_Use/outputselect.o
                0x0000000000003598                where_to_send
 .text.USB_Device_SendRemoteWakeup
                0x00000000000035a6       0x2c .build/obj_Manuform6x6_rev2_Use/./lib/lufa/LUFA/Drivers/USB/Core/AVR8/Device_AVR8.o
                0x00000000000035a6                USB_Device_SendRemoteWakeup
 .text.Endpoint_Write_Stream_LE
                0x00000000000035d2       0x9e .build/obj_Manuform6x6_rev2_Use/./lib/lufa/LUFA/Drivers/USB/Core/AVR8/EndpointStream_AVR8.o
                0x00000000000035d2                Endpoint_Write_Stream_LE
 .text.Endpoint_Write_Control_Stream_LE
                0x0000000000003670       0xbc .build/obj_Manuform6x6_rev2_Use/./lib/lufa/LUFA/Drivers/USB/Core/AVR8/EndpointStream_AVR8.o
                0x0000000000003670                Endpoint_Write_Control_Stream_LE
 .text.Endpoint_Write_Control_PStream_LE
                0x000000000000372c       0xbe .build/obj_Manuform6x6_rev2_Use/./lib/lufa/LUFA/Drivers/USB/Core/AVR8/EndpointStream_AVR8.o
                0x000000000000372c                Endpoint_Write_Control_PStream_LE
 .text.Endpoint_ConfigureEndpoint_Prv
                0x00000000000037ea       0x68 .build/obj_Manuform6x6_rev2_Use/./lib/lufa/LUFA/Drivers/USB/Core/AVR8/Endpoint_AVR8.o
                0x00000000000037ea                Endpoint_ConfigureEndpoint_Prv
 .text.Endpoint_ClearStatusStage
                0x0000000000003852       0x3e .build/obj_Manuform6x6_rev2_Use/./lib/lufa/LUFA/Drivers/USB/Core/AVR8/Endpoint_AVR8.o
                0x0000000000003852                Endpoint_ClearStatusStage
 .text.Endpoint_WaitUntilReady
                0x0000000000003890       0x62 .build/obj_Manuform6x6_rev2_Use/./lib/lufa/LUFA/Drivers/USB/Core/AVR8/Endpoint_AVR8.o
                0x0000000000003890                Endpoint_WaitUntilReady
 .text.USB_Disable
                0x00000000000038f2       0x34 .build/obj_Manuform6x6_rev2_Use/./lib/lufa/LUFA/Drivers/USB/Core/AVR8/USBController_AVR8.o
                0x00000000000038f2                USB_Disable
 .text.USB_ResetInterface
                0x0000000000003926       0x86 .build/obj_Manuform6x6_rev2_Use/./lib/lufa/LUFA/Drivers/USB/Core/AVR8/USBController_AVR8.o
                0x0000000000003926                USB_ResetInterface
 .text.USB_Init
                0x00000000000039ac       0x22 .build/obj_Manuform6x6_rev2_Use/./lib/lufa/LUFA/Drivers/USB/Core/AVR8/USBController_AVR8.o
                0x00000000000039ac                USB_Init
 .text.USB_INT_DisableAllInterrupts
                0x00000000000039ce       0x10 .build/obj_Manuform6x6_rev2_Use/./lib/lufa/LUFA/Drivers/USB/Core/AVR8/USBInterrupt_AVR8.o
                0x00000000000039ce                USB_INT_DisableAllInterrupts
 .text.USB_INT_ClearAllInterrupts
                0x00000000000039de        0xa .build/obj_Manuform6x6_rev2_Use/./lib/lufa/LUFA/Drivers/USB/Core/AVR8/USBInterrupt_AVR8.o
                0x00000000000039de                USB_INT_ClearAllInterrupts
 .text.__vector_10
                0x00000000000039e8      0x1a8 .build/obj_Manuform6x6_rev2_Use/./lib/lufa/LUFA/Drivers/USB/Core/AVR8/USBInterrupt_AVR8.o
                0x00000000000039e8                __vector_10
 .text.__vector_11
                0x0000000000003b90       0x88 .build/obj_Manuform6x6_rev2_Use/./lib/lufa/LUFA/Drivers/USB/Core/AVR8/USBInterrupt_AVR8.o
                0x0000000000003b90                __vector_11
 .text.USB_Device_ProcessControlRequest
                0x0000000000003c18      0x2a4 .build/obj_Manuform6x6_rev2_Use/./lib/lufa/LUFA/Drivers/USB/Core/DeviceStandardReq.o
                0x0000000000003c18                USB_Device_ProcessControlRequest
 .text.USB_Event_Stub
                0x0000000000003ebc        0x2 .build/obj_Manuform6x6_rev2_Use/./lib/lufa/LUFA/Drivers/USB/Core/Events.o
                0x0000000000003ebc                USB_Event_Stub
                0x0000000000003ebc                EVENT_USB_Device_StartOfFrame
 .text.USB_USBTask
                0x0000000000003ebe       0x36 .build/obj_Manuform6x6_rev2_Use/./lib/lufa/LUFA/Drivers/USB/Core/USBTask.o
                0x0000000000003ebe                USB_USBTask
 .text.libgcc.div
                0x0000000000003ef4       0x28 /usr/local/Cellar/avr-gcc@8/8.3.0_1/lib/avr-gcc/8/gcc/avr/8.3.0/avr5/libgcc.a(_divmodhi4.o)
                0x0000000000003ef4                __divmodhi4
                0x0000000000003ef4                _div
 .text.libgcc   0x0000000000003f1c        0xc /usr/local/Cellar/avr-gcc@8/8.3.0_1/lib/avr-gcc/8/gcc/avr/8.3.0/avr5/libgcc.a(_tablejump2.o)
                0x0000000000003f1c                __tablejump2__
 .text.libgcc.div
                0x0000000000003f28       0x28 /usr/local/Cellar/avr-gcc@8/8.3.0_1/lib/avr-gcc/8/gcc/avr/8.3.0/avr5/libgcc.a(_udivmodhi4.o)
                0x0000000000003f28                __udivmodhi4
 .text.avr-libc
                0x0000000000003f50       0x10 /usr/local/Cellar/avr-gcc@8/8.3.0_1/lib/avr-gcc/8/gcc/avr/8.3.0/../../../../../../avr/lib/avr5/libatmega32u4.a(eerd_byte.o)
                0x0000000000003f50                eeprom_read_byte
 .text.avr-libc
                0x0000000000003f60        0xc /usr/local/Cellar/avr-gcc@8/8.3.0_1/lib/avr-gcc/8/gcc/avr/8.3.0/../../../../../../avr/lib/avr5/libatmega32u4.a(eerd_word.o)
                0x0000000000003f60                eeprom_read_word
 .text.avr-libc
                0x0000000000003f6c       0x24 /usr/local/Cellar/avr-gcc@8/8.3.0_1/lib/avr-gcc/8/gcc/avr/8.3.0/../../../../../../avr/lib/avr5/libatmega32u4.a(eeupd_byte.o)
                0x0000000000003f6c                eeprom_update_byte
                0x0000000000003f6e                eeprom_update_r18
 .text.avr-libc
                0x0000000000003f90        0xc /usr/local/Cellar/avr-gcc@8/8.3.0_1/lib/avr-gcc/8/gcc/avr/8.3.0/../../../../../../avr/lib/avr5/libatmega32u4.a(eeupd_word.o)
                0x0000000000003f90                eeprom_update_word
 .text.avr-libc
                0x0000000000003f9c       0x20 /usr/local/Cellar/avr-gcc@8/8.3.0_1/lib/avr-gcc/8/gcc/avr/8.3.0/../../../../../../avr/lib/avr5/libatmega32u4.a(eerd_block.o)
                0x0000000000003f9c                eeprom_read_block
                0x0000000000003fa0                eeprom_read_blraw
                0x0000000000003fbc                . = ALIGN (0x2)
 *(.fini9)
 .fini9         0x0000000000003fbc        0x0 /usr/local/Cellar/avr-gcc@8/8.3.0_1/lib/avr-gcc/8/gcc/avr/8.3.0/avr5/libgcc.a(_exit.o)
                0x0000000000003fbc                exit
                0x0000000000003fbc                _exit
 *(.fini9)
 *(.fini8)
 *(.fini8)
 *(.fini7)
 *(.fini7)
 *(.fini6)
 *(.fini6)
 *(.fini5)
 *(.fini5)
 *(.fini4)
 *(.fini4)
 *(.fini3)
 *(.fini3)
 *(.fini2)
 *(.fini2)
 *(.fini1)
 *(.fini1)
 *(.fini0)
 .fini0         0x0000000000003fbc        0x4 /usr/local/Cellar/avr-gcc@8/8.3.0_1/lib/avr-gcc/8/gcc/avr/8.3.0/avr5/libgcc.a(_exit.o)
 *(.fini0)
 *(.hightext)
 *(.hightext*)
 *(.progmemx.*)
                0x0000000000003fc0                . = ALIGN (0x2)
 *(.jumptables)
 *(.jumptables*)
 .jumptables.gcc.process_record_quantum
                0x0000000000003fc0       0x24 .build/obj_Manuform6x6_rev2_Use/quantum/quantum.o
 .jumptables.gcc.process_action
                0x0000000000003fe4       0x4a .build/obj_Manuform6x6_rev2_Use/common/action.o
 .jumptables.gcc.is_tap_key
                0x000000000000402e       0x1c .build/obj_Manuform6x6_rev2_Use/common/action.o
 .jumptables.gcc.USB_Device_ProcessControlRequest
                0x000000000000404a       0x14 .build/obj_Manuform6x6_rev2_Use/./lib/lufa/LUFA/Drivers/USB/Core/DeviceStandardReq.o
                0x000000000000405e                _etext = .

.data           0x0000000000800100       0x42 load address 0x000000000000405e
                0x0000000000800100                PROVIDE (__data_start = .)
 *(.data)
 *(.data*)
 .data.isLeftHand
                0x0000000000800100        0x1 .build/obj_Manuform6x6_rev2_Use/split_util.o
                0x0000000000800100                isLeftHand
 .data.keyboard_report
                0x0000000000800101        0x2 .build/obj_Manuform6x6_rev2_Use/common/action_util.o
                0x0000000000800101                keyboard_report
 .data.mk_wheel_time_to_max
                0x0000000000800103        0x1 .build/obj_Manuform6x6_rev2_Use/common/mousekey.o
                0x0000000000800103                mk_wheel_time_to_max
 .data.mk_wheel_max_speed
                0x0000000000800104        0x1 .build/obj_Manuform6x6_rev2_Use/common/mousekey.o
                0x0000000000800104                mk_wheel_max_speed
 .data.mk_time_to_max
                0x0000000000800105        0x1 .build/obj_Manuform6x6_rev2_Use/common/mousekey.o
                0x0000000000800105                mk_time_to_max
 .data.mk_max_speed
                0x0000000000800106        0x1 .build/obj_Manuform6x6_rev2_Use/common/mousekey.o
                0x0000000000800106                mk_max_speed
 .data.mk_interval
                0x0000000000800107        0x1 .build/obj_Manuform6x6_rev2_Use/common/mousekey.o
                0x0000000000800107                mk_interval
 .data.mk_delay
                0x0000000000800108        0x1 .build/obj_Manuform6x6_rev2_Use/common/mousekey.o
                0x0000000000800108                mk_delay
 .data.lufa_driver
                0x0000000000800109        0xa .build/obj_Manuform6x6_rev2_Use/lufa.o
                0x0000000000800109                lufa_driver
 .data.keyboard_protocol
                0x0000000000800113        0x1 .build/obj_Manuform6x6_rev2_Use/lufa.o
                0x0000000000800113                keyboard_protocol
 *(.gnu.linkonce.d*)
 *(.rodata)
 *(.rodata*)
 .rodata.col_pins
                0x0000000000800114        0x6 .build/obj_Manuform6x6_rev2_Use/matrix.o
 .rodata.row_pins
                0x000000000080011a        0xe .build/obj_Manuform6x6_rev2_Use/matrix.o
 .rodata.CSWTCH.36
                0x0000000000800128        0xa .build/obj_Manuform6x6_rev2_Use/common/command.o
 .rodata.CSWTCH.2
                0x0000000000800132        0x3 .build/obj_Manuform6x6_rev2_Use/usb_descriptor.o
 .rodata.CSWTCH.1
                0x0000000000800135        0x6 .build/obj_Manuform6x6_rev2_Use/usb_descriptor.o
 .rodata.CSWTCH.0
                0x000000000080013b        0x6 .build/obj_Manuform6x6_rev2_Use/usb_descriptor.o
 *(.gnu.linkonce.r*)
                0x0000000000800142                . = ALIGN (0x2)
 *fill*         0x0000000000800141        0x1 
                0x0000000000800142                _edata = .
                0x0000000000800142                PROVIDE (__data_end = .)

.bss            0x0000000000800142       0xcd
                0x0000000000800142                PROVIDE (__bss_start = .)
 *(.bss)
 *(.bss*)
 .bss.matrix    0x0000000000800142        0xe .build/obj_Manuform6x6_rev2_Use/matrix.o
 .bss.error_count
                0x0000000000800150        0x1 .build/obj_Manuform6x6_rev2_Use/matrix.o
 .bss.matrix_debouncing
                0x0000000000800151        0xe .build/obj_Manuform6x6_rev2_Use/matrix.o
 .bss.debouncing
                0x000000000080015f        0x1 .build/obj_Manuform6x6_rev2_Use/matrix.o
 .bss.debouncing_time
                0x0000000000800160        0x2 .build/obj_Manuform6x6_rev2_Use/matrix.o
 .bss.status    0x0000000000800162        0x1 .build/obj_Manuform6x6_rev2_Use/serial.o
                0x0000000000800162                status
 .bss.serial_master_buffer
                0x0000000000800163        0x1 .build/obj_Manuform6x6_rev2_Use/serial.o
                0x0000000000800163                serial_master_buffer
 .bss.serial_slave_buffer
                0x0000000000800164        0x7 .build/obj_Manuform6x6_rev2_Use/serial.o
                0x0000000000800164                serial_slave_buffer
 .bss.grave_esc_was_shifted
                0x000000000080016b        0x1 .build/obj_Manuform6x6_rev2_Use/quantum/quantum.o
 .bss.scs_timer
                0x000000000080016c        0x4 .build/obj_Manuform6x6_rev2_Use/quantum/quantum.o
 .bss.shift_interrupted
                0x0000000000800170        0x2 .build/obj_Manuform6x6_rev2_Use/quantum/quantum.o
 .bss.leader_sequence_size
                0x0000000000800172        0x1 .build/obj_Manuform6x6_rev2_Use/quantum/process_keycode/process_leader.o
                0x0000000000800172                leader_sequence_size
 .bss.leader_sequence
                0x0000000000800173        0xa .build/obj_Manuform6x6_rev2_Use/quantum/process_keycode/process_leader.o
                0x0000000000800173                leader_sequence
 .bss.leader_time
                0x000000000080017d        0x2 .build/obj_Manuform6x6_rev2_Use/quantum/process_keycode/process_leader.o
                0x000000000080017d                leader_time
 .bss.leading   0x000000000080017f        0x1 .build/obj_Manuform6x6_rev2_Use/quantum/process_keycode/process_leader.o
                0x000000000080017f                leading
 .bss.last_consumer_report
                0x0000000000800180        0x2 .build/obj_Manuform6x6_rev2_Use/common/host.o
 .bss.last_system_report
                0x0000000000800182        0x2 .build/obj_Manuform6x6_rev2_Use/common/host.o
 .bss.driver    0x0000000000800184        0x2 .build/obj_Manuform6x6_rev2_Use/common/host.o
 .bss.led_status.2779
                0x0000000000800186        0x1 .build/obj_Manuform6x6_rev2_Use/common/keyboard.o
 .bss.matrix_prev.2778
                0x0000000000800187        0xe .build/obj_Manuform6x6_rev2_Use/common/keyboard.o
 .bss.waiting_buffer_tail
                0x0000000000800195        0x1 .build/obj_Manuform6x6_rev2_Use/common/action_tapping.o
 .bss.waiting_buffer_head
                0x0000000000800196        0x1 .build/obj_Manuform6x6_rev2_Use/common/action_tapping.o
 .bss.waiting_buffer
                0x0000000000800197       0x30 .build/obj_Manuform6x6_rev2_Use/common/action_tapping.o
 .bss.tapping_key
                0x00000000008001c7        0x6 .build/obj_Manuform6x6_rev2_Use/common/action_tapping.o
 .bss.layer_state
                0x00000000008001cd        0x4 .build/obj_Manuform6x6_rev2_Use/common/action_layer.o
                0x00000000008001cd                layer_state
 .bss.default_layer_state
                0x00000000008001d1        0x4 .build/obj_Manuform6x6_rev2_Use/common/action_layer.o
                0x00000000008001d1                default_layer_state
 .bss.oneshot_layer_data
                0x00000000008001d5        0x1 .build/obj_Manuform6x6_rev2_Use/common/action_util.o
 .bss.oneshot_mods
                0x00000000008001d6        0x1 .build/obj_Manuform6x6_rev2_Use/common/action_util.o
 .bss.__compound_literal.0
                0x00000000008001d7        0x8 .build/obj_Manuform6x6_rev2_Use/common/action_util.o
 .bss.macro_mods
                0x00000000008001df        0x1 .build/obj_Manuform6x6_rev2_Use/common/action_util.o
 .bss.weak_mods
                0x00000000008001e0        0x1 .build/obj_Manuform6x6_rev2_Use/common/action_util.o
 .bss.real_mods
                0x00000000008001e1        0x1 .build/obj_Manuform6x6_rev2_Use/common/action_util.o
 .bss.debug_config
                0x00000000008001e2        0x1 .build/obj_Manuform6x6_rev2_Use/common/debug.o
                0x00000000008001e2                debug_config
 .bss.wdt_timeout
                0x00000000008001e3        0x1 .build/obj_Manuform6x6_rev2_Use/common/avr/suspend.o
 .bss.last_timer
                0x00000000008001e4        0x2 .build/obj_Manuform6x6_rev2_Use/common/mousekey.o
 .bss.mousekey_accel
                0x00000000008001e6        0x1 .build/obj_Manuform6x6_rev2_Use/common/mousekey.o
 .bss.mousekey_repeat
                0x00000000008001e7        0x1 .build/obj_Manuform6x6_rev2_Use/common/mousekey.o
 .bss.mouse_report
                0x00000000008001e8        0x5 .build/obj_Manuform6x6_rev2_Use/common/mousekey.o
 .bss.mousekey_param
                0x00000000008001ed        0x1 .build/obj_Manuform6x6_rev2_Use/common/command.o
 .bss.command_state
                0x00000000008001ee        0x1 .build/obj_Manuform6x6_rev2_Use/common/command.o
                0x00000000008001ee                command_state
 .bss.keyboard_report_sent
                0x00000000008001ef        0x8 .build/obj_Manuform6x6_rev2_Use/lufa.o
 .bss.keyboard_led_stats
                0x00000000008001f7        0x1 .build/obj_Manuform6x6_rev2_Use/lufa.o
 .bss.keyboard_idle
                0x00000000008001f8        0x1 .build/obj_Manuform6x6_rev2_Use/lufa.o
                0x00000000008001f8                keyboard_idle
 .bss.desired_output
                0x00000000008001f9        0x1 .build/obj_Manuform6x6_rev2_Use/outputselect.o
                0x00000000008001f9                desired_output
 *(COMMON)
 COMMON         0x00000000008001fa        0x2 .build/obj_Manuform6x6_rev2_Use/common/action.o
                0x00000000008001fa                tp_buttons
 COMMON         0x00000000008001fc        0x4 .build/obj_Manuform6x6_rev2_Use/common/avr/timer.o
                0x00000000008001fc                timer_count
 COMMON         0x0000000000800200        0x2 .build/obj_Manuform6x6_rev2_Use/common/magic.o
                0x0000000000800200                keymap_config
 COMMON         0x0000000000800202        0x3 .build/obj_Manuform6x6_rev2_Use/./lib/lufa/LUFA/Drivers/USB/Core/DeviceStandardReq.o
                0x0000000000800202                USB_Device_ConfigurationNumber
                0x0000000000800203                USB_Device_CurrentlySelfPowered
                0x0000000000800204                USB_Device_RemoteWakeupEnabled
 COMMON         0x0000000000800205        0xa .build/obj_Manuform6x6_rev2_Use/./lib/lufa/LUFA/Drivers/USB/Core/USBTask.o
                0x0000000000800205                USB_IsInitialized
                0x0000000000800206                USB_DeviceState
                0x0000000000800207                USB_ControlRequest
                0x000000000080020f                PROVIDE (__bss_end = .)
                0x000000000000405e                __data_load_start = LOADADDR (.data)
                0x00000000000040a0                __data_load_end = (__data_load_start + SIZEOF (.data))

.noinit         0x000000000080020f        0x4
                [!provide]                        PROVIDE (__noinit_start = .)
 *(.noinit*)
 .noinit        0x000000000080020f        0x4 .build/obj_Manuform6x6_rev2_Use/common/avr/bootloader.o
                0x000000000080020f                reset_key
                [!provide]                        PROVIDE (__noinit_end = .)
                0x0000000000800213                _end = .
                [!provide]                        PROVIDE (__heap_start = .)

.eeprom         0x0000000000810000        0x0
 *(.eeprom*)
                0x0000000000810000                __eeprom_end = .

.fuse
 *(.fuse)
 *(.lfuse)
 *(.hfuse)
 *(.efuse)

.lock
 *(.lock*)

.signature
 *(.signature*)

.stab
 *(.stab)

.stabstr        0x0000000000000000       0x9c
 *(.stabstr)
 .stabstr       0x0000000000000000       0x9c .build/obj_Manuform6x6_rev2_Use/common/avr/xprintf.o

.stab.excl
 *(.stab.excl)

.stab.exclstr
 *(.stab.exclstr)

.stab.index
 *(.stab.index)

.stab.indexstr
 *(.stab.indexstr)

.comment        0x0000000000000000       0x11
 *(.comment)
 .comment       0x0000000000000000       0x11 .build/obj_Manuform6x6_rev2_Use/matrix.o
                                         0x12 (size before relaxing)
 .comment       0x0000000000000011       0x12 .build/obj_Manuform6x6_rev2_Use/split_util.o
 .comment       0x0000000000000011       0x12 .build/obj_Manuform6x6_rev2_Use/serial.o
 .comment       0x0000000000000011       0x12 .build/obj_Manuform6x6_rev2_Use/keyboards/Manuform6x6/rev2/rev2.o
 .comment       0x0000000000000011       0x12 .build/obj_Manuform6x6_rev2_Use/quantum/quantum.o
 .comment       0x0000000000000011       0x12 .build/obj_Manuform6x6_rev2_Use/quantum/keymap_common.o
 .comment       0x0000000000000011       0x12 .build/obj_Manuform6x6_rev2_Use/quantum/keycode_config.o
 .comment       0x0000000000000011       0x12 .build/obj_Manuform6x6_rev2_Use/quantum/process_keycode/process_leader.o
 .comment       0x0000000000000011       0x12 .build/obj_Manuform6x6_rev2_Use/common/host.o
 .comment       0x0000000000000011       0x12 .build/obj_Manuform6x6_rev2_Use/common/keyboard.o
 .comment       0x0000000000000011       0x12 .build/obj_Manuform6x6_rev2_Use/common/action.o
 .comment       0x0000000000000011       0x12 .build/obj_Manuform6x6_rev2_Use/common/action_tapping.o
 .comment       0x0000000000000011       0x12 .build/obj_Manuform6x6_rev2_Use/common/action_macro.o
 .comment       0x0000000000000011       0x12 .build/obj_Manuform6x6_rev2_Use/common/action_layer.o
 .comment       0x0000000000000011       0x12 .build/obj_Manuform6x6_rev2_Use/common/action_util.o
 .comment       0x0000000000000011       0x12 .build/obj_Manuform6x6_rev2_Use/common/debug.o
 .comment       0x0000000000000011       0x12 .build/obj_Manuform6x6_rev2_Use/common/eeconfig.o
 .comment       0x0000000000000011       0x12 .build/obj_Manuform6x6_rev2_Use/common/report.o
 .comment       0x0000000000000011       0x12 .build/obj_Manuform6x6_rev2_Use/common/avr/suspend.o
 .comment       0x0000000000000011       0x12 .build/obj_Manuform6x6_rev2_Use/common/avr/timer.o
 .comment       0x0000000000000011       0x12 .build/obj_Manuform6x6_rev2_Use/common/avr/bootloader.o
 .comment       0x0000000000000011       0x12 .build/obj_Manuform6x6_rev2_Use/common/magic.o
 .comment       0x0000000000000011       0x12 .build/obj_Manuform6x6_rev2_Use/common/mousekey.o
 .comment       0x0000000000000011       0x12 .build/obj_Manuform6x6_rev2_Use/common/command.o
 .comment       0x0000000000000011       0x12 .build/obj_Manuform6x6_rev2_Use/lufa.o
 .comment       0x0000000000000011       0x12 .build/obj_Manuform6x6_rev2_Use/usb_descriptor.o
 .comment       0x0000000000000011       0x12 .build/obj_Manuform6x6_rev2_Use/outputselect.o
 .comment       0x0000000000000011       0x12 .build/obj_Manuform6x6_rev2_Use/./lib/lufa/LUFA/Drivers/USB/Core/AVR8/Device_AVR8.o
 .comment       0x0000000000000011       0x12 .build/obj_Manuform6x6_rev2_Use/./lib/lufa/LUFA/Drivers/USB/Core/AVR8/EndpointStream_AVR8.o
 .comment       0x0000000000000011       0x12 .build/obj_Manuform6x6_rev2_Use/./lib/lufa/LUFA/Drivers/USB/Core/AVR8/Endpoint_AVR8.o
 .comment       0x0000000000000011       0x12 .build/obj_Manuform6x6_rev2_Use/./lib/lufa/LUFA/Drivers/USB/Core/AVR8/USBController_AVR8.o
 .comment       0x0000000000000011       0x12 .build/obj_Manuform6x6_rev2_Use/./lib/lufa/LUFA/Drivers/USB/Core/AVR8/USBInterrupt_AVR8.o
 .comment       0x0000000000000011       0x12 .build/obj_Manuform6x6_rev2_Use/./lib/lufa/LUFA/Drivers/USB/Core/DeviceStandardReq.o
 .comment       0x0000000000000011       0x12 .build/obj_Manuform6x6_rev2_Use/./lib/lufa/LUFA/Drivers/USB/Core/Events.o
 .comment       0x0000000000000011       0x12 .build/obj_Manuform6x6_rev2_Use/./lib/lufa/LUFA/Drivers/USB/Core/USBTask.o

.note.gnu.avr.deviceinfo
                0x0000000000000000       0x40
 .note.gnu.avr.deviceinfo
                0x0000000000000000       0x40 /usr/local/Cellar/avr-gcc@8/8.3.0_1/lib/avr-gcc/8/gcc/avr/8.3.0/../../../../../../avr/lib/avr5/crtatmega32u4.o

.note.gnu.build-id
 *(.note.gnu.build-id)

.debug
 *(.debug)

.line
 *(.line)

.debug_srcinfo
 *(.debug_srcinfo)

.debug_sfnames
 *(.debug_sfnames)

.debug_aranges  0x0000000000000000      0xc98
 *(.debug_aranges)
 .debug_aranges
                0x0000000000000000       0xa0 .build/obj_Manuform6x6_rev2_Use/matrix.o
 .debug_aranges
                0x00000000000000a0       0x38 .build/obj_Manuform6x6_rev2_Use/split_util.o
 .debug_aranges
                0x00000000000000d8       0x70 .build/obj_Manuform6x6_rev2_Use/serial.o
 .debug_aranges
                0x0000000000000148       0x30 .build/obj_Manuform6x6_rev2_Use/keyboards/Manuform6x6/rev2/rev2.o
 .debug_aranges
                0x0000000000000178      0x110 .build/obj_Manuform6x6_rev2_Use/quantum/quantum.o
 .debug_aranges
                0x0000000000000288       0x48 .build/obj_Manuform6x6_rev2_Use/quantum/keymap_common.o
 .debug_aranges
                0x00000000000002d0       0x28 .build/obj_Manuform6x6_rev2_Use/quantum/keycode_config.o
 .debug_aranges
                0x00000000000002f8       0x28 .build/obj_Manuform6x6_rev2_Use/quantum/process_keycode/process_leader.o
 .debug_aranges
                0x0000000000000320       0x60 .build/obj_Manuform6x6_rev2_Use/common/host.o
 .debug_aranges
                0x0000000000000380       0x48 .build/obj_Manuform6x6_rev2_Use/common/keyboard.o
 .debug_aranges
                0x00000000000003c8       0x98 .build/obj_Manuform6x6_rev2_Use/common/action.o
 .debug_aranges
                0x0000000000000460       0x40 .build/obj_Manuform6x6_rev2_Use/common/action_tapping.o
 .debug_aranges
                0x00000000000004a0       0x20 .build/obj_Manuform6x6_rev2_Use/common/action_macro.o
 .debug_aranges
                0x00000000000004c0       0xc8 .build/obj_Manuform6x6_rev2_Use/common/action_layer.o
 .debug_aranges
                0x0000000000000588      0x120 .build/obj_Manuform6x6_rev2_Use/common/action_util.o
 .debug_aranges
                0x00000000000006a8       0x18 .build/obj_Manuform6x6_rev2_Use/common/debug.o
 .debug_aranges
                0x00000000000006c0       0x68 .build/obj_Manuform6x6_rev2_Use/common/eeconfig.o
 .debug_aranges
                0x0000000000000728       0x50 .build/obj_Manuform6x6_rev2_Use/common/report.o
 .debug_aranges
                0x0000000000000778       0x48 .build/obj_Manuform6x6_rev2_Use/common/avr/suspend.o
 .debug_aranges
                0x00000000000007c0       0x50 .build/obj_Manuform6x6_rev2_Use/common/avr/timer.o
 .debug_aranges
                0x0000000000000810       0x28 .build/obj_Manuform6x6_rev2_Use/common/avr/bootloader.o
 .debug_aranges
                0x0000000000000838       0x20 .build/obj_Manuform6x6_rev2_Use/common/magic.o
 .debug_aranges
                0x0000000000000858       0x50 .build/obj_Manuform6x6_rev2_Use/common/mousekey.o
 .debug_aranges
                0x00000000000008a8       0x58 .build/obj_Manuform6x6_rev2_Use/common/command.o
 .debug_aranges
                0x0000000000000900       0x90 .build/obj_Manuform6x6_rev2_Use/lufa.o
 .debug_aranges
                0x0000000000000990       0x20 .build/obj_Manuform6x6_rev2_Use/usb_descriptor.o
 .debug_aranges
                0x00000000000009b0       0x38 .build/obj_Manuform6x6_rev2_Use/outputselect.o
 .debug_aranges
                0x00000000000009e8       0x20 .build/obj_Manuform6x6_rev2_Use/./lib/lufa/LUFA/Drivers/USB/Core/AVR8/Device_AVR8.o
 .debug_aranges
                0x0000000000000a08       0xc8 .build/obj_Manuform6x6_rev2_Use/./lib/lufa/LUFA/Drivers/USB/Core/AVR8/EndpointStream_AVR8.o
 .debug_aranges
                0x0000000000000ad0       0x40 .build/obj_Manuform6x6_rev2_Use/./lib/lufa/LUFA/Drivers/USB/Core/AVR8/Endpoint_AVR8.o
 .debug_aranges
                0x0000000000000b10       0x30 .build/obj_Manuform6x6_rev2_Use/./lib/lufa/LUFA/Drivers/USB/Core/AVR8/USBController_AVR8.o
 .debug_aranges
                0x0000000000000b40       0x38 .build/obj_Manuform6x6_rev2_Use/./lib/lufa/LUFA/Drivers/USB/Core/AVR8/USBInterrupt_AVR8.o
 .debug_aranges
                0x0000000000000b78       0x20 .build/obj_Manuform6x6_rev2_Use/./lib/lufa/LUFA/Drivers/USB/Core/DeviceStandardReq.o
 .debug_aranges
                0x0000000000000b98       0x20 .build/obj_Manuform6x6_rev2_Use/./lib/lufa/LUFA/Drivers/USB/Core/Events.o
 .debug_aranges
                0x0000000000000bb8       0x20 .build/obj_Manuform6x6_rev2_Use/./lib/lufa/LUFA/Drivers/USB/Core/USBTask.o
 .debug_aranges
                0x0000000000000bd8       0x20 /usr/local/Cellar/avr-gcc@8/8.3.0_1/lib/avr-gcc/8/gcc/avr/8.3.0/avr5/libgcc.a(_divmodhi4.o)
 .debug_aranges
                0x0000000000000bf8       0x20 /usr/local/Cellar/avr-gcc@8/8.3.0_1/lib/avr-gcc/8/gcc/avr/8.3.0/avr5/libgcc.a(_exit.o)
 .debug_aranges
                0x0000000000000c18       0x20 /usr/local/Cellar/avr-gcc@8/8.3.0_1/lib/avr-gcc/8/gcc/avr/8.3.0/avr5/libgcc.a(_tablejump2.o)
 .debug_aranges
                0x0000000000000c38       0x20 /usr/local/Cellar/avr-gcc@8/8.3.0_1/lib/avr-gcc/8/gcc/avr/8.3.0/avr5/libgcc.a(_copy_data.o)
 .debug_aranges
                0x0000000000000c58       0x20 /usr/local/Cellar/avr-gcc@8/8.3.0_1/lib/avr-gcc/8/gcc/avr/8.3.0/avr5/libgcc.a(_clear_bss.o)
 .debug_aranges
                0x0000000000000c78       0x20 /usr/local/Cellar/avr-gcc@8/8.3.0_1/lib/avr-gcc/8/gcc/avr/8.3.0/avr5/libgcc.a(_udivmodhi4.o)

.debug_pubnames
 *(.debug_pubnames)

.debug_info     0x0000000000000000    0x16a78
 *(.debug_info .gnu.linkonce.wi.*)
 .debug_info    0x0000000000000000      0x9f4 /usr/local/Cellar/avr-gcc@8/8.3.0_1/lib/avr-gcc/8/gcc/avr/8.3.0/../../../../../../avr/lib/avr5/crtatmega32u4.o
 .debug_info    0x00000000000009f4      0xad6 .build/obj_Manuform6x6_rev2_Use/matrix.o
 .debug_info    0x00000000000014ca      0x315 .build/obj_Manuform6x6_rev2_Use/split_util.o
 .debug_info    0x00000000000017df      0x881 .build/obj_Manuform6x6_rev2_Use/serial.o
 .debug_info    0x0000000000002060      0x481 .build/obj_Manuform6x6_rev2_Use/keyboards/Manuform6x6/rev2/rev2.o
 .debug_info    0x00000000000024e1     0x2595 .build/obj_Manuform6x6_rev2_Use/quantum/quantum.o
 .debug_info    0x0000000000004a76     0x1b63 .build/obj_Manuform6x6_rev2_Use/quantum/keymap_common.o
 .debug_info    0x00000000000065d9      0x618 .build/obj_Manuform6x6_rev2_Use/quantum/keycode_config.o
 .debug_info    0x0000000000006bf1      0xe8b .build/obj_Manuform6x6_rev2_Use/quantum/process_keycode/process_leader.o
 .debug_info    0x0000000000007a7c      0x4b4 .build/obj_Manuform6x6_rev2_Use/common/host.o
 .debug_info    0x0000000000007f30      0x676 .build/obj_Manuform6x6_rev2_Use/common/keyboard.o
 .debug_info    0x00000000000085a6     0x1c82 .build/obj_Manuform6x6_rev2_Use/common/action.o
 .debug_info    0x000000000000a228      0xf8d .build/obj_Manuform6x6_rev2_Use/common/action_tapping.o
 .debug_info    0x000000000000b1b5      0x923 .build/obj_Manuform6x6_rev2_Use/common/action_macro.o
 .debug_info    0x000000000000bad8      0xad5 .build/obj_Manuform6x6_rev2_Use/common/action_layer.o
 .debug_info    0x000000000000c5ad      0x97f .build/obj_Manuform6x6_rev2_Use/common/action_util.o
 .debug_info    0x000000000000cf2c      0x110 .build/obj_Manuform6x6_rev2_Use/common/debug.o
 .debug_info    0x000000000000d03c      0x371 .build/obj_Manuform6x6_rev2_Use/common/eeconfig.o
 .debug_info    0x000000000000d3ad      0x4f2 .build/obj_Manuform6x6_rev2_Use/common/report.o
 .debug_info    0x000000000000d89f      0x66a .build/obj_Manuform6x6_rev2_Use/common/avr/suspend.o
 .debug_info    0x000000000000df09      0x43e .build/obj_Manuform6x6_rev2_Use/common/avr/timer.o
 .debug_info    0x000000000000e347      0x355 .build/obj_Manuform6x6_rev2_Use/common/avr/bootloader.o
 .debug_info    0x000000000000e69c      0x343 .build/obj_Manuform6x6_rev2_Use/common/magic.o
 .debug_info    0x000000000000e9df      0x6ea .build/obj_Manuform6x6_rev2_Use/common/mousekey.o
 .debug_info    0x000000000000f0c9      0xcbe .build/obj_Manuform6x6_rev2_Use/common/command.o
 .debug_info    0x000000000000fd87     0x1642 .build/obj_Manuform6x6_rev2_Use/lufa.o
 .debug_info    0x00000000000113c9      0x9ce .build/obj_Manuform6x6_rev2_Use/usb_descriptor.o
 .debug_info    0x0000000000011d97      0x51b .build/obj_Manuform6x6_rev2_Use/outputselect.o
 .debug_info    0x00000000000122b2      0x1c0 .build/obj_Manuform6x6_rev2_Use/./lib/lufa/LUFA/Drivers/USB/Core/AVR8/Device_AVR8.o
 .debug_info    0x0000000000012472     0x1da4 .build/obj_Manuform6x6_rev2_Use/./lib/lufa/LUFA/Drivers/USB/Core/AVR8/EndpointStream_AVR8.o
 .debug_info    0x0000000000014216      0x75d .build/obj_Manuform6x6_rev2_Use/./lib/lufa/LUFA/Drivers/USB/Core/AVR8/Endpoint_AVR8.o
 .debug_info    0x0000000000014973      0x606 .build/obj_Manuform6x6_rev2_Use/./lib/lufa/LUFA/Drivers/USB/Core/AVR8/USBController_AVR8.o
 .debug_info    0x0000000000014f79      0xa43 .build/obj_Manuform6x6_rev2_Use/./lib/lufa/LUFA/Drivers/USB/Core/AVR8/USBInterrupt_AVR8.o
 .debug_info    0x00000000000159bc      0xc64 .build/obj_Manuform6x6_rev2_Use/./lib/lufa/LUFA/Drivers/USB/Core/DeviceStandardReq.o
 .debug_info    0x0000000000016620       0x79 .build/obj_Manuform6x6_rev2_Use/./lib/lufa/LUFA/Drivers/USB/Core/Events.o
 .debug_info    0x0000000000016699      0x2fb .build/obj_Manuform6x6_rev2_Use/./lib/lufa/LUFA/Drivers/USB/Core/USBTask.o
 .debug_info    0x0000000000016994       0x26 /usr/local/Cellar/avr-gcc@8/8.3.0_1/lib/avr-gcc/8/gcc/avr/8.3.0/avr5/libgcc.a(_divmodhi4.o)
 .debug_info    0x00000000000169ba       0x26 /usr/local/Cellar/avr-gcc@8/8.3.0_1/lib/avr-gcc/8/gcc/avr/8.3.0/avr5/libgcc.a(_exit.o)
 .debug_info    0x00000000000169e0       0x26 /usr/local/Cellar/avr-gcc@8/8.3.0_1/lib/avr-gcc/8/gcc/avr/8.3.0/avr5/libgcc.a(_tablejump2.o)
 .debug_info    0x0000000000016a06       0x26 /usr/local/Cellar/avr-gcc@8/8.3.0_1/lib/avr-gcc/8/gcc/avr/8.3.0/avr5/libgcc.a(_copy_data.o)
 .debug_info    0x0000000000016a2c       0x26 /usr/local/Cellar/avr-gcc@8/8.3.0_1/lib/avr-gcc/8/gcc/avr/8.3.0/avr5/libgcc.a(_clear_bss.o)
 .debug_info    0x0000000000016a52       0x26 /usr/local/Cellar/avr-gcc@8/8.3.0_1/lib/avr-gcc/8/gcc/avr/8.3.0/avr5/libgcc.a(_udivmodhi4.o)

.debug_abbrev   0x0000000000000000     0x5a7d
 *(.debug_abbrev)
 .debug_abbrev  0x0000000000000000      0x96a /usr/local/Cellar/avr-gcc@8/8.3.0_1/lib/avr-gcc/8/gcc/avr/8.3.0/../../../../../../avr/lib/avr5/crtatmega32u4.o
 .debug_abbrev  0x000000000000096a      0x403 .build/obj_Manuform6x6_rev2_Use/matrix.o
 .debug_abbrev  0x0000000000000d6d      0x17a .build/obj_Manuform6x6_rev2_Use/split_util.o
 .debug_abbrev  0x0000000000000ee7      0x2b3 .build/obj_Manuform6x6_rev2_Use/serial.o
 .debug_abbrev  0x000000000000119a      0x177 .build/obj_Manuform6x6_rev2_Use/keyboards/Manuform6x6/rev2/rev2.o
 .debug_abbrev  0x0000000000001311      0x520 .build/obj_Manuform6x6_rev2_Use/quantum/quantum.o
 .debug_abbrev  0x0000000000001831      0x303 .build/obj_Manuform6x6_rev2_Use/quantum/keymap_common.o
 .debug_abbrev  0x0000000000001b34      0x119 .build/obj_Manuform6x6_rev2_Use/quantum/keycode_config.o
 .debug_abbrev  0x0000000000001c4d      0x1bb .build/obj_Manuform6x6_rev2_Use/quantum/process_keycode/process_leader.o
 .debug_abbrev  0x0000000000001e08      0x1be .build/obj_Manuform6x6_rev2_Use/common/host.o
 .debug_abbrev  0x0000000000001fc6      0x267 .build/obj_Manuform6x6_rev2_Use/common/keyboard.o
 .debug_abbrev  0x000000000000222d      0x3fc .build/obj_Manuform6x6_rev2_Use/common/action.o
 .debug_abbrev  0x0000000000002629      0x341 .build/obj_Manuform6x6_rev2_Use/common/action_tapping.o
 .debug_abbrev  0x000000000000296a      0x200 .build/obj_Manuform6x6_rev2_Use/common/action_macro.o
 .debug_abbrev  0x0000000000002b6a      0x2cf .build/obj_Manuform6x6_rev2_Use/common/action_layer.o
 .debug_abbrev  0x0000000000002e39      0x294 .build/obj_Manuform6x6_rev2_Use/common/action_util.o
 .debug_abbrev  0x00000000000030cd       0xa2 .build/obj_Manuform6x6_rev2_Use/common/debug.o
 .debug_abbrev  0x000000000000316f       0xcf .build/obj_Manuform6x6_rev2_Use/common/eeconfig.o
 .debug_abbrev  0x000000000000323e      0x1a6 .build/obj_Manuform6x6_rev2_Use/common/report.o
 .debug_abbrev  0x00000000000033e4      0x2f7 .build/obj_Manuform6x6_rev2_Use/common/avr/suspend.o
 .debug_abbrev  0x00000000000036db      0x1ba .build/obj_Manuform6x6_rev2_Use/common/avr/timer.o
 .debug_abbrev  0x0000000000003895      0x1e4 .build/obj_Manuform6x6_rev2_Use/common/avr/bootloader.o
 .debug_abbrev  0x0000000000003a79      0x123 .build/obj_Manuform6x6_rev2_Use/common/magic.o
 .debug_abbrev  0x0000000000003b9c      0x235 .build/obj_Manuform6x6_rev2_Use/common/mousekey.o
 .debug_abbrev  0x0000000000003dd1      0x3a9 .build/obj_Manuform6x6_rev2_Use/common/command.o
 .debug_abbrev  0x000000000000417a      0x4e1 .build/obj_Manuform6x6_rev2_Use/lufa.o
 .debug_abbrev  0x000000000000465b      0x207 .build/obj_Manuform6x6_rev2_Use/usb_descriptor.o
 .debug_abbrev  0x0000000000004862      0x227 .build/obj_Manuform6x6_rev2_Use/outputselect.o
 .debug_abbrev  0x0000000000004a89       0xcb .build/obj_Manuform6x6_rev2_Use/./lib/lufa/LUFA/Drivers/USB/Core/AVR8/Device_AVR8.o
 .debug_abbrev  0x0000000000004b54      0x23b .build/obj_Manuform6x6_rev2_Use/./lib/lufa/LUFA/Drivers/USB/Core/AVR8/EndpointStream_AVR8.o
 .debug_abbrev  0x0000000000004d8f      0x29d .build/obj_Manuform6x6_rev2_Use/./lib/lufa/LUFA/Drivers/USB/Core/AVR8/Endpoint_AVR8.o
 .debug_abbrev  0x000000000000502c      0x1f5 .build/obj_Manuform6x6_rev2_Use/./lib/lufa/LUFA/Drivers/USB/Core/AVR8/USBController_AVR8.o
 .debug_abbrev  0x0000000000005221      0x2a5 .build/obj_Manuform6x6_rev2_Use/./lib/lufa/LUFA/Drivers/USB/Core/AVR8/USBInterrupt_AVR8.o
 .debug_abbrev  0x00000000000054c6      0x346 .build/obj_Manuform6x6_rev2_Use/./lib/lufa/LUFA/Drivers/USB/Core/DeviceStandardReq.o
 .debug_abbrev  0x000000000000580c       0x46 .build/obj_Manuform6x6_rev2_Use/./lib/lufa/LUFA/Drivers/USB/Core/Events.o
 .debug_abbrev  0x0000000000005852      0x1b3 .build/obj_Manuform6x6_rev2_Use/./lib/lufa/LUFA/Drivers/USB/Core/USBTask.o
 .debug_abbrev  0x0000000000005a05       0x14 /usr/local/Cellar/avr-gcc@8/8.3.0_1/lib/avr-gcc/8/gcc/avr/8.3.0/avr5/libgcc.a(_divmodhi4.o)
 .debug_abbrev  0x0000000000005a19       0x14 /usr/local/Cellar/avr-gcc@8/8.3.0_1/lib/avr-gcc/8/gcc/avr/8.3.0/avr5/libgcc.a(_exit.o)
 .debug_abbrev  0x0000000000005a2d       0x14 /usr/local/Cellar/avr-gcc@8/8.3.0_1/lib/avr-gcc/8/gcc/avr/8.3.0/avr5/libgcc.a(_tablejump2.o)
 .debug_abbrev  0x0000000000005a41       0x14 /usr/local/Cellar/avr-gcc@8/8.3.0_1/lib/avr-gcc/8/gcc/avr/8.3.0/avr5/libgcc.a(_copy_data.o)
 .debug_abbrev  0x0000000000005a55       0x14 /usr/local/Cellar/avr-gcc@8/8.3.0_1/lib/avr-gcc/8/gcc/avr/8.3.0/avr5/libgcc.a(_clear_bss.o)
 .debug_abbrev  0x0000000000005a69       0x14 /usr/local/Cellar/avr-gcc@8/8.3.0_1/lib/avr-gcc/8/gcc/avr/8.3.0/avr5/libgcc.a(_udivmodhi4.o)

.debug_line     0x0000000000000000    0x12559
 *(.debug_line .debug_line.* .debug_line_end)
 .debug_line    0x0000000000000000       0x1d /usr/local/Cellar/avr-gcc@8/8.3.0_1/lib/avr-gcc/8/gcc/avr/8.3.0/../../../../../../avr/lib/avr5/crtatmega32u4.o
 .debug_line    0x000000000000001d      0xad6 .build/obj_Manuform6x6_rev2_Use/matrix.o
 .debug_line    0x0000000000000af3      0x29c .build/obj_Manuform6x6_rev2_Use/split_util.o
 .debug_line    0x0000000000000d8f      0xa2a .build/obj_Manuform6x6_rev2_Use/serial.o
 .debug_line    0x00000000000017b9      0x1da .build/obj_Manuform6x6_rev2_Use/keyboards/Manuform6x6/rev2/rev2.o
 .debug_line    0x0000000000001993     0x14d8 .build/obj_Manuform6x6_rev2_Use/quantum/quantum.o
 .debug_line    0x0000000000002e6b      0x7d0 .build/obj_Manuform6x6_rev2_Use/quantum/keymap_common.o
 .debug_line    0x000000000000363b      0x406 .build/obj_Manuform6x6_rev2_Use/quantum/keycode_config.o
 .debug_line    0x0000000000003a41      0x35c .build/obj_Manuform6x6_rev2_Use/quantum/process_keycode/process_leader.o
 .debug_line    0x0000000000003d9d      0x2e0 .build/obj_Manuform6x6_rev2_Use/common/host.o
 .debug_line    0x000000000000407d      0x43a .build/obj_Manuform6x6_rev2_Use/common/keyboard.o
 .debug_line    0x00000000000044b7     0x1440 .build/obj_Manuform6x6_rev2_Use/common/action.o
 .debug_line    0x00000000000058f7      0xd05 .build/obj_Manuform6x6_rev2_Use/common/action_tapping.o
 .debug_line    0x00000000000065fc      0x433 .build/obj_Manuform6x6_rev2_Use/common/action_macro.o
 .debug_line    0x0000000000006a2f      0x690 .build/obj_Manuform6x6_rev2_Use/common/action_layer.o
 .debug_line    0x00000000000070bf      0x7f0 .build/obj_Manuform6x6_rev2_Use/common/action_util.o
 .debug_line    0x00000000000078af       0x81 .build/obj_Manuform6x6_rev2_Use/common/debug.o
 .debug_line    0x0000000000007930      0x235 .build/obj_Manuform6x6_rev2_Use/common/eeconfig.o
 .debug_line    0x0000000000007b65      0x394 .build/obj_Manuform6x6_rev2_Use/common/report.o
 .debug_line    0x0000000000007ef9      0x445 .build/obj_Manuform6x6_rev2_Use/common/avr/suspend.o
 .debug_line    0x000000000000833e      0x4d5 .build/obj_Manuform6x6_rev2_Use/common/avr/timer.o
 .debug_line    0x0000000000008813      0x273 .build/obj_Manuform6x6_rev2_Use/common/avr/bootloader.o
 .debug_line    0x0000000000008a86      0x162 .build/obj_Manuform6x6_rev2_Use/common/magic.o
 .debug_line    0x0000000000008be8      0xe53 .build/obj_Manuform6x6_rev2_Use/common/mousekey.o
 .debug_line    0x0000000000009a3b      0xb91 .build/obj_Manuform6x6_rev2_Use/common/command.o
 .debug_line    0x000000000000a5cc     0x1275 .build/obj_Manuform6x6_rev2_Use/lufa.o
 .debug_line    0x000000000000b841      0x39b .build/obj_Manuform6x6_rev2_Use/usb_descriptor.o
 .debug_line    0x000000000000bbdc      0x269 .build/obj_Manuform6x6_rev2_Use/outputselect.o
 .debug_line    0x000000000000be45      0x244 .build/obj_Manuform6x6_rev2_Use/./lib/lufa/LUFA/Drivers/USB/Core/AVR8/Device_AVR8.o
 .debug_line    0x000000000000c089     0x33ad .build/obj_Manuform6x6_rev2_Use/./lib/lufa/LUFA/Drivers/USB/Core/AVR8/EndpointStream_AVR8.o
 .debug_line    0x000000000000f436      0x99e .build/obj_Manuform6x6_rev2_Use/./lib/lufa/LUFA/Drivers/USB/Core/AVR8/Endpoint_AVR8.o
 .debug_line    0x000000000000fdd4      0x695 .build/obj_Manuform6x6_rev2_Use/./lib/lufa/LUFA/Drivers/USB/Core/AVR8/USBController_AVR8.o
 .debug_line    0x0000000000010469      0xd37 .build/obj_Manuform6x6_rev2_Use/./lib/lufa/LUFA/Drivers/USB/Core/AVR8/USBInterrupt_AVR8.o
 .debug_line    0x00000000000111a0      0xd61 .build/obj_Manuform6x6_rev2_Use/./lib/lufa/LUFA/Drivers/USB/Core/DeviceStandardReq.o
 .debug_line    0x0000000000011f01       0x60 .build/obj_Manuform6x6_rev2_Use/./lib/lufa/LUFA/Drivers/USB/Core/Events.o
 .debug_line    0x0000000000011f61      0x26e .build/obj_Manuform6x6_rev2_Use/./lib/lufa/LUFA/Drivers/USB/Core/USBTask.o
 .debug_line    0x00000000000121cf       0xc7 /usr/local/Cellar/avr-gcc@8/8.3.0_1/lib/avr-gcc/8/gcc/avr/8.3.0/avr5/libgcc.a(_divmodhi4.o)
 .debug_line    0x0000000000012296       0x61 /usr/local/Cellar/avr-gcc@8/8.3.0_1/lib/avr-gcc/8/gcc/avr/8.3.0/avr5/libgcc.a(_exit.o)
 .debug_line    0x00000000000122f7       0x79 /usr/local/Cellar/avr-gcc@8/8.3.0_1/lib/avr-gcc/8/gcc/avr/8.3.0/avr5/libgcc.a(_tablejump2.o)
 .debug_line    0x0000000000012370       0x97 /usr/local/Cellar/avr-gcc@8/8.3.0_1/lib/avr-gcc/8/gcc/avr/8.3.0/avr5/libgcc.a(_copy_data.o)
 .debug_line    0x0000000000012407       0x85 /usr/local/Cellar/avr-gcc@8/8.3.0_1/lib/avr-gcc/8/gcc/avr/8.3.0/avr5/libgcc.a(_clear_bss.o)
 .debug_line    0x000000000001248c       0xcd /usr/local/Cellar/avr-gcc@8/8.3.0_1/lib/avr-gcc/8/gcc/avr/8.3.0/avr5/libgcc.a(_udivmodhi4.o)

.debug_frame    0x0000000000000000     0x2200
 *(.debug_frame)
 .debug_frame   0x0000000000000000      0x1c8 .build/obj_Manuform6x6_rev2_Use/matrix.o
 .debug_frame   0x00000000000001c8       0x54 .build/obj_Manuform6x6_rev2_Use/split_util.o
 .debug_frame   0x000000000000021c      0x16c .build/obj_Manuform6x6_rev2_Use/serial.o
 .debug_frame   0x0000000000000388       0xe4 .build/obj_Manuform6x6_rev2_Use/keyboards/Manuform6x6/rev2/rev2.o
 .debug_frame   0x000000000000046c      0x430 .build/obj_Manuform6x6_rev2_Use/quantum/quantum.o
 .debug_frame   0x000000000000089c      0x120 .build/obj_Manuform6x6_rev2_Use/quantum/keymap_common.o
 .debug_frame   0x00000000000009bc       0x34 .build/obj_Manuform6x6_rev2_Use/quantum/keycode_config.o
 .debug_frame   0x00000000000009f0      0x108 .build/obj_Manuform6x6_rev2_Use/quantum/process_keycode/process_leader.o
 .debug_frame   0x0000000000000af8       0xa4 .build/obj_Manuform6x6_rev2_Use/common/host.o
 .debug_frame   0x0000000000000b9c       0xb0 .build/obj_Manuform6x6_rev2_Use/common/keyboard.o
 .debug_frame   0x0000000000000c4c      0x1b8 .build/obj_Manuform6x6_rev2_Use/common/action.o
 .debug_frame   0x0000000000000e04       0xe0 .build/obj_Manuform6x6_rev2_Use/common/action_tapping.o
 .debug_frame   0x0000000000000ee4       0x48 .build/obj_Manuform6x6_rev2_Use/common/action_macro.o
 .debug_frame   0x0000000000000f2c      0x250 .build/obj_Manuform6x6_rev2_Use/common/action_layer.o
 .debug_frame   0x000000000000117c      0x224 .build/obj_Manuform6x6_rev2_Use/common/action_util.o
 .debug_frame   0x00000000000013a0       0xb4 .build/obj_Manuform6x6_rev2_Use/common/eeconfig.o
 .debug_frame   0x0000000000001454       0x84 .build/obj_Manuform6x6_rev2_Use/common/report.o
 .debug_frame   0x00000000000014d8       0xa0 .build/obj_Manuform6x6_rev2_Use/common/avr/suspend.o
 .debug_frame   0x0000000000001578       0xbc .build/obj_Manuform6x6_rev2_Use/common/avr/timer.o
 .debug_frame   0x0000000000001634       0x34 .build/obj_Manuform6x6_rev2_Use/common/avr/bootloader.o
 .debug_frame   0x0000000000001668       0x24 .build/obj_Manuform6x6_rev2_Use/common/magic.o
 .debug_frame   0x000000000000168c       0x98 .build/obj_Manuform6x6_rev2_Use/common/mousekey.o
 .debug_frame   0x0000000000001724      0x158 .build/obj_Manuform6x6_rev2_Use/common/command.o
 .debug_frame   0x000000000000187c      0x200 .build/obj_Manuform6x6_rev2_Use/lufa.o
 .debug_frame   0x0000000000001a7c       0x24 .build/obj_Manuform6x6_rev2_Use/usb_descriptor.o
 .debug_frame   0x0000000000001aa0       0x5c .build/obj_Manuform6x6_rev2_Use/outputselect.o
 .debug_frame   0x0000000000001afc       0x24 .build/obj_Manuform6x6_rev2_Use/./lib/lufa/LUFA/Drivers/USB/Core/AVR8/Device_AVR8.o
 .debug_frame   0x0000000000001b20      0x474 .build/obj_Manuform6x6_rev2_Use/./lib/lufa/LUFA/Drivers/USB/Core/AVR8/EndpointStream_AVR8.o
 .debug_frame   0x0000000000001f94       0x7c .build/obj_Manuform6x6_rev2_Use/./lib/lufa/LUFA/Drivers/USB/Core/AVR8/Endpoint_AVR8.o
 .debug_frame   0x0000000000002010       0x5c .build/obj_Manuform6x6_rev2_Use/./lib/lufa/LUFA/Drivers/USB/Core/AVR8/USBController_AVR8.o
 .debug_frame   0x000000000000206c      0x108 .build/obj_Manuform6x6_rev2_Use/./lib/lufa/LUFA/Drivers/USB/Core/AVR8/USBInterrupt_AVR8.o
 .debug_frame   0x0000000000002174       0x3c .build/obj_Manuform6x6_rev2_Use/./lib/lufa/LUFA/Drivers/USB/Core/DeviceStandardReq.o
 .debug_frame   0x00000000000021b0       0x24 .build/obj_Manuform6x6_rev2_Use/./lib/lufa/LUFA/Drivers/USB/Core/Events.o
 .debug_frame   0x00000000000021d4       0x2c .build/obj_Manuform6x6_rev2_Use/./lib/lufa/LUFA/Drivers/USB/Core/USBTask.o

.debug_str      0x0000000000000000     0x553d
 *(.debug_str)
 .debug_str     0x0000000000000000      0x371 /usr/local/Cellar/avr-gcc@8/8.3.0_1/lib/avr-gcc/8/gcc/avr/8.3.0/../../../../../../avr/lib/avr5/crtatmega32u4.o
 .debug_str     0x0000000000000371      0x4c1 .build/obj_Manuform6x6_rev2_Use/matrix.o
                                        0x53a (size before relaxing)
 .debug_str     0x0000000000000832       0xcd .build/obj_Manuform6x6_rev2_Use/split_util.o
                                        0x30b (size before relaxing)
 .debug_str     0x00000000000008ff       0xdd .build/obj_Manuform6x6_rev2_Use/serial.o
                                        0x32c (size before relaxing)
 .debug_str     0x00000000000009dc      0x270 .build/obj_Manuform6x6_rev2_Use/keyboards/Manuform6x6/rev2/rev2.o
                                        0x4b0 (size before relaxing)
 .debug_str     0x0000000000000c4c     0x167c .build/obj_Manuform6x6_rev2_Use/quantum/quantum.o
                                       0x1c47 (size before relaxing)
 .debug_str     0x00000000000022c8      0x699 .build/obj_Manuform6x6_rev2_Use/quantum/keymap_common.o
                                       0x1d9d (size before relaxing)
 .debug_str     0x0000000000002961       0x6a .build/obj_Manuform6x6_rev2_Use/quantum/keycode_config.o
                                        0x880 (size before relaxing)
 .debug_str     0x00000000000029cb       0x7a .build/obj_Manuform6x6_rev2_Use/quantum/process_keycode/process_leader.o
                                       0x1167 (size before relaxing)
 .debug_str     0x0000000000002a45      0x115 .build/obj_Manuform6x6_rev2_Use/common/host.o
                                        0x384 (size before relaxing)
 .debug_str     0x0000000000002b5a      0x13d .build/obj_Manuform6x6_rev2_Use/common/keyboard.o
                                        0x4e4 (size before relaxing)
 .debug_str     0x0000000000002c97      0x38c .build/obj_Manuform6x6_rev2_Use/common/action.o
                                       0x1444 (size before relaxing)
 .debug_str     0x0000000000003023       0xe8 .build/obj_Manuform6x6_rev2_Use/common/action_tapping.o
                                        0xba9 (size before relaxing)
 .debug_str     0x000000000000310b       0x76 .build/obj_Manuform6x6_rev2_Use/common/action_macro.o
                                        0x8f7 (size before relaxing)
 .debug_str     0x0000000000003181       0x9f .build/obj_Manuform6x6_rev2_Use/common/action_layer.o
                                        0x50f (size before relaxing)
 .debug_str     0x0000000000003220      0x176 .build/obj_Manuform6x6_rev2_Use/common/action_util.o
                                        0x67c (size before relaxing)
 .debug_str     0x0000000000003396       0x1a .build/obj_Manuform6x6_rev2_Use/common/debug.o
                                        0x1f1 (size before relaxing)
 .debug_str     0x00000000000033b0       0xcc .build/obj_Manuform6x6_rev2_Use/common/eeconfig.o
                                        0x2d6 (size before relaxing)
 .debug_str     0x000000000000347c       0x49 .build/obj_Manuform6x6_rev2_Use/common/report.o
                                        0x363 (size before relaxing)
 .debug_str     0x00000000000034c5      0x25b .build/obj_Manuform6x6_rev2_Use/common/avr/suspend.o
                                        0x53e (size before relaxing)
 .debug_str     0x0000000000003720       0x8b .build/obj_Manuform6x6_rev2_Use/common/avr/timer.o
                                        0x25c (size before relaxing)
 .debug_str     0x00000000000037ab       0x70 .build/obj_Manuform6x6_rev2_Use/common/avr/bootloader.o
                                        0x35d (size before relaxing)
 .debug_str     0x000000000000381b       0x1a .build/obj_Manuform6x6_rev2_Use/common/magic.o
                                        0x37d (size before relaxing)
 .debug_str     0x0000000000003835       0x88 .build/obj_Manuform6x6_rev2_Use/common/mousekey.o
                                        0x6cf (size before relaxing)
 .debug_str     0x00000000000038bd      0x134 .build/obj_Manuform6x6_rev2_Use/common/command.o