Archive member included to satisfy reference by file (symbol)

/usr/local/Cellar/avr-gcc@8/8.3.0_1/lib/avr-gcc/8/gcc/avr/8.3.0/avr5/libgcc.a(_divmodhi4.o)
                              .build/obj_RentalCar6Column_copy/common/mousekey.o (__divmodhi4)
/usr/local/Cellar/avr-gcc@8/8.3.0_1/lib/avr-gcc/8/gcc/avr/8.3.0/avr5/libgcc.a(_exit.o)
                              /usr/local/Cellar/avr-gcc@8/8.3.0_1/lib/avr-gcc/8/gcc/avr/8.3.0/../../../../../../avr/lib/avr5/crtatmega32u4.o (exit)
/usr/local/Cellar/avr-gcc@8/8.3.0_1/lib/avr-gcc/8/gcc/avr/8.3.0/avr5/libgcc.a(_tablejump2.o)
                              .build/obj_RentalCar6Column_copy/quantum/quantum.o (__tablejump2__)
/usr/local/Cellar/avr-gcc@8/8.3.0_1/lib/avr-gcc/8/gcc/avr/8.3.0/avr5/libgcc.a(_copy_data.o)
                              .build/obj_RentalCar6Column_copy/matrix.o (__do_copy_data)
/usr/local/Cellar/avr-gcc@8/8.3.0_1/lib/avr-gcc/8/gcc/avr/8.3.0/avr5/libgcc.a(_clear_bss.o)
                              .build/obj_RentalCar6Column_copy/matrix.o (__do_clear_bss)
/usr/local/Cellar/avr-gcc@8/8.3.0_1/lib/avr-gcc/8/gcc/avr/8.3.0/avr5/libgcc.a(_udivmodhi4.o)
                              /usr/local/Cellar/avr-gcc@8/8.3.0_1/lib/avr-gcc/8/gcc/avr/8.3.0/avr5/libgcc.a(_divmodhi4.o) (__udivmodhi4)
/usr/local/Cellar/avr-gcc@8/8.3.0_1/lib/avr-gcc/8/gcc/avr/8.3.0/../../../../../../avr/lib/avr5/libc.a(memmove.o)
                              .build/obj_RentalCar6Column_copy/./lib/lufa/LUFA/Drivers/USB/Class/Common/HIDParser.o (memmove)
/usr/local/Cellar/avr-gcc@8/8.3.0_1/lib/avr-gcc/8/gcc/avr/8.3.0/../../../../../../avr/lib/avr5/libc.a(memcpy.o)
                              /usr/local/Cellar/avr-gcc@8/8.3.0_1/lib/avr-gcc/8/gcc/avr/8.3.0/../../../../../../avr/lib/avr5/libc.a(memmove.o) (memcpy)
/usr/local/Cellar/avr-gcc@8/8.3.0_1/lib/avr-gcc/8/gcc/avr/8.3.0/../../../../../../avr/lib/avr5/libatmega32u4.a(eerd_byte.o)
                              .build/obj_RentalCar6Column_copy/common/eeconfig.o (eeprom_read_byte)
/usr/local/Cellar/avr-gcc@8/8.3.0_1/lib/avr-gcc/8/gcc/avr/8.3.0/../../../../../../avr/lib/avr5/libatmega32u4.a(eerd_word.o)
                              .build/obj_RentalCar6Column_copy/common/eeconfig.o (eeprom_read_word)
/usr/local/Cellar/avr-gcc@8/8.3.0_1/lib/avr-gcc/8/gcc/avr/8.3.0/../../../../../../avr/lib/avr5/libatmega32u4.a(eeupd_byte.o)
                              .build/obj_RentalCar6Column_copy/common/eeconfig.o (eeprom_update_byte)
/usr/local/Cellar/avr-gcc@8/8.3.0_1/lib/avr-gcc/8/gcc/avr/8.3.0/../../../../../../avr/lib/avr5/libatmega32u4.a(eeupd_word.o)
                              .build/obj_RentalCar6Column_copy/common/eeconfig.o (eeprom_update_word)
/usr/local/Cellar/avr-gcc@8/8.3.0_1/lib/avr-gcc/8/gcc/avr/8.3.0/../../../../../../avr/lib/avr5/libatmega32u4.a(eerd_block.o)
                              /usr/local/Cellar/avr-gcc@8/8.3.0_1/lib/avr-gcc/8/gcc/avr/8.3.0/../../../../../../avr/lib/avr5/libatmega32u4.a(eerd_word.o) (eeprom_read_blraw)

Allocating common symbols
Common symbol       size              file

USB_IsInitialized   0x1               .build/obj_RentalCar6Column_copy/./lib/lufa/LUFA/Drivers/USB/Core/USBTask.o
keymap_config       0x2               .build/obj_RentalCar6Column_copy/common/magic.o
USB_DeviceState     0x1               .build/obj_RentalCar6Column_copy/./lib/lufa/LUFA/Drivers/USB/Core/USBTask.o
USB_Device_ConfigurationNumber
                    0x1               .build/obj_RentalCar6Column_copy/./lib/lufa/LUFA/Drivers/USB/Core/DeviceStandardReq.o
USB_Device_CurrentlySelfPowered
                    0x1               .build/obj_RentalCar6Column_copy/./lib/lufa/LUFA/Drivers/USB/Core/DeviceStandardReq.o
USB_ControlRequest  0x8               .build/obj_RentalCar6Column_copy/./lib/lufa/LUFA/Drivers/USB/Core/USBTask.o
tp_buttons          0x2               .build/obj_RentalCar6Column_copy/common/action.o
USB_Device_RemoteWakeupEnabled
                    0x1               .build/obj_RentalCar6Column_copy/./lib/lufa/LUFA/Drivers/USB/Core/DeviceStandardReq.o
timer_count         0x4               .build/obj_RentalCar6Column_copy/common/avr/timer.o

Discarded input sections

 .data          0x0000000000000000        0x0 /usr/local/Cellar/avr-gcc@8/8.3.0_1/lib/avr-gcc/8/gcc/avr/8.3.0/../../../../../../avr/lib/avr5/crtatmega32u4.o
 .bss           0x0000000000000000        0x0 /usr/local/Cellar/avr-gcc@8/8.3.0_1/lib/avr-gcc/8/gcc/avr/8.3.0/../../../../../../avr/lib/avr5/crtatmega32u4.o
 .text          0x0000000000000000        0x0 .build/obj_RentalCar6Column_copy/matrix.o
 .data          0x0000000000000000        0x0 .build/obj_RentalCar6Column_copy/matrix.o
 .bss           0x0000000000000000        0x0 .build/obj_RentalCar6Column_copy/matrix.o
 .text.matrix_init_quantum
                0x0000000000000000        0x4 .build/obj_RentalCar6Column_copy/matrix.o
 .text.matrix_scan_quantum
                0x0000000000000000        0x4 .build/obj_RentalCar6Column_copy/matrix.o
 .text.matrix_rows
[...]
Memory Configuration

Name             Origin             Length             Attributes
text             0x0000000000000000 0x0000000000020000 xr
data             0x0000000000800060 0x000000000000ffa0 rw !x
eeprom           0x0000000000810000 0x0000000000010000 rw !x
fuse             0x0000000000820000 0x0000000000000400 rw !x
lock             0x0000000000830000 0x0000000000000400 rw !x
signature        0x0000000000840000 0x0000000000000400 rw !x
user_signatures  0x0000000000850000 0x0000000000000400 rw !x
*default*        0x0000000000000000 0xffffffffffffffff

Linker script and memory map

Address of section .data set to 0x800100
LOAD /usr/local/Cellar/avr-gcc@8/8.3.0_1/lib/avr-gcc/8/gcc/avr/8.3.0/../../../../../../avr/lib/avr5/crtatmega32u4.o
LOAD .build/obj_RentalCar6Column_copy/matrix.o
LOAD .build/obj_RentalCar6Column_copy/i2c.o
LOAD .build/obj_RentalCar6Column_copy/split_util.o
LOAD .build/obj_RentalCar6Column_copy/serial.o
LOAD .build/obj_RentalCar6Column_copy/ssd1306.o
LOAD .build/obj_RentalCar6Column_copy/quantum/quantum.o
LOAD .build/obj_RentalCar6Column_copy/quantum/keymap_common.o
LOAD .build/obj_RentalCar6Column_copy/quantum/keycode_config.o
LOAD .build/obj_RentalCar6Column_copy/quantum/process_keycode/process_leader.o
LOAD .build/obj_RentalCar6Column_copy/common/host.o
LOAD .build/obj_RentalCar6Column_copy/common/keyboard.o
LOAD .build/obj_RentalCar6Column_copy/common/action.o
LOAD .build/obj_RentalCar6Column_copy/common/action_tapping.o
LOAD .build/obj_RentalCar6Column_copy/common/action_macro.o
LOAD .build/obj_RentalCar6Column_copy/common/action_layer.o
LOAD .build/obj_RentalCar6Column_copy/common/action_util.o
LOAD .build/obj_RentalCar6Column_copy/common/print.o
LOAD .build/obj_RentalCar6Column_copy/common/debug.o
LOAD .build/obj_RentalCar6Column_copy/common/util.o
LOAD .build/obj_RentalCar6Column_copy/common/eeconfig.o
LOAD .build/obj_RentalCar6Column_copy/common/report.o
LOAD .build/obj_RentalCar6Column_copy/common/avr/suspend.o
LOAD .build/obj_RentalCar6Column_copy/common/avr/timer.o
LOAD .build/obj_RentalCar6Column_copy/common/avr/bootloader.o
LOAD .build/obj_RentalCar6Column_copy/common/avr/xprintf.o
LOAD .build/obj_RentalCar6Column_copy/common/magic.o
LOAD .build/obj_RentalCar6Column_copy/common/mousekey.o
LOAD .build/obj_RentalCar6Column_copy/common/command.o
LOAD .build/obj_RentalCar6Column_copy/lufa.o
LOAD .build/obj_RentalCar6Column_copy/usb_descriptor.o
LOAD .build/obj_RentalCar6Column_copy/outputselect.o
LOAD .build/obj_RentalCar6Column_copy/./lib/lufa/LUFA/Drivers/USB/Class/Common/HIDParser.o
LOAD .build/obj_RentalCar6Column_copy/./lib/lufa/LUFA/Drivers/USB/Core/AVR8/Device_AVR8.o
LOAD .build/obj_RentalCar6Column_copy/./lib/lufa/LUFA/Drivers/USB/Core/AVR8/EndpointStream_AVR8.o
LOAD .build/obj_RentalCar6Column_copy/./lib/lufa/LUFA/Drivers/USB/Core/AVR8/Endpoint_AVR8.o
LOAD .build/obj_RentalCar6Column_copy/./lib/lufa/LUFA/Drivers/USB/Core/AVR8/Host_AVR8.o
LOAD .build/obj_RentalCar6Column_copy/./lib/lufa/LUFA/Drivers/USB/Core/AVR8/PipeStream_AVR8.o
LOAD .build/obj_RentalCar6Column_copy/./lib/lufa/LUFA/Drivers/USB/Core/AVR8/Pipe_AVR8.o
LOAD .build/obj_RentalCar6Column_copy/./lib/lufa/LUFA/Drivers/USB/Core/AVR8/USBController_AVR8.o
LOAD .build/obj_RentalCar6Column_copy/./lib/lufa/LUFA/Drivers/USB/Core/AVR8/USBInterrupt_AVR8.o
LOAD .build/obj_RentalCar6Column_copy/./lib/lufa/LUFA/Drivers/USB/Core/ConfigDescriptors.o
LOAD .build/obj_RentalCar6Column_copy/./lib/lufa/LUFA/Drivers/USB/Core/DeviceStandardReq.o
LOAD .build/obj_RentalCar6Column_copy/./lib/lufa/LUFA/Drivers/USB/Core/Events.o
LOAD .build/obj_RentalCar6Column_copy/./lib/lufa/LUFA/Drivers/USB/Core/HostStandardReq.o
LOAD .build/obj_RentalCar6Column_copy/./lib/lufa/LUFA/Drivers/USB/Core/USBTask.o
LOAD /usr/local/Cellar/avr-gcc@8/8.3.0_1/lib/avr-gcc/8/gcc/avr/8.3.0/../../../../../../avr/lib/avr5/libm.a
START GROUP
LOAD /usr/local/Cellar/avr-gcc@8/8.3.0_1/lib/avr-gcc/8/gcc/avr/8.3.0/avr5/libgcc.a
LOAD /usr/local/Cellar/avr-gcc@8/8.3.0_1/lib/avr-gcc/8/gcc/avr/8.3.0/../../../../../../avr/lib/avr5/libm.a
LOAD /usr/local/Cellar/avr-gcc@8/8.3.0_1/lib/avr-gcc/8/gcc/avr/8.3.0/../../../../../../avr/lib/avr5/libc.a
LOAD /usr/local/Cellar/avr-gcc@8/8.3.0_1/lib/avr-gcc/8/gcc/avr/8.3.0/../../../../../../avr/lib/avr5/libatmega32u4.a
END GROUP
                0x0000000000020000                __TEXT_REGION_LENGTH__ = DEFINED (__TEXT_REGION_LENGTH__)?__TEXT_REGION_LENGTH__:0x20000
                0x000000000000ffa0                __DATA_REGION_LENGTH__ = DEFINED (__DATA_REGION_LENGTH__)?__DATA_REGION_LENGTH__:0xffa0
                0x0000000000010000                __EEPROM_REGION_LENGTH__ = DEFINED (__EEPROM_REGION_LENGTH__)?__EEPROM_REGION_LENGTH__:0x10000
                0x0000000000000400                __FUSE_REGION_LENGTH__ = DEFINED (__FUSE_REGION_LENGTH__)?__FUSE_REGION_LENGTH__:0x400
                0x0000000000000400                __LOCK_REGION_LENGTH__ = DEFINED (__LOCK_REGION_LENGTH__)?__LOCK_REGION_LENGTH__:0x400
                0x0000000000000400                __SIGNATURE_REGION_LENGTH__ = DEFINED (__SIGNATURE_REGION_LENGTH__)?__SIGNATURE_REGION_LENGTH__:0x400
                0x0000000000000400                __USER_SIGNATURE_REGION_LENGTH__ = DEFINED (__USER_SIGNATURE_REGION_LENGTH__)?__USER_SIGNATURE_REGION_LENGTH__:0x400

.hash
 *(.hash)

.dynsym
 *(.dynsym)

.dynstr
 *(.dynstr)

.gnu.version
 *(.gnu.version)

.gnu.version_d
 *(.gnu.version_d)

.gnu.version_r
 *(.gnu.version_r)

.rel.init
 *(.rel.init)

.rela.init
 *(.rela.init)

.rel.text
 *(.rel.text)
 *(.rel.text.*)
 *(.rel.gnu.linkonce.t*)

.rela.text
 *(.rela.text)
 *(.rela.text.*)
 *(.rela.gnu.linkonce.t*)

.rel.fini
 *(.rel.fini)

.rela.fini
 *(.rela.fini)

.rel.rodata
 *(.rel.rodata)
 *(.rel.rodata.*)
 *(.rel.gnu.linkonce.r*)

.rela.rodata
 *(.rela.rodata)
 *(.rela.rodata.*)
 *(.rela.gnu.linkonce.r*)

.rel.data
 *(.rel.data)
 *(.rel.data.*)
 *(.rel.gnu.linkonce.d*)

.rela.data
 *(.rela.data)
 *(.rela.data.*)
 *(.rela.gnu.linkonce.d*)

.rel.ctors
 *(.rel.ctors)

.rela.ctors
 *(.rela.ctors)

.rel.dtors
 *(.rel.dtors)

.rela.dtors
 *(.rela.dtors)

.rel.got
 *(.rel.got)

.rela.got
 *(.rela.got)

.rel.bss
 *(.rel.bss)

.rela.bss
 *(.rela.bss)

.rel.plt
 *(.rel.plt)

.rela.plt
 *(.rela.plt)

.text           0x0000000000000000     0x406a
 *(.vectors)
 .vectors       0x0000000000000000       0xac /usr/local/Cellar/avr-gcc@8/8.3.0_1/lib/avr-gcc/8/gcc/avr/8.3.0/../../../../../../avr/lib/avr5/crtatmega32u4.o
                0x0000000000000000                __vectors
                0x0000000000000000                __vector_default
 *(.vectors)
 *(.progmem.gcc*)
                0x00000000000000ac                . = ALIGN (0x2)
                0x00000000000000ac                __trampolines_start = .
 *(.trampolines)
 .trampolines   0x00000000000000ac        0x0 linker stubs
 *(.trampolines*)
                0x00000000000000ac                __trampolines_end = .
 *libprintf_flt.a:*(.progmem.data)
 *libc.a:*(.progmem.data)
 *(.progmem.*)
 .progmem.data.fn_actions
                0x00000000000000ac        0x0 .build/obj_RentalCar6Column_copy/quantum/keymap_common.o
                0x00000000000000ac                fn_actions
 .progmem.data.SerialNumberString
                0x00000000000000ac        0x6 .build/obj_RentalCar6Column_copy/usb_descriptor.o
                0x00000000000000ac                SerialNumberString
 .progmem.data.ProductString
                0x00000000000000b2       0x18 .build/obj_RentalCar6Column_copy/usb_descriptor.o
                0x00000000000000b2                ProductString
 .progmem.data.ManufacturerString
                0x00000000000000ca       0x20 .build/obj_RentalCar6Column_copy/usb_descriptor.o
                0x00000000000000ca                ManufacturerString
 .progmem.data.LanguageString
                0x00000000000000ea        0x4 .build/obj_RentalCar6Column_copy/usb_descriptor.o
                0x00000000000000ea                LanguageString
 .progmem.data.ConfigurationDescriptor
                0x00000000000000ee       0x54 .build/obj_RentalCar6Column_copy/usb_descriptor.o
                0x00000000000000ee                ConfigurationDescriptor
 .progmem.data.DeviceDescriptor
                0x0000000000000142       0x12 .build/obj_RentalCar6Column_copy/usb_descriptor.o
                0x0000000000000142                DeviceDescriptor
 .progmem.data.ExtrakeyReport
                0x0000000000000154       0x36 .build/obj_RentalCar6Column_copy/usb_descriptor.o
                0x0000000000000154                ExtrakeyReport
 .progmem.data.MouseReport
                0x000000000000018a       0x4d .build/obj_RentalCar6Column_copy/usb_descriptor.o
                0x000000000000018a                MouseReport
 .progmem.data.KeyboardReport
                0x00000000000001d7       0x40 .build/obj_RentalCar6Column_copy/usb_descriptor.o
                0x00000000000001d7                KeyboardReport
                0x0000000000000218                . = ALIGN (0x2)
 *fill*         0x0000000000000217        0x1 
 *(.lowtext)
 *(.lowtext*)
                0x0000000000000218                __ctors_start = .
 *(.ctors)
                0x0000000000000218                __ctors_end = .
                0x0000000000000218                __dtors_start = .
 *(.dtors)
                0x0000000000000218                __dtors_end = .
 SORT_BY_NAME(*)(.ctors)
 SORT_BY_NAME(*)(.dtors)
 *(.init0)
 .init0         0x0000000000000218        0x0 /usr/local/Cellar/avr-gcc@8/8.3.0_1/lib/avr-gcc/8/gcc/avr/8.3.0/../../../../../../avr/lib/avr5/crtatmega32u4.o
                0x0000000000000218                __init
 *(.init0)
 *(.init1)
 *(.init1)
 *(.init2)
 .init2         0x0000000000000218        0xc /usr/local/Cellar/avr-gcc@8/8.3.0_1/lib/avr-gcc/8/gcc/avr/8.3.0/../../../../../../avr/lib/avr5/crtatmega32u4.o
 *(.init2)
 *(.init3)
 .init3         0x0000000000000224       0x54 .build/obj_RentalCar6Column_copy/common/avr/bootloader.o
                0x0000000000000224                bootloader_jump_after_watchdog_reset
 *(.init3)
 *(.init4)
 .init4         0x0000000000000278       0x16 /usr/local/Cellar/avr-gcc@8/8.3.0_1/lib/avr-gcc/8/gcc/avr/8.3.0/avr5/libgcc.a(_copy_data.o)
                0x0000000000000278                __do_copy_data
 .init4         0x000000000000028e       0x10 /usr/local/Cellar/avr-gcc@8/8.3.0_1/lib/avr-gcc/8/gcc/avr/8.3.0/avr5/libgcc.a(_clear_bss.o)
                0x000000000000028e                __do_clear_bss
 *(.init4)
 *(.init5)
 *(.init5)
 *(.init6)
 *(.init6)
 *(.init7)
 *(.init7)
 *(.init8)
 *(.init8)
 *(.init9)
 .init9         0x000000000000029e        0x8 /usr/local/Cellar/avr-gcc@8/8.3.0_1/lib/avr-gcc/8/gcc/avr/8.3.0/../../../../../../avr/lib/avr5/crtatmega32u4.o
 *(.init9)
 *(.text)
 .text          0x00000000000002a6        0x4 /usr/local/Cellar/avr-gcc@8/8.3.0_1/lib/avr-gcc/8/gcc/avr/8.3.0/../../../../../../avr/lib/avr5/crtatmega32u4.o
                0x00000000000002a6                __vector_42
                0x00000000000002a6                __vector_22
                0x00000000000002a6                __vector_28
                0x00000000000002a6                __vector_32
                0x00000000000002a6                __vector_34
                0x00000000000002a6                __vector_24
                0x00000000000002a6                __bad_interrupt
                0x00000000000002a6                __vector_6
                0x00000000000002a6                __vector_31
                0x00000000000002a6                __vector_35
                0x00000000000002a6                __vector_39
                0x00000000000002a6                __vector_3
                0x00000000000002a6                __vector_23
                0x00000000000002a6                __vector_30
                0x00000000000002a6                __vector_25
                0x00000000000002a6                __vector_13
                0x00000000000002a6                __vector_17
                0x00000000000002a6                __vector_19
                0x00000000000002a6                __vector_7
                0x00000000000002a6                __vector_41
                0x00000000000002a6                __vector_27
                0x00000000000002a6                __vector_5
                0x00000000000002a6                __vector_33
                0x00000000000002a6                __vector_37
                0x00000000000002a6                __vector_4
                0x00000000000002a6                __vector_9
                0x00000000000002a6                __vector_2
                0x00000000000002a6                __vector_15
                0x00000000000002a6                __vector_36
                0x00000000000002a6                __vector_29
                0x00000000000002a6                __vector_40
                0x00000000000002a6                __vector_8
                0x00000000000002a6                __vector_26
                0x00000000000002a6                __vector_14
                0x00000000000002a6                __vector_16
                0x00000000000002a6                __vector_18
                0x00000000000002a6                __vector_20
                0x00000000000002a6                __vector_38
                0x00000000000002aa                . = ALIGN (0x2)
 *(.text.*)
 .text.matrix_init_user
                0x00000000000002aa        0x2 .build/obj_RentalCar6Column_copy/matrix.o
                0x00000000000002aa                matrix_init_user
 .text.matrix_init_kb
                0x00000000000002ac        0x4 .build/obj_RentalCar6Column_copy/matrix.o
                0x00000000000002ac                matrix_init_kb
 .text.matrix_scan_user
                0x00000000000002b0        0x2 .build/obj_RentalCar6Column_copy/matrix.o
                0x00000000000002b0                matrix_scan_user
 .text.matrix_scan_kb
                0x00000000000002b2        0x4 .build/obj_RentalCar6Column_copy/matrix.o
                0x00000000000002b2                matrix_scan_kb
 .text.matrix_init
                0x00000000000002b6       0x94 .build/obj_RentalCar6Column_copy/matrix.o
                0x00000000000002b6                matrix_init
 .text._matrix_scan
                0x000000000000034a      0x19c .build/obj_RentalCar6Column_copy/matrix.o
                0x000000000000034a                _matrix_scan
 .text.serial_transaction
                0x00000000000004e6       0x44 .build/obj_RentalCar6Column_copy/matrix.o
                0x00000000000004e6                serial_transaction
 .text.matrix_scan
                0x000000000000052a       0x50 .build/obj_RentalCar6Column_copy/matrix.o
                0x000000000000052a                matrix_scan
 .text.matrix_slave_scan
                0x000000000000057a       0x30 .build/obj_RentalCar6Column_copy/matrix.o
                0x000000000000057a                matrix_slave_scan
 .text.matrix_get_row
                0x00000000000005aa        0xc .build/obj_RentalCar6Column_copy/matrix.o
                0x00000000000005aa                matrix_get_row
 .text.matrix_print
                0x00000000000005b6        0x2 .build/obj_RentalCar6Column_copy/matrix.o
                0x00000000000005b6                matrix_print
 .text.has_usb  0x00000000000005b8       0x1a .build/obj_RentalCar6Column_copy/split_util.o
                0x00000000000005b8                has_usb
 .text.split_keyboard_setup
                0x00000000000005d2       0x22 .build/obj_RentalCar6Column_copy/split_util.o
                0x00000000000005d2                split_keyboard_setup
 .text.keyboard_slave_loop
                0x00000000000005f4        0xa .build/obj_RentalCar6Column_copy/split_util.o
                0x00000000000005f4                keyboard_slave_loop
 .text.matrix_setup
                0x00000000000005fe       0x12 .build/obj_RentalCar6Column_copy/split_util.o
                0x00000000000005fe                matrix_setup
 .text.serial_output
                0x0000000000000610        0x4 .build/obj_RentalCar6Column_copy/serial.o
 .text.serial_input
                0x0000000000000614        0x6 .build/obj_RentalCar6Column_copy/serial.o
 .text.serial_high
                0x000000000000061a        0x4 .build/obj_RentalCar6Column_copy/serial.o
 .text.sync_recv
                0x000000000000061e       0x10 .build/obj_RentalCar6Column_copy/serial.o
 .text.serial_read_byte
                0x000000000000062e       0x24 .build/obj_RentalCar6Column_copy/serial.o
 .text.serial_write_byte
                0x0000000000000652       0x3e .build/obj_RentalCar6Column_copy/serial.o
 .text.sync_send
                0x0000000000000690       0x10 .build/obj_RentalCar6Column_copy/serial.o
 .text.serial_master_init
                0x00000000000006a0        0x8 .build/obj_RentalCar6Column_copy/serial.o
                0x00000000000006a0                serial_master_init
 .text.serial_slave_init
                0x00000000000006a8       0x12 .build/obj_RentalCar6Column_copy/serial.o
                0x00000000000006a8                serial_slave_init
 .text.__vector_1
                0x00000000000006ba       0xca .build/obj_RentalCar6Column_copy/serial.o
                0x00000000000006ba                __vector_1
 .text.serial_update_buffers
                0x0000000000000784       0xa2 .build/obj_RentalCar6Column_copy/serial.o
                0x0000000000000784                serial_update_buffers
 .text.process_action_kb
                0x0000000000000826        0x4 .build/obj_RentalCar6Column_copy/quantum/quantum.o
                0x0000000000000826                process_action_kb
 .text.process_record_user
                0x000000000000082a        0x4 .build/obj_RentalCar6Column_copy/quantum/quantum.o
                0x000000000000082a                process_record_user
 .text.process_record_kb
                0x000000000000082e        0x4 .build/obj_RentalCar6Column_copy/quantum/quantum.o
                0x000000000000082e                process_record_kb
 .text.reset_keyboard
                0x0000000000000832       0x26 .build/obj_RentalCar6Column_copy/quantum/quantum.o
                0x0000000000000832                reset_keyboard
 .text.process_record_quantum
                0x0000000000000858      0x2d0 .build/obj_RentalCar6Column_copy/quantum/quantum.o
                0x0000000000000858                process_record_quantum
 .text.matrix_init_quantum
                0x0000000000000b28        0x4 .build/obj_RentalCar6Column_copy/quantum/quantum.o
                0x0000000000000b28                matrix_init_quantum
 .text.matrix_scan_quantum
                0x0000000000000b2c        0x4 .build/obj_RentalCar6Column_copy/quantum/quantum.o
                0x0000000000000b2c                matrix_scan_quantum
 .text.led_set_user
                0x0000000000000b30        0x2 .build/obj_RentalCar6Column_copy/quantum/quantum.o
                0x0000000000000b30                led_set_user
 .text.led_set_kb
                0x0000000000000b32        0x4 .build/obj_RentalCar6Column_copy/quantum/quantum.o
                0x0000000000000b32                led_set_kb
 .text.led_set  0x0000000000000b36        0x4 .build/obj_RentalCar6Column_copy/quantum/quantum.o
                0x0000000000000b36                led_set
 .text.action_get_macro
                0x0000000000000b3a        0x6 .build/obj_RentalCar6Column_copy/quantum/keymap_common.o
                0x0000000000000b3a                action_get_macro
 .text.action_function
                0x0000000000000b40        0x2 .build/obj_RentalCar6Column_copy/quantum/keymap_common.o
                0x0000000000000b40                action_function
 .text.keymap_key_to_keycode
                0x0000000000000b42       0x28 .build/obj_RentalCar6Column_copy/quantum/keymap_common.o
                0x0000000000000b42                keymap_key_to_keycode
 .text.keymap_function_id_to_action
                0x0000000000000b6a       0x10 .build/obj_RentalCar6Column_copy/quantum/keymap_common.o
                0x0000000000000b6a                keymap_function_id_to_action
 .text.action_for_key
                0x0000000000000b7a      0x340 .build/obj_RentalCar6Column_copy/quantum/keymap_common.o
                0x0000000000000b7a                action_for_key
 .text.keycode_config
                0x0000000000000eba       0xf6 .build/obj_RentalCar6Column_copy/quantum/keycode_config.o
                0x0000000000000eba                keycode_config
 .text.mod_config
                0x0000000000000fb0       0x46 .build/obj_RentalCar6Column_copy/quantum/keycode_config.o
                0x0000000000000fb0                mod_config
 .text.leader_start
                0x0000000000000ff6        0x2 .build/obj_RentalCar6Column_copy/quantum/process_keycode/process_leader.o
                0x0000000000000ff6                leader_start
 .text.process_leader
                0x0000000000000ff8       0x9e .build/obj_RentalCar6Column_copy/quantum/process_keycode/process_leader.o
                0x0000000000000ff8                process_leader
 .text.host_set_driver
                0x0000000000001096        0xa .build/obj_RentalCar6Column_copy/common/host.o
                0x0000000000001096                host_set_driver
 .text.host_keyboard_leds
                0x00000000000010a0       0x18 .build/obj_RentalCar6Column_copy/common/host.o
                0x00000000000010a0                host_keyboard_leds
 .text.host_keyboard_send
                0x00000000000010b8       0x16 .build/obj_RentalCar6Column_copy/common/host.o
                0x00000000000010b8                host_keyboard_send
 .text.host_mouse_send
                0x00000000000010ce       0x16 .build/obj_RentalCar6Column_copy/common/host.o
                0x00000000000010ce                host_mouse_send
 .text.host_system_send
                0x00000000000010e4       0x2c .build/obj_RentalCar6Column_copy/common/host.o
                0x00000000000010e4                host_system_send
 .text.host_consumer_send
                0x0000000000001110       0x2c .build/obj_RentalCar6Column_copy/common/host.o
                0x0000000000001110                host_consumer_send
 .text.keyboard_setup
                0x000000000000113c        0x4 .build/obj_RentalCar6Column_copy/common/keyboard.o
                0x000000000000113c                keyboard_setup
 .text.is_keyboard_master
                0x0000000000001140        0x4 .build/obj_RentalCar6Column_copy/common/keyboard.o
                0x0000000000001140                is_keyboard_master
 .text.keyboard_init
                0x0000000000001144        0xc .build/obj_RentalCar6Column_copy/common/keyboard.o
                0x0000000000001144                keyboard_init
 .text.keyboard_task
                0x0000000000001150      0x154 .build/obj_RentalCar6Column_copy/common/keyboard.o
                0x0000000000001150                keyboard_task
 .text.action_exec
                0x00000000000012a4       0x54 .build/obj_RentalCar6Column_copy/common/action.o
                0x00000000000012a4                action_exec
 .text.process_record_tap_hint
                0x00000000000012f8        0xa .build/obj_RentalCar6Column_copy/common/action.o
                0x00000000000012f8                process_record_tap_hint
 .text.register_code
                0x0000000000001302      0x1b6 .build/obj_RentalCar6Column_copy/common/action.o
                0x0000000000001302                register_code
 .text.unregister_code
                0x00000000000014b8       0x9e .build/obj_RentalCar6Column_copy/common/action.o
                0x00000000000014b8                unregister_code
 .text.register_mods
                0x0000000000001556        0xe .build/obj_RentalCar6Column_copy/common/action.o
                0x0000000000001556                register_mods
 .text.unregister_mods
                0x0000000000001564        0xe .build/obj_RentalCar6Column_copy/common/action.o
                0x0000000000001564                unregister_mods
 .text.process_action
                0x0000000000001572      0x4b4 .build/obj_RentalCar6Column_copy/common/action.o
                0x0000000000001572                process_action
 .text.process_record
                0x0000000000001a26       0x54 .build/obj_RentalCar6Column_copy/common/action.o
                0x0000000000001a26                process_record
 .text.clear_keyboard_but_mods
                0x0000000000001a7a       0x28 .build/obj_RentalCar6Column_copy/common/action.o
                0x0000000000001a7a                clear_keyboard_but_mods
 .text.clear_keyboard
                0x0000000000001aa2        0x8 .build/obj_RentalCar6Column_copy/common/action.o
                0x0000000000001aa2                clear_keyboard
 .text.is_tap_key
                0x0000000000001aaa       0x42 .build/obj_RentalCar6Column_copy/common/action.o
                0x0000000000001aaa                is_tap_key
 .text.debug_event
                0x0000000000001aec       0x1e .build/obj_RentalCar6Column_copy/common/action.o
                0x0000000000001aec                debug_event
 .text.debug_record
                0x0000000000001b0a       0x20 .build/obj_RentalCar6Column_copy/common/action.o
                0x0000000000001b0a                debug_record
 .text.debug_waiting_buffer
                0x0000000000001b2a       0x42 .build/obj_RentalCar6Column_copy/common/action_tapping.o
 .text.debug_tapping_key
                0x0000000000001b6c       0x1c .build/obj_RentalCar6Column_copy/common/action_tapping.o
 .text.waiting_buffer_scan_tap
                0x0000000000001b88       0xc8 .build/obj_RentalCar6Column_copy/common/action_tapping.o
 .text.process_tapping
                0x0000000000001c50      0x38e .build/obj_RentalCar6Column_copy/common/action_tapping.o
 .text.action_tapping_process
                0x0000000000001fde      0x134 .build/obj_RentalCar6Column_copy/common/action_tapping.o
                0x0000000000001fde                action_tapping_process
 .text.action_macro_play
                0x0000000000002112       0xf0 .build/obj_RentalCar6Column_copy/common/action_macro.o
                0x0000000000002112                action_macro_play
 .text.default_layer_state_set_kb
                0x0000000000002202        0x2 .build/obj_RentalCar6Column_copy/common/action_layer.o
                0x0000000000002202                default_layer_state_set_kb
 .text.default_layer_state_set
                0x0000000000002204       0x18 .build/obj_RentalCar6Column_copy/common/action_layer.o
 .text.default_layer_debug
                0x000000000000221c        0x2 .build/obj_RentalCar6Column_copy/common/action_layer.o
                0x000000000000221c                default_layer_debug
 .text.default_layer_set
                0x000000000000221e        0x4 .build/obj_RentalCar6Column_copy/common/action_layer.o
                0x000000000000221e                default_layer_set
 .text.default_layer_or
                0x0000000000002222       0x24 .build/obj_RentalCar6Column_copy/common/action_layer.o
                0x0000000000002222                default_layer_or
 .text.default_layer_and
                0x0000000000002246       0x24 .build/obj_RentalCar6Column_copy/common/action_layer.o
                0x0000000000002246                default_layer_and
 .text.default_layer_xor
                0x000000000000226a       0x24 .build/obj_RentalCar6Column_copy/common/action_layer.o
                0x000000000000226a                default_layer_xor
 .text.layer_state_set_user
                0x000000000000228e        0x4 .build/obj_RentalCar6Column_copy/common/action_layer.o
                0x000000000000228e                layer_state_set_user
 .text.layer_state_set_kb
                0x0000000000002292        0x4 .build/obj_RentalCar6Column_copy/common/action_layer.o
                0x0000000000002292                layer_state_set_kb
 .text.layer_state_set
                0x0000000000002296       0x18 .build/obj_RentalCar6Column_copy/common/action_layer.o
                0x0000000000002296                layer_state_set
 .text.layer_clear
                0x00000000000022ae        0xa .build/obj_RentalCar6Column_copy/common/action_layer.o
                0x00000000000022ae                layer_clear
 .text.layer_move
                0x00000000000022b8       0x2a .build/obj_RentalCar6Column_copy/common/action_layer.o
                0x00000000000022b8                layer_move
 .text.layer_on
                0x00000000000022e2       0x42 .build/obj_RentalCar6Column_copy/common/action_layer.o
                0x00000000000022e2                layer_on
 .text.layer_off
                0x0000000000002324       0x46 .build/obj_RentalCar6Column_copy/common/action_layer.o
                0x0000000000002324                layer_off
 .text.layer_invert
                0x000000000000236a       0x42 .build/obj_RentalCar6Column_copy/common/action_layer.o
                0x000000000000236a                layer_invert
 .text.layer_or
                0x00000000000023ac       0x24 .build/obj_RentalCar6Column_copy/common/action_layer.o
                0x00000000000023ac                layer_or
 .text.layer_and
                0x00000000000023d0       0x24 .build/obj_RentalCar6Column_copy/common/action_layer.o
                0x00000000000023d0                layer_and
 .text.layer_xor
                0x00000000000023f4       0x24 .build/obj_RentalCar6Column_copy/common/action_layer.o
                0x00000000000023f4                layer_xor
 .text.layer_debug
                0x0000000000002418        0x2 .build/obj_RentalCar6Column_copy/common/action_layer.o
                0x0000000000002418                layer_debug
 .text.layer_switch_get_layer
                0x000000000000241a       0x84 .build/obj_RentalCar6Column_copy/common/action_layer.o
                0x000000000000241a                layer_switch_get_layer
 .text.layer_switch_get_action
                0x000000000000249e       0x14 .build/obj_RentalCar6Column_copy/common/action_layer.o
                0x000000000000249e                layer_switch_get_action
 .text.store_or_get_action
                0x00000000000024b2        0x6 .build/obj_RentalCar6Column_copy/common/action_layer.o
                0x00000000000024b2                store_or_get_action
 .text.add_key  0x00000000000024b8        0xe .build/obj_RentalCar6Column_copy/common/action_util.o
                0x00000000000024b8                add_key
 .text.del_key  0x00000000000024c6        0xe .build/obj_RentalCar6Column_copy/common/action_util.o
                0x00000000000024c6                del_key
 .text.clear_keys
                0x00000000000024d4        0xc .build/obj_RentalCar6Column_copy/common/action_util.o
                0x00000000000024d4                clear_keys
 .text.get_oneshot_layer
                0x00000000000024e0        0xc .build/obj_RentalCar6Column_copy/common/action_util.o
                0x00000000000024e0                get_oneshot_layer
 .text.get_oneshot_layer_state
                0x00000000000024ec        0x8 .build/obj_RentalCar6Column_copy/common/action_util.o
                0x00000000000024ec                get_oneshot_layer_state
 .text.set_oneshot_layer
                0x00000000000024f4       0x12 .build/obj_RentalCar6Column_copy/common/action_util.o
                0x00000000000024f4                set_oneshot_layer
 .text.clear_oneshot_layer_state
                0x0000000000002506       0x2c .build/obj_RentalCar6Column_copy/common/action_util.o
                0x0000000000002506                clear_oneshot_layer_state
 .text.is_oneshot_layer_active
                0x0000000000002532        0xe .build/obj_RentalCar6Column_copy/common/action_util.o
                0x0000000000002532                is_oneshot_layer_active
 .text.send_keyboard_report
                0x0000000000002540       0x66 .build/obj_RentalCar6Column_copy/common/action_util.o
                0x0000000000002540                send_keyboard_report
 .text.get_mods
                0x00000000000025a6        0x6 .build/obj_RentalCar6Column_copy/common/action_util.o
                0x00000000000025a6                get_mods
 .text.add_mods
                0x00000000000025ac        0xc .build/obj_RentalCar6Column_copy/common/action_util.o
                0x00000000000025ac                add_mods
 .text.del_mods
                0x00000000000025b8        0xe .build/obj_RentalCar6Column_copy/common/action_util.o
                0x00000000000025b8                del_mods
 .text.clear_mods
                0x00000000000025c6        0x6 .build/obj_RentalCar6Column_copy/common/action_util.o
                0x00000000000025c6                clear_mods
 .text.add_weak_mods
                0x00000000000025cc        0xc .build/obj_RentalCar6Column_copy/common/action_util.o
                0x00000000000025cc                add_weak_mods
 .text.del_weak_mods
                0x00000000000025d8        0xe .build/obj_RentalCar6Column_copy/common/action_util.o
                0x00000000000025d8                del_weak_mods
 .text.clear_weak_mods
                0x00000000000025e6        0x6 .build/obj_RentalCar6Column_copy/common/action_util.o
                0x00000000000025e6                clear_weak_mods
 .text.add_macro_mods
                0x00000000000025ec        0xc .build/obj_RentalCar6Column_copy/common/action_util.o
                0x00000000000025ec                add_macro_mods
 .text.del_macro_mods
                0x00000000000025f8        0xe .build/obj_RentalCar6Column_copy/common/action_util.o
                0x00000000000025f8                del_macro_mods
 .text.clear_macro_mods
                0x0000000000002606        0x6 .build/obj_RentalCar6Column_copy/common/action_util.o
                0x0000000000002606                clear_macro_mods
 .text.set_oneshot_mods
                0x000000000000260c        0x6 .build/obj_RentalCar6Column_copy/common/action_util.o
                0x000000000000260c                set_oneshot_mods
 .text.clear_oneshot_mods
                0x0000000000002612        0x6 .build/obj_RentalCar6Column_copy/common/action_util.o
                0x0000000000002612                clear_oneshot_mods
 .text.get_oneshot_mods
                0x0000000000002618        0x6 .build/obj_RentalCar6Column_copy/common/action_util.o
                0x0000000000002618                get_oneshot_mods
 .text.eeconfig_init
                0x000000000000261e       0x34 .build/obj_RentalCar6Column_copy/common/eeconfig.o
                0x000000000000261e                eeconfig_init
 .text.eeconfig_is_enabled
                0x0000000000002652       0x16 .build/obj_RentalCar6Column_copy/common/eeconfig.o
                0x0000000000002652                eeconfig_is_enabled
 .text.eeconfig_read_debug
                0x0000000000002668        0x8 .build/obj_RentalCar6Column_copy/common/eeconfig.o
                0x0000000000002668                eeconfig_read_debug
 .text.eeconfig_read_default_layer
                0x0000000000002670        0x8 .build/obj_RentalCar6Column_copy/common/eeconfig.o
                0x0000000000002670                eeconfig_read_default_layer
 .text.eeconfig_read_keymap
                0x0000000000002678        0x8 .build/obj_RentalCar6Column_copy/common/eeconfig.o
                0x0000000000002678                eeconfig_read_keymap
 .text.eeconfig_update_keymap
                0x0000000000002680        0xa .build/obj_RentalCar6Column_copy/common/eeconfig.o
                0x0000000000002680                eeconfig_update_keymap
 .text.has_anykey
                0x000000000000268a       0x1a .build/obj_RentalCar6Column_copy/common/report.o
                0x000000000000268a                has_anykey
 .text.add_key_byte
                0x00000000000026a4       0x34 .build/obj_RentalCar6Column_copy/common/report.o
                0x00000000000026a4                add_key_byte
 .text.del_key_byte
                0x00000000000026d8       0x1a .build/obj_RentalCar6Column_copy/common/report.o
                0x00000000000026d8                del_key_byte
 .text.add_key_to_report
                0x00000000000026f2        0x4 .build/obj_RentalCar6Column_copy/common/report.o
                0x00000000000026f2                add_key_to_report
 .text.del_key_from_report
                0x00000000000026f6        0x4 .build/obj_RentalCar6Column_copy/common/report.o
                0x00000000000026f6                del_key_from_report
 .text.clear_keys_from_report
                0x00000000000026fa       0x12 .build/obj_RentalCar6Column_copy/common/report.o
                0x00000000000026fa                clear_keys_from_report
 .text.suspend_power_down
                0x000000000000270c       0x58 .build/obj_RentalCar6Column_copy/common/avr/suspend.o
                0x000000000000270c                suspend_power_down
 .text.matrix_power_up
                0x0000000000002764        0x2 .build/obj_RentalCar6Column_copy/common/avr/suspend.o
                0x0000000000002764                matrix_power_up
 .text.matrix_power_down
                0x0000000000002766        0x2 .build/obj_RentalCar6Column_copy/common/avr/suspend.o
                0x0000000000002766                matrix_power_down
 .text.suspend_wakeup_condition
                0x0000000000002768       0x28 .build/obj_RentalCar6Column_copy/common/avr/suspend.o
                0x0000000000002768                suspend_wakeup_condition
 .text.suspend_wakeup_init
                0x0000000000002790        0xc .build/obj_RentalCar6Column_copy/common/avr/suspend.o
                0x0000000000002790                suspend_wakeup_init
 .text.__vector_12
                0x000000000000279c       0x4e .build/obj_RentalCar6Column_copy/common/avr/suspend.o
                0x000000000000279c                __vector_12
 .text.timer_init
                0x00000000000027ea       0x12 .build/obj_RentalCar6Column_copy/common/avr/timer.o
                0x00000000000027ea                timer_init
 .text.timer_read
                0x00000000000027fc       0x18 .build/obj_RentalCar6Column_copy/common/avr/timer.o
                0x00000000000027fc                timer_read
 .text.timer_elapsed
                0x0000000000002814       0x54 .build/obj_RentalCar6Column_copy/common/avr/timer.o
                0x0000000000002814                timer_elapsed
 .text.__vector_21
                0x0000000000002868       0x48 .build/obj_RentalCar6Column_copy/common/avr/timer.o
                0x0000000000002868                __vector_21
 .text.bootloader_jump
                0x00000000000028b0       0x22 .build/obj_RentalCar6Column_copy/common/avr/bootloader.o
                0x00000000000028b0                bootloader_jump
 .text.magic    0x00000000000028d2       0x32 .build/obj_RentalCar6Column_copy/common/magic.o
                0x00000000000028d2                magic
 .text.move_unit
                0x0000000000002904       0x94 .build/obj_RentalCar6Column_copy/common/mousekey.o
 .text.wheel_unit
                0x0000000000002998       0x72 .build/obj_RentalCar6Column_copy/common/mousekey.o
 .text.mousekey_on
                0x0000000000002a0a       0xd0 .build/obj_RentalCar6Column_copy/common/mousekey.o
                0x0000000000002a0a                mousekey_on
 .text.mousekey_off
                0x0000000000002ada       0xfe .build/obj_RentalCar6Column_copy/common/mousekey.o
                0x0000000000002ada                mousekey_off
 .text.mousekey_send
                0x0000000000002bd8       0x16 .build/obj_RentalCar6Column_copy/common/mousekey.o
                0x0000000000002bd8                mousekey_send
 .text.mousekey_task
                0x0000000000002bee      0x114 .build/obj_RentalCar6Column_copy/common/mousekey.o
                0x0000000000002bee                mousekey_task
 .text.mousekey_clear
                0x0000000000002d02       0x18 .build/obj_RentalCar6Column_copy/common/mousekey.o
                0x0000000000002d02                mousekey_clear
 .text.mousekey_param_inc
                0x0000000000002d1a       0xec .build/obj_RentalCar6Column_copy/common/command.o
 .text.mousekey_param_dec
                0x0000000000002e06       0xa0 .build/obj_RentalCar6Column_copy/common/command.o
 .text.switch_default_layer
                0x0000000000002ea6       0x2e .build/obj_RentalCar6Column_copy/common/command.o
 .text.command_common
                0x0000000000002ed4      0x100 .build/obj_RentalCar6Column_copy/common/command.o
 .text.command_extra
                0x0000000000002fd4        0x4 .build/obj_RentalCar6Column_copy/common/command.o
                0x0000000000002fd4                command_extra
 .text.command_console_extra
                0x0000000000002fd8        0x4 .build/obj_RentalCar6Column_copy/common/command.o
                0x0000000000002fd8                command_console_extra
 .text.numkey2num
                0x0000000000002fdc       0x16 .build/obj_RentalCar6Column_copy/common/command.o
                0x0000000000002fdc                numkey2num
 .text.command_proc
                0x0000000000002ff2      0x11e .build/obj_RentalCar6Column_copy/common/command.o
                0x0000000000002ff2                command_proc
 .text.keyboard_leds
                0x0000000000003110        0x6 .build/obj_RentalCar6Column_copy/lufa.o
 .text.send_consumer
                0x0000000000003116       0x74 .build/obj_RentalCar6Column_copy/lufa.o
 .text.send_system
                0x000000000000318a       0x6c .build/obj_RentalCar6Column_copy/lufa.o
 .text.send_mouse
                0x00000000000031f6       0x56 .build/obj_RentalCar6Column_copy/lufa.o
 .text.send_keyboard
                0x000000000000324c       0x66 .build/obj_RentalCar6Column_copy/lufa.o
 .text.EVENT_USB_Device_Connect
                0x00000000000032b2       0x1c .build/obj_RentalCar6Column_copy/lufa.o
                0x00000000000032b2                EVENT_USB_Device_Connect
 .text.EVENT_USB_Device_Disconnect
                0x00000000000032ce        0x6 .build/obj_RentalCar6Column_copy/lufa.o
                0x00000000000032ce                EVENT_USB_Device_Disconnect
 .text.EVENT_USB_Device_Reset
                0x00000000000032d4        0x2 .build/obj_RentalCar6Column_copy/lufa.o
                0x00000000000032d4                EVENT_USB_Device_Reset
 .text.EVENT_USB_Device_Suspend
                0x00000000000032d6        0x2 .build/obj_RentalCar6Column_copy/lufa.o
                0x00000000000032d6                EVENT_USB_Device_Suspend
 .text.EVENT_USB_Device_WakeUp
                0x00000000000032d8        0x4 .build/obj_RentalCar6Column_copy/lufa.o
                0x00000000000032d8                EVENT_USB_Device_WakeUp
 .text.EVENT_USB_Device_ConfigurationChanged
                0x00000000000032dc       0x1e .build/obj_RentalCar6Column_copy/lufa.o
                0x00000000000032dc                EVENT_USB_Device_ConfigurationChanged
 .text.EVENT_USB_Device_ControlRequest
                0x00000000000032fa      0x154 .build/obj_RentalCar6Column_copy/lufa.o
                0x00000000000032fa                EVENT_USB_Device_ControlRequest
 .text.startup.main
                0x000000000000344e       0x76 .build/obj_RentalCar6Column_copy/lufa.o
                0x000000000000344e                main
 .text.CALLBACK_USB_GetDescriptor
                0x00000000000034c4        0x4 .build/obj_RentalCar6Column_copy/lufa.o
                0x00000000000034c4                CALLBACK_USB_GetDescriptor
 .text.get_usb_descriptor
                0x00000000000034c8       0xba .build/obj_RentalCar6Column_copy/usb_descriptor.o
                0x00000000000034c8                get_usb_descriptor
 .text.set_output_user
                0x0000000000003582        0x2 .build/obj_RentalCar6Column_copy/outputselect.o
                0x0000000000003582                set_output_user
 .text.set_output
                0x0000000000003584       0x10 .build/obj_RentalCar6Column_copy/outputselect.o
                0x0000000000003584                set_output
 .text.auto_detect_output
                0x0000000000003594       0x10 .build/obj_RentalCar6Column_copy/outputselect.o
                0x0000000000003594                auto_detect_output
 .text.where_to_send
                0x00000000000035a4        0xe .build/obj_RentalCar6Column_copy/outputselect.o
                0x00000000000035a4                where_to_send
 .text.USB_Device_SendRemoteWakeup
                0x00000000000035b2       0x2c .build/obj_RentalCar6Column_copy/./lib/lufa/LUFA/Drivers/USB/Core/AVR8/Device_AVR8.o
                0x00000000000035b2                USB_Device_SendRemoteWakeup
 .text.Endpoint_Write_Stream_LE
                0x00000000000035de       0x9e .build/obj_RentalCar6Column_copy/./lib/lufa/LUFA/Drivers/USB/Core/AVR8/EndpointStream_AVR8.o
                0x00000000000035de                Endpoint_Write_Stream_LE
 .text.Endpoint_Write_Control_Stream_LE
                0x000000000000367c       0xbc .build/obj_RentalCar6Column_copy/./lib/lufa/LUFA/Drivers/USB/Core/AVR8/EndpointStream_AVR8.o
                0x000000000000367c                Endpoint_Write_Control_Stream_LE
 .text.Endpoint_Write_Control_PStream_LE
                0x0000000000003738       0xbe .build/obj_RentalCar6Column_copy/./lib/lufa/LUFA/Drivers/USB/Core/AVR8/EndpointStream_AVR8.o
                0x0000000000003738                Endpoint_Write_Control_PStream_LE
 .text.Endpoint_ConfigureEndpoint_Prv
                0x00000000000037f6       0x68 .build/obj_RentalCar6Column_copy/./lib/lufa/LUFA/Drivers/USB/Core/AVR8/Endpoint_AVR8.o
                0x00000000000037f6                Endpoint_ConfigureEndpoint_Prv
 .text.Endpoint_ClearStatusStage
                0x000000000000385e       0x3e .build/obj_RentalCar6Column_copy/./lib/lufa/LUFA/Drivers/USB/Core/AVR8/Endpoint_AVR8.o
                0x000000000000385e                Endpoint_ClearStatusStage
 .text.Endpoint_WaitUntilReady
                0x000000000000389c       0x62 .build/obj_RentalCar6Column_copy/./lib/lufa/LUFA/Drivers/USB/Core/AVR8/Endpoint_AVR8.o
                0x000000000000389c                Endpoint_WaitUntilReady
 .text.USB_Disable
                0x00000000000038fe       0x34 .build/obj_RentalCar6Column_copy/./lib/lufa/LUFA/Drivers/USB/Core/AVR8/USBController_AVR8.o
                0x00000000000038fe                USB_Disable
 .text.USB_ResetInterface
                0x0000000000003932       0x86 .build/obj_RentalCar6Column_copy/./lib/lufa/LUFA/Drivers/USB/Core/AVR8/USBController_AVR8.o
                0x0000000000003932                USB_ResetInterface
 .text.USB_Init
                0x00000000000039b8       0x22 .build/obj_RentalCar6Column_copy/./lib/lufa/LUFA/Drivers/USB/Core/AVR8/USBController_AVR8.o
                0x00000000000039b8                USB_Init
 .text.USB_INT_DisableAllInterrupts
                0x00000000000039da       0x10 .build/obj_RentalCar6Column_copy/./lib/lufa/LUFA/Drivers/USB/Core/AVR8/USBInterrupt_AVR8.o
                0x00000000000039da                USB_INT_DisableAllInterrupts
 .text.USB_INT_ClearAllInterrupts
                0x00000000000039ea        0xa .build/obj_RentalCar6Column_copy/./lib/lufa/LUFA/Drivers/USB/Core/AVR8/USBInterrupt_AVR8.o
                0x00000000000039ea                USB_INT_ClearAllInterrupts
 .text.__vector_10
                0x00000000000039f4      0x1a8 .build/obj_RentalCar6Column_copy/./lib/lufa/LUFA/Drivers/USB/Core/AVR8/USBInterrupt_AVR8.o
                0x00000000000039f4                __vector_10
 .text.__vector_11
                0x0000000000003b9c       0x88 .build/obj_RentalCar6Column_copy/./lib/lufa/LUFA/Drivers/USB/Core/AVR8/USBInterrupt_AVR8.o
                0x0000000000003b9c                __vector_11
 .text.USB_Device_ProcessControlRequest
                0x0000000000003c24      0x2a4 .build/obj_RentalCar6Column_copy/./lib/lufa/LUFA/Drivers/USB/Core/DeviceStandardReq.o
                0x0000000000003c24                USB_Device_ProcessControlRequest
 .text.USB_Event_Stub
                0x0000000000003ec8        0x2 .build/obj_RentalCar6Column_copy/./lib/lufa/LUFA/Drivers/USB/Core/Events.o
                0x0000000000003ec8                USB_Event_Stub
                0x0000000000003ec8                EVENT_USB_Device_StartOfFrame
 .text.USB_USBTask
                0x0000000000003eca       0x36 .build/obj_RentalCar6Column_copy/./lib/lufa/LUFA/Drivers/USB/Core/USBTask.o
                0x0000000000003eca                USB_USBTask
 .text.libgcc.div
                0x0000000000003f00       0x28 /usr/local/Cellar/avr-gcc@8/8.3.0_1/lib/avr-gcc/8/gcc/avr/8.3.0/avr5/libgcc.a(_divmodhi4.o)
                0x0000000000003f00                __divmodhi4
                0x0000000000003f00                _div
 .text.libgcc   0x0000000000003f28        0xc /usr/local/Cellar/avr-gcc@8/8.3.0_1/lib/avr-gcc/8/gcc/avr/8.3.0/avr5/libgcc.a(_tablejump2.o)
                0x0000000000003f28                __tablejump2__
 .text.libgcc.div
                0x0000000000003f34       0x28 /usr/local/Cellar/avr-gcc@8/8.3.0_1/lib/avr-gcc/8/gcc/avr/8.3.0/avr5/libgcc.a(_udivmodhi4.o)
                0x0000000000003f34                __udivmodhi4
 .text.avr-libc
                0x0000000000003f5c       0x10 /usr/local/Cellar/avr-gcc@8/8.3.0_1/lib/avr-gcc/8/gcc/avr/8.3.0/../../../../../../avr/lib/avr5/libatmega32u4.a(eerd_byte.o)
                0x0000000000003f5c                eeprom_read_byte
 .text.avr-libc
                0x0000000000003f6c        0xc /usr/local/Cellar/avr-gcc@8/8.3.0_1/lib/avr-gcc/8/gcc/avr/8.3.0/../../../../../../avr/lib/avr5/libatmega32u4.a(eerd_word.o)
                0x0000000000003f6c                eeprom_read_word
 .text.avr-libc
                0x0000000000003f78       0x24 /usr/local/Cellar/avr-gcc@8/8.3.0_1/lib/avr-gcc/8/gcc/avr/8.3.0/../../../../../../avr/lib/avr5/libatmega32u4.a(eeupd_byte.o)
                0x0000000000003f78                eeprom_update_byte
                0x0000000000003f7a                eeprom_update_r18
 .text.avr-libc
                0x0000000000003f9c        0xc /usr/local/Cellar/avr-gcc@8/8.3.0_1/lib/avr-gcc/8/gcc/avr/8.3.0/../../../../../../avr/lib/avr5/libatmega32u4.a(eeupd_word.o)
                0x0000000000003f9c                eeprom_update_word
 .text.avr-libc
                0x0000000000003fa8       0x20 /usr/local/Cellar/avr-gcc@8/8.3.0_1/lib/avr-gcc/8/gcc/avr/8.3.0/../../../../../../avr/lib/avr5/libatmega32u4.a(eerd_block.o)
                0x0000000000003fa8                eeprom_read_block
                0x0000000000003fac                eeprom_read_blraw
                0x0000000000003fc8                . = ALIGN (0x2)
 *(.fini9)
 .fini9         0x0000000000003fc8        0x0 /usr/local/Cellar/avr-gcc@8/8.3.0_1/lib/avr-gcc/8/gcc/avr/8.3.0/avr5/libgcc.a(_exit.o)
                0x0000000000003fc8                exit
                0x0000000000003fc8                _exit
 *(.fini9)
 *(.fini8)
 *(.fini8)
 *(.fini7)
 *(.fini7)
 *(.fini6)
 *(.fini6)
 *(.fini5)
 *(.fini5)
 *(.fini4)
 *(.fini4)
 *(.fini3)
 *(.fini3)
 *(.fini2)
 *(.fini2)
 *(.fini1)
 *(.fini1)
 *(.fini0)
 .fini0         0x0000000000003fc8        0x4 /usr/local/Cellar/avr-gcc@8/8.3.0_1/lib/avr-gcc/8/gcc/avr/8.3.0/avr5/libgcc.a(_exit.o)
 *(.fini0)
 *(.hightext)
 *(.hightext*)
 *(.progmemx.*)
                0x0000000000003fcc                . = ALIGN (0x2)
 *(.jumptables)
 *(.jumptables*)
 .jumptables.gcc.process_record_quantum
                0x0000000000003fcc       0x24 .build/obj_RentalCar6Column_copy/quantum/quantum.o
 .jumptables.gcc.process_action
                0x0000000000003ff0       0x4a .build/obj_RentalCar6Column_copy/common/action.o
 .jumptables.gcc.is_tap_key
                0x000000000000403a       0x1c .build/obj_RentalCar6Column_copy/common/action.o
 .jumptables.gcc.USB_Device_ProcessControlRequest
                0x0000000000004056       0x14 .build/obj_RentalCar6Column_copy/./lib/lufa/LUFA/Drivers/USB/Core/DeviceStandardReq.o
                0x000000000000406a                _etext = .

.data           0x0000000000800100       0x40 load address 0x000000000000406a
                0x0000000000800100                PROVIDE (__data_start = .)
 *(.data)
 *(.data*)
 .data.isLeftHand
                0x0000000000800100        0x1 .build/obj_RentalCar6Column_copy/split_util.o
                0x0000000000800100                isLeftHand
 .data.keyboard_report
                0x0000000000800101        0x2 .build/obj_RentalCar6Column_copy/common/action_util.o
                0x0000000000800101                keyboard_report
 .data.mk_wheel_time_to_max
                0x0000000000800103        0x1 .build/obj_RentalCar6Column_copy/common/mousekey.o
                0x0000000000800103                mk_wheel_time_to_max
 .data.mk_wheel_max_speed
                0x0000000000800104        0x1 .build/obj_RentalCar6Column_copy/common/mousekey.o
                0x0000000000800104                mk_wheel_max_speed
 .data.mk_time_to_max
                0x0000000000800105        0x1 .build/obj_RentalCar6Column_copy/common/mousekey.o
                0x0000000000800105                mk_time_to_max
 .data.mk_max_speed
                0x0000000000800106        0x1 .build/obj_RentalCar6Column_copy/common/mousekey.o
                0x0000000000800106                mk_max_speed
 .data.mk_interval
                0x0000000000800107        0x1 .build/obj_RentalCar6Column_copy/common/mousekey.o
                0x0000000000800107                mk_interval
 .data.mk_delay
                0x0000000000800108        0x1 .build/obj_RentalCar6Column_copy/common/mousekey.o
                0x0000000000800108                mk_delay
 .data.lufa_driver
                0x0000000000800109        0xa .build/obj_RentalCar6Column_copy/lufa.o
                0x0000000000800109                lufa_driver
 .data.keyboard_protocol
                0x0000000000800113        0x1 .build/obj_RentalCar6Column_copy/lufa.o
                0x0000000000800113                keyboard_protocol
 *(.gnu.linkonce.d*)
 *(.rodata)
 *(.rodata*)
 .rodata.col_pins
                0x0000000000800114        0x6 .build/obj_RentalCar6Column_copy/matrix.o
 .rodata.row_pins
                0x000000000080011a        0xc .build/obj_RentalCar6Column_copy/matrix.o
 .rodata.CSWTCH.36
                0x0000000000800126        0xa .build/obj_RentalCar6Column_copy/common/command.o
 .rodata.CSWTCH.2
                0x0000000000800130        0x3 .build/obj_RentalCar6Column_copy/usb_descriptor.o
 .rodata.CSWTCH.1
                0x0000000000800133        0x6 .build/obj_RentalCar6Column_copy/usb_descriptor.o
 .rodata.CSWTCH.0
                0x0000000000800139        0x6 .build/obj_RentalCar6Column_copy/usb_descriptor.o
 *(.gnu.linkonce.r*)
                0x0000000000800140                . = ALIGN (0x2)
 *fill*         0x000000000080013f        0x1 
                0x0000000000800140                _edata = .
                0x0000000000800140                PROVIDE (__data_end = .)

.bss            0x0000000000800140       0xc6
                0x0000000000800140                PROVIDE (__bss_start = .)
 *(.bss)
 *(.bss*)
 .bss.matrix    0x0000000000800140        0xc .build/obj_RentalCar6Column_copy/matrix.o
 .bss.error_count
                0x000000000080014c        0x1 .build/obj_RentalCar6Column_copy/matrix.o
 .bss.matrix_debouncing
                0x000000000080014d        0xc .build/obj_RentalCar6Column_copy/matrix.o
 .bss.debouncing
                0x0000000000800159        0x1 .build/obj_RentalCar6Column_copy/matrix.o
 .bss.debouncing_time
                0x000000000080015a        0x2 .build/obj_RentalCar6Column_copy/matrix.o
 .bss.status    0x000000000080015c        0x1 .build/obj_RentalCar6Column_copy/serial.o
                0x000000000080015c                status
 .bss.serial_master_buffer
                0x000000000080015d        0x1 .build/obj_RentalCar6Column_copy/serial.o
                0x000000000080015d                serial_master_buffer
 .bss.serial_slave_buffer
                0x000000000080015e        0x6 .build/obj_RentalCar6Column_copy/serial.o
                0x000000000080015e                serial_slave_buffer
 .bss.grave_esc_was_shifted
                0x0000000000800164        0x1 .build/obj_RentalCar6Column_copy/quantum/quantum.o
 .bss.scs_timer
                0x0000000000800165        0x4 .build/obj_RentalCar6Column_copy/quantum/quantum.o
 .bss.shift_interrupted
                0x0000000000800169        0x2 .build/obj_RentalCar6Column_copy/quantum/quantum.o
 .bss.leader_sequence_size
                0x000000000080016b        0x1 .build/obj_RentalCar6Column_copy/quantum/process_keycode/process_leader.o
                0x000000000080016b                leader_sequence_size
 .bss.leader_sequence
                0x000000000080016c        0xa .build/obj_RentalCar6Column_copy/quantum/process_keycode/process_leader.o
                0x000000000080016c                leader_sequence
 .bss.leader_time
                0x0000000000800176        0x2 .build/obj_RentalCar6Column_copy/quantum/process_keycode/process_leader.o
                0x0000000000800176                leader_time
 .bss.leading   0x0000000000800178        0x1 .build/obj_RentalCar6Column_copy/quantum/process_keycode/process_leader.o
                0x0000000000800178                leading
 .bss.last_consumer_report
                0x0000000000800179        0x2 .build/obj_RentalCar6Column_copy/common/host.o
 .bss.last_system_report
                0x000000000080017b        0x2 .build/obj_RentalCar6Column_copy/common/host.o
 .bss.driver    0x000000000080017d        0x2 .build/obj_RentalCar6Column_copy/common/host.o
 .bss.led_status.2779
                0x000000000080017f        0x1 .build/obj_RentalCar6Column_copy/common/keyboard.o
 .bss.matrix_prev.2778
                0x0000000000800180        0xc .build/obj_RentalCar6Column_copy/common/keyboard.o
 .bss.waiting_buffer_tail
                0x000000000080018c        0x1 .build/obj_RentalCar6Column_copy/common/action_tapping.o
 .bss.waiting_buffer_head
                0x000000000080018d        0x1 .build/obj_RentalCar6Column_copy/common/action_tapping.o
 .bss.waiting_buffer
                0x000000000080018e       0x30 .build/obj_RentalCar6Column_copy/common/action_tapping.o
 .bss.tapping_key
                0x00000000008001be        0x6 .build/obj_RentalCar6Column_copy/common/action_tapping.o
 .bss.layer_state
                0x00000000008001c4        0x4 .build/obj_RentalCar6Column_copy/common/action_layer.o
                0x00000000008001c4                layer_state
 .bss.default_layer_state
                0x00000000008001c8        0x4 .build/obj_RentalCar6Column_copy/common/action_layer.o
                0x00000000008001c8                default_layer_state
 .bss.oneshot_layer_data
                0x00000000008001cc        0x1 .build/obj_RentalCar6Column_copy/common/action_util.o
 .bss.oneshot_mods
                0x00000000008001cd        0x1 .build/obj_RentalCar6Column_copy/common/action_util.o
 .bss.__compound_literal.0
                0x00000000008001ce        0x8 .build/obj_RentalCar6Column_copy/common/action_util.o
 .bss.macro_mods
                0x00000000008001d6        0x1 .build/obj_RentalCar6Column_copy/common/action_util.o
 .bss.weak_mods
                0x00000000008001d7        0x1 .build/obj_RentalCar6Column_copy/common/action_util.o
 .bss.real_mods
                0x00000000008001d8        0x1 .build/obj_RentalCar6Column_copy/common/action_util.o
 .bss.debug_config
                0x00000000008001d9        0x1 .build/obj_RentalCar6Column_copy/common/debug.o
                0x00000000008001d9                debug_config
 .bss.wdt_timeout
                0x00000000008001da        0x1 .build/obj_RentalCar6Column_copy/common/avr/suspend.o
 .bss.last_timer
                0x00000000008001db        0x2 .build/obj_RentalCar6Column_copy/common/mousekey.o
 .bss.mousekey_accel
                0x00000000008001dd        0x1 .build/obj_RentalCar6Column_copy/common/mousekey.o
 .bss.mousekey_repeat
                0x00000000008001de        0x1 .build/obj_RentalCar6Column_copy/common/mousekey.o
 .bss.mouse_report
                0x00000000008001df        0x5 .build/obj_RentalCar6Column_copy/common/mousekey.o
 .bss.mousekey_param
                0x00000000008001e4        0x1 .build/obj_RentalCar6Column_copy/common/command.o
 .bss.command_state
                0x00000000008001e5        0x1 .build/obj_RentalCar6Column_copy/common/command.o
                0x00000000008001e5                command_state
 .bss.keyboard_report_sent
                0x00000000008001e6        0x8 .build/obj_RentalCar6Column_copy/lufa.o
 .bss.keyboard_led_stats
                0x00000000008001ee        0x1 .build/obj_RentalCar6Column_copy/lufa.o
 .bss.keyboard_idle
                0x00000000008001ef        0x1 .build/obj_RentalCar6Column_copy/lufa.o
                0x00000000008001ef                keyboard_idle
 .bss.desired_output
                0x00000000008001f0        0x1 .build/obj_RentalCar6Column_copy/outputselect.o
                0x00000000008001f0                desired_output
 *(COMMON)
 COMMON         0x00000000008001f1        0x2 .build/obj_RentalCar6Column_copy/common/action.o
                0x00000000008001f1                tp_buttons
 COMMON         0x00000000008001f3        0x4 .build/obj_RentalCar6Column_copy/common/avr/timer.o
                0x00000000008001f3                timer_count
 COMMON         0x00000000008001f7        0x2 .build/obj_RentalCar6Column_copy/common/magic.o
                0x00000000008001f7                keymap_config
 COMMON         0x00000000008001f9        0x3 .build/obj_RentalCar6Column_copy/./lib/lufa/LUFA/Drivers/USB/Core/DeviceStandardReq.o
                0x00000000008001f9                USB_Device_ConfigurationNumber
                0x00000000008001fa                USB_Device_CurrentlySelfPowered
                0x00000000008001fb                USB_Device_RemoteWakeupEnabled
 COMMON         0x00000000008001fc        0xa .build/obj_RentalCar6Column_copy/./lib/lufa/LUFA/Drivers/USB/Core/USBTask.o
                0x00000000008001fc                USB_IsInitialized
                0x00000000008001fd                USB_DeviceState
                0x00000000008001fe                USB_ControlRequest
                0x0000000000800206                PROVIDE (__bss_end = .)
                0x000000000000406a                __data_load_start = LOADADDR (.data)
                0x00000000000040aa                __data_load_end = (__data_load_start + SIZEOF (.data))

.noinit         0x0000000000800206        0x4
                [!provide]                        PROVIDE (__noinit_start = .)
 *(.noinit*)
 .noinit        0x0000000000800206        0x4 .build/obj_RentalCar6Column_copy/common/avr/bootloader.o
                0x0000000000800206                reset_key
                [!provide]                        PROVIDE (__noinit_end = .)
                0x000000000080020a                _end = .
                [!provide]                        PROVIDE (__heap_start = .)

.eeprom         0x0000000000810000        0x0
 *(.eeprom*)
                0x0000000000810000                __eeprom_end = .

.fuse
 *(.fuse)
 *(.lfuse)
 *(.hfuse)
 *(.efuse)

.lock
 *(.lock*)

.signature
 *(.signature*)

.stab
 *(.stab)

.stabstr        0x0000000000000000       0x9c
 *(.stabstr)
 .stabstr       0x0000000000000000       0x9c .build/obj_RentalCar6Column_copy/common/avr/xprintf.o

.stab.excl
 *(.stab.excl)

.stab.exclstr
 *(.stab.exclstr)

.stab.index
 *(.stab.index)

.stab.indexstr
 *(.stab.indexstr)

.comment        0x0000000000000000       0x11
 *(.comment)
 .comment       0x0000000000000000       0x11 .build/obj_RentalCar6Column_copy/matrix.o
                                         0x12 (size before relaxing)
 .comment       0x0000000000000011       0x12 .build/obj_RentalCar6Column_copy/split_util.o
 .comment       0x0000000000000011       0x12 .build/obj_RentalCar6Column_copy/serial.o
 .comment       0x0000000000000011       0x12 .build/obj_RentalCar6Column_copy/quantum/quantum.o
 .comment       0x0000000000000011       0x12 .build/obj_RentalCar6Column_copy/quantum/keymap_common.o
 .comment       0x0000000000000011       0x12 .build/obj_RentalCar6Column_copy/quantum/keycode_config.o
 .comment       0x0000000000000011       0x12 .build/obj_RentalCar6Column_copy/quantum/process_keycode/process_leader.o
 .comment       0x0000000000000011       0x12 .build/obj_RentalCar6Column_copy/common/host.o
 .comment       0x0000000000000011       0x12 .build/obj_RentalCar6Column_copy/common/keyboard.o
 .comment       0x0000000000000011       0x12 .build/obj_RentalCar6Column_copy/common/action.o
 .comment       0x0000000000000011       0x12 .build/obj_RentalCar6Column_copy/common/action_tapping.o
 .comment       0x0000000000000011       0x12 .build/obj_RentalCar6Column_copy/common/action_macro.o
 .comment       0x0000000000000011       0x12 .build/obj_RentalCar6Column_copy/common/action_layer.o
 .comment       0x0000000000000011       0x12 .build/obj_RentalCar6Column_copy/common/action_util.o
 .comment       0x0000000000000011       0x12 .build/obj_RentalCar6Column_copy/common/debug.o
 .comment       0x0000000000000011       0x12 .build/obj_RentalCar6Column_copy/common/eeconfig.o
 .comment       0x0000000000000011       0x12 .build/obj_RentalCar6Column_copy/common/report.o
 .comment       0x0000000000000011       0x12 .build/obj_RentalCar6Column_copy/common/avr/suspend.o
 .comment       0x0000000000000011       0x12 .build/obj_RentalCar6Column_copy/common/avr/timer.o
 .comment       0x0000000000000011       0x12 .build/obj_RentalCar6Column_copy/common/avr/bootloader.o
 .comment       0x0000000000000011       0x12 .build/obj_RentalCar6Column_copy/common/magic.o
 .comment       0x0000000000000011       0x12 .build/obj_RentalCar6Column_copy/common/mousekey.o
 .comment       0x0000000000000011       0x12 .build/obj_RentalCar6Column_copy/common/command.o
 .comment       0x0000000000000011       0x12 .build/obj_RentalCar6Column_copy/lufa.o
 .comment       0x0000000000000011       0x12 .build/obj_RentalCar6Column_copy/usb_descriptor.o
 .comment       0x0000000000000011       0x12 .build/obj_RentalCar6Column_copy/outputselect.o
 .comment       0x0000000000000011       0x12 .build/obj_RentalCar6Column_copy/./lib/lufa/LUFA/Drivers/USB/Core/AVR8/Device_AVR8.o
 .comment       0x0000000000000011       0x12 .build/obj_RentalCar6Column_copy/./lib/lufa/LUFA/Drivers/USB/Core/AVR8/EndpointStream_AVR8.o
 .comment       0x0000000000000011       0x12 .build/obj_RentalCar6Column_copy/./lib/lufa/LUFA/Drivers/USB/Core/AVR8/Endpoint_AVR8.o
 .comment       0x0000000000000011       0x12 .build/obj_RentalCar6Column_copy/./lib/lufa/LUFA/Drivers/USB/Core/AVR8/USBController_AVR8.o
 .comment       0x0000000000000011       0x12 .build/obj_RentalCar6Column_copy/./lib/lufa/LUFA/Drivers/USB/Core/AVR8/USBInterrupt_AVR8.o
 .comment       0x0000000000000011       0x12 .build/obj_RentalCar6Column_copy/./lib/lufa/LUFA/Drivers/USB/Core/DeviceStandardReq.o
 .comment       0x0000000000000011       0x12 .build/obj_RentalCar6Column_copy/./lib/lufa/LUFA/Drivers/USB/Core/Events.o
 .comment       0x0000000000000011       0x12 .build/obj_RentalCar6Column_copy/./lib/lufa/LUFA/Drivers/USB/Core/USBTask.o

.note.gnu.avr.deviceinfo
                0x0000000000000000       0x40
 .note.gnu.avr.deviceinfo
                0x0000000000000000       0x40 /usr/local/Cellar/avr-gcc@8/8.3.0_1/lib/avr-gcc/8/gcc/avr/8.3.0/../../../../../../avr/lib/avr5/crtatmega32u4.o

.note.gnu.build-id
 *(.note.gnu.build-id)

.debug
 *(.debug)

.line
 *(.line)

.debug_srcinfo
 *(.debug_srcinfo)

.debug_sfnames
 *(.debug_sfnames)

.debug_aranges  0x0000000000000000      0xc68
 *(.debug_aranges)
 .debug_aranges
                0x0000000000000000       0xa0 .build/obj_RentalCar6Column_copy/matrix.o
 .debug_aranges
                0x00000000000000a0       0x38 .build/obj_RentalCar6Column_copy/split_util.o
 .debug_aranges
                0x00000000000000d8       0x70 .build/obj_RentalCar6Column_copy/serial.o
 .debug_aranges
                0x0000000000000148      0x110 .build/obj_RentalCar6Column_copy/quantum/quantum.o
 .debug_aranges
                0x0000000000000258       0x48 .build/obj_RentalCar6Column_copy/quantum/keymap_common.o
 .debug_aranges
                0x00000000000002a0       0x28 .build/obj_RentalCar6Column_copy/quantum/keycode_config.o
 .debug_aranges
                0x00000000000002c8       0x28 .build/obj_RentalCar6Column_copy/quantum/process_keycode/process_leader.o
 .debug_aranges
                0x00000000000002f0       0x60 .build/obj_RentalCar6Column_copy/common/host.o
 .debug_aranges
                0x0000000000000350       0x48 .build/obj_RentalCar6Column_copy/common/keyboard.o
 .debug_aranges
                0x0000000000000398       0x98 .build/obj_RentalCar6Column_copy/common/action.o
 .debug_aranges
                0x0000000000000430       0x40 .build/obj_RentalCar6Column_copy/common/action_tapping.o
 .debug_aranges
                0x0000000000000470       0x20 .build/obj_RentalCar6Column_copy/common/action_macro.o
 .debug_aranges
                0x0000000000000490       0xc8 .build/obj_RentalCar6Column_copy/common/action_layer.o
 .debug_aranges
                0x0000000000000558      0x120 .build/obj_RentalCar6Column_copy/common/action_util.o
 .debug_aranges
                0x0000000000000678       0x18 .build/obj_RentalCar6Column_copy/common/debug.o
 .debug_aranges
                0x0000000000000690       0x68 .build/obj_RentalCar6Column_copy/common/eeconfig.o
 .debug_aranges
                0x00000000000006f8       0x50 .build/obj_RentalCar6Column_copy/common/report.o
 .debug_aranges
                0x0000000000000748       0x48 .build/obj_RentalCar6Column_copy/common/avr/suspend.o
 .debug_aranges
                0x0000000000000790       0x50 .build/obj_RentalCar6Column_copy/common/avr/timer.o
 .debug_aranges
                0x00000000000007e0       0x28 .build/obj_RentalCar6Column_copy/common/avr/bootloader.o
 .debug_aranges
                0x0000000000000808       0x20 .build/obj_RentalCar6Column_copy/common/magic.o
 .debug_aranges
                0x0000000000000828       0x50 .build/obj_RentalCar6Column_copy/common/mousekey.o
 .debug_aranges
                0x0000000000000878       0x58 .build/obj_RentalCar6Column_copy/common/command.o
 .debug_aranges
                0x00000000000008d0       0x90 .build/obj_RentalCar6Column_copy/lufa.o
 .debug_aranges
                0x0000000000000960       0x20 .build/obj_RentalCar6Column_copy/usb_descriptor.o
 .debug_aranges
                0x0000000000000980       0x38 .build/obj_RentalCar6Column_copy/outputselect.o
 .debug_aranges
                0x00000000000009b8       0x20 .build/obj_RentalCar6Column_copy/./lib/lufa/LUFA/Drivers/USB/Core/AVR8/Device_AVR8.o
 .debug_aranges
                0x00000000000009d8       0xc8 .build/obj_RentalCar6Column_copy/./lib/lufa/LUFA/Drivers/USB/Core/AVR8/EndpointStream_AVR8.o
 .debug_aranges
                0x0000000000000aa0       0x40 .build/obj_RentalCar6Column_copy/./lib/lufa/LUFA/Drivers/USB/Core/AVR8/Endpoint_AVR8.o
 .debug_aranges
                0x0000000000000ae0       0x30 .build/obj_RentalCar6Column_copy/./lib/lufa/LUFA/Drivers/USB/Core/AVR8/USBController_AVR8.o
 .debug_aranges
                0x0000000000000b10       0x38 .build/obj_RentalCar6Column_copy/./lib/lufa/LUFA/Drivers/USB/Core/AVR8/USBInterrupt_AVR8.o
 .debug_aranges
                0x0000000000000b48       0x20 .build/obj_RentalCar6Column_copy/./lib/lufa/LUFA/Drivers/USB/Core/DeviceStandardReq.o
 .debug_aranges
                0x0000000000000b68       0x20 .build/obj_RentalCar6Column_copy/./lib/lufa/LUFA/Drivers/USB/Core/Events.o
 .debug_aranges
                0x0000000000000b88       0x20 .build/obj_RentalCar6Column_copy/./lib/lufa/LUFA/Drivers/USB/Core/USBTask.o
 .debug_aranges
                0x0000000000000ba8       0x20 /usr/local/Cellar/avr-gcc@8/8.3.0_1/lib/avr-gcc/8/gcc/avr/8.3.0/avr5/libgcc.a(_divmodhi4.o)
 .debug_aranges
                0x0000000000000bc8       0x20 /usr/local/Cellar/avr-gcc@8/8.3.0_1/lib/avr-gcc/8/gcc/avr/8.3.0/avr5/libgcc.a(_exit.o)
 .debug_aranges
                0x0000000000000be8       0x20 /usr/local/Cellar/avr-gcc@8/8.3.0_1/lib/avr-gcc/8/gcc/avr/8.3.0/avr5/libgcc.a(_tablejump2.o)
 .debug_aranges
                0x0000000000000c08       0x20 /usr/local/Cellar/avr-gcc@8/8.3.0_1/lib/avr-gcc/8/gcc/avr/8.3.0/avr5/libgcc.a(_copy_data.o)
 .debug_aranges
                0x0000000000000c28       0x20 /usr/local/Cellar/avr-gcc@8/8.3.0_1/lib/avr-gcc/8/gcc/avr/8.3.0/avr5/libgcc.a(_clear_bss.o)
 .debug_aranges
                0x0000000000000c48       0x20 /usr/local/Cellar/avr-gcc@8/8.3.0_1/lib/avr-gcc/8/gcc/avr/8.3.0/avr5/libgcc.a(_udivmodhi4.o)

.debug_pubnames
 *(.debug_pubnames)

.debug_info     0x0000000000000000    0x165f7
 *(.debug_info .gnu.linkonce.wi.*)
 .debug_info    0x0000000000000000      0x9f4 /usr/local/Cellar/avr-gcc@8/8.3.0_1/lib/avr-gcc/8/gcc/avr/8.3.0/../../../../../../avr/lib/avr5/crtatmega32u4.o
 .debug_info    0x00000000000009f4      0xad6 .build/obj_RentalCar6Column_copy/matrix.o
 .debug_info    0x00000000000014ca      0x315 .build/obj_RentalCar6Column_copy/split_util.o
 .debug_info    0x00000000000017df      0x881 .build/obj_RentalCar6Column_copy/serial.o
 .debug_info    0x0000000000002060     0x2595 .build/obj_RentalCar6Column_copy/quantum/quantum.o
 .debug_info    0x00000000000045f5     0x1b63 .build/obj_RentalCar6Column_copy/quantum/keymap_common.o
 .debug_info    0x0000000000006158      0x618 .build/obj_RentalCar6Column_copy/quantum/keycode_config.o
 .debug_info    0x0000000000006770      0xe8b .build/obj_RentalCar6Column_copy/quantum/process_keycode/process_leader.o
 .debug_info    0x00000000000075fb      0x4b4 .build/obj_RentalCar6Column_copy/common/host.o
 .debug_info    0x0000000000007aaf      0x676 .build/obj_RentalCar6Column_copy/common/keyboard.o
 .debug_info    0x0000000000008125     0x1c82 .build/obj_RentalCar6Column_copy/common/action.o
 .debug_info    0x0000000000009da7      0xf8d .build/obj_RentalCar6Column_copy/common/action_tapping.o
 .debug_info    0x000000000000ad34      0x923 .build/obj_RentalCar6Column_copy/common/action_macro.o
 .debug_info    0x000000000000b657      0xad5 .build/obj_RentalCar6Column_copy/common/action_layer.o
 .debug_info    0x000000000000c12c      0x97f .build/obj_RentalCar6Column_copy/common/action_util.o
 .debug_info    0x000000000000caab      0x110 .build/obj_RentalCar6Column_copy/common/debug.o
 .debug_info    0x000000000000cbbb      0x371 .build/obj_RentalCar6Column_copy/common/eeconfig.o
 .debug_info    0x000000000000cf2c      0x4f2 .build/obj_RentalCar6Column_copy/common/report.o
 .debug_info    0x000000000000d41e      0x66a .build/obj_RentalCar6Column_copy/common/avr/suspend.o
 .debug_info    0x000000000000da88      0x43e .build/obj_RentalCar6Column_copy/common/avr/timer.o
 .debug_info    0x000000000000dec6      0x355 .build/obj_RentalCar6Column_copy/common/avr/bootloader.o
 .debug_info    0x000000000000e21b      0x343 .build/obj_RentalCar6Column_copy/common/magic.o
 .debug_info    0x000000000000e55e      0x6ea .build/obj_RentalCar6Column_copy/common/mousekey.o
 .debug_info    0x000000000000ec48      0xcbe .build/obj_RentalCar6Column_copy/common/command.o
 .debug_info    0x000000000000f906     0x1642 .build/obj_RentalCar6Column_copy/lufa.o
 .debug_info    0x0000000000010f48      0x9ce .build/obj_RentalCar6Column_copy/usb_descriptor.o
 .debug_info    0x0000000000011916      0x51b .build/obj_RentalCar6Column_copy/outputselect.o
 .debug_info    0x0000000000011e31      0x1c0 .build/obj_RentalCar6Column_copy/./lib/lufa/LUFA/Drivers/USB/Core/AVR8/Device_AVR8.o
 .debug_info    0x0000000000011ff1     0x1da4 .build/obj_RentalCar6Column_copy/./lib/lufa/LUFA/Drivers/USB/Core/AVR8/EndpointStream_AVR8.o
 .debug_info    0x0000000000013d95      0x75d .build/obj_RentalCar6Column_copy/./lib/lufa/LUFA/Drivers/USB/Core/AVR8/Endpoint_AVR8.o
 .debug_info    0x00000000000144f2      0x606 .build/obj_RentalCar6Column_copy/./lib/lufa/LUFA/Drivers/USB/Core/AVR8/USBController_AVR8.o
 .debug_info    0x0000000000014af8      0xa43 .build/obj_RentalCar6Column_copy/./lib/lufa/LUFA/Drivers/USB/Core/AVR8/USBInterrupt_AVR8.o
 .debug_info    0x000000000001553b      0xc64 .build/obj_RentalCar6Column_copy/./lib/lufa/LUFA/Drivers/USB/Core/DeviceStandardReq.o
 .debug_info    0x000000000001619f       0x79 .build/obj_RentalCar6Column_copy/./lib/lufa/LUFA/Drivers/USB/Core/Events.o
 .debug_info    0x0000000000016218      0x2fb .build/obj_RentalCar6Column_copy/./lib/lufa/LUFA/Drivers/USB/Core/USBTask.o
 .debug_info    0x0000000000016513       0x26 /usr/local/Cellar/avr-gcc@8/8.3.0_1/lib/avr-gcc/8/gcc/avr/8.3.0/avr5/libgcc.a(_divmodhi4.o)
 .debug_info    0x0000000000016539       0x26 /usr/local/Cellar/avr-gcc@8/8.3.0_1/lib/avr-gcc/8/gcc/avr/8.3.0/avr5/libgcc.a(_exit.o)
 .debug_info    0x000000000001655f       0x26 /usr/local/Cellar/avr-gcc@8/8.3.0_1/lib/avr-gcc/8/gcc/avr/8.3.0/avr5/libgcc.a(_tablejump2.o)
 .debug_info    0x0000000000016585       0x26 /usr/local/Cellar/avr-gcc@8/8.3.0_1/lib/avr-gcc/8/gcc/avr/8.3.0/avr5/libgcc.a(_copy_data.o)
 .debug_info    0x00000000000165ab       0x26 /usr/local/Cellar/avr-gcc@8/8.3.0_1/lib/avr-gcc/8/gcc/avr/8.3.0/avr5/libgcc.a(_clear_bss.o)
 .debug_info    0x00000000000165d1       0x26 /usr/local/Cellar/avr-gcc@8/8.3.0_1/lib/avr-gcc/8/gcc/avr/8.3.0/avr5/libgcc.a(_udivmodhi4.o)

.debug_abbrev   0x0000000000000000     0x5906
 *(.debug_abbrev)
 .debug_abbrev  0x0000000000000000      0x96a /usr/local/Cellar/avr-gcc@8/8.3.0_1/lib/avr-gcc/8/gcc/avr/8.3.0/../../../../../../avr/lib/avr5/crtatmega32u4.o
 .debug_abbrev  0x000000000000096a      0x403 .build/obj_RentalCar6Column_copy/matrix.o
 .debug_abbrev  0x0000000000000d6d      0x17a .build/obj_RentalCar6Column_copy/split_util.o
 .debug_abbrev  0x0000000000000ee7      0x2b3 .build/obj_RentalCar6Column_copy/serial.o
 .debug_abbrev  0x000000000000119a      0x520 .build/obj_RentalCar6Column_copy/quantum/quantum.o
 .debug_abbrev  0x00000000000016ba      0x303 .build/obj_RentalCar6Column_copy/quantum/keymap_common.o
 .debug_abbrev  0x00000000000019bd      0x119 .build/obj_RentalCar6Column_copy/quantum/keycode_config.o
 .debug_abbrev  0x0000000000001ad6      0x1bb .build/obj_RentalCar6Column_copy/quantum/process_keycode/process_leader.o
 .debug_abbrev  0x0000000000001c91      0x1be .build/obj_RentalCar6Column_copy/common/host.o
 .debug_abbrev  0x0000000000001e4f      0x267 .build/obj_RentalCar6Column_copy/common/keyboard.o
 .debug_abbrev  0x00000000000020b6      0x3fc .build/obj_RentalCar6Column_copy/common/action.o
 .debug_abbrev  0x00000000000024b2      0x341 .build/obj_RentalCar6Column_copy/common/action_tapping.o
 .debug_abbrev  0x00000000000027f3      0x200 .build/obj_RentalCar6Column_copy/common/action_macro.o
 .debug_abbrev  0x00000000000029f3      0x2cf .build/obj_RentalCar6Column_copy/common/action_layer.o
 .debug_abbrev  0x0000000000002cc2      0x294 .build/obj_RentalCar6Column_copy/common/action_util.o
 .debug_abbrev  0x0000000000002f56       0xa2 .build/obj_RentalCar6Column_copy/common/debug.o
 .debug_abbrev  0x0000000000002ff8       0xcf .build/obj_RentalCar6Column_copy/common/eeconfig.o
 .debug_abbrev  0x00000000000030c7      0x1a6 .build/obj_RentalCar6Column_copy/common/report.o
 .debug_abbrev  0x000000000000326d      0x2f7 .build/obj_RentalCar6Column_copy/common/avr/suspend.o
 .debug_abbrev  0x0000000000003564      0x1ba .build/obj_RentalCar6Column_copy/common/avr/timer.o
 .debug_abbrev  0x000000000000371e      0x1e4 .build/obj_RentalCar6Column_copy/common/avr/bootloader.o
 .debug_abbrev  0x0000000000003902      0x123 .build/obj_RentalCar6Column_copy/common/magic.o
 .debug_abbrev  0x0000000000003a25      0x235 .build/obj_RentalCar6Column_copy/common/mousekey.o
 .debug_abbrev  0x0000000000003c5a      0x3a9 .build/obj_RentalCar6Column_copy/common/command.o
 .debug_abbrev  0x0000000000004003      0x4e1 .build/obj_RentalCar6Column_copy/lufa.o
 .debug_abbrev  0x00000000000044e4      0x207 .build/obj_RentalCar6Column_copy/usb_descriptor.o
 .debug_abbrev  0x00000000000046eb      0x227 .build/obj_RentalCar6Column_copy/outputselect.o
 .debug_abbrev  0x0000000000004912       0xcb .build/obj_RentalCar6Column_copy/./lib/lufa/LUFA/Drivers/USB/Core/AVR8/Device_AVR8.o
 .debug_abbrev  0x00000000000049dd      0x23b .build/obj_RentalCar6Column_copy/./lib/lufa/LUFA/Drivers/USB/Core/AVR8/EndpointStream_AVR8.o
 .debug_abbrev  0x0000000000004c18      0x29d .build/obj_RentalCar6Column_copy/./lib/lufa/LUFA/Drivers/USB/Core/AVR8/Endpoint_AVR8.o
 .debug_abbrev  0x0000000000004eb5      0x1f5 .build/obj_RentalCar6Column_copy/./lib/lufa/LUFA/Drivers/USB/Core/AVR8/USBController_AVR8.o
 .debug_abbrev  0x00000000000050aa      0x2a5 .build/obj_RentalCar6Column_copy/./lib/lufa/LUFA/Drivers/USB/Core/AVR8/USBInterrupt_AVR8.o
 .debug_abbrev  0x000000000000534f      0x346 .build/obj_RentalCar6Column_copy/./lib/lufa/LUFA/Drivers/USB/Core/DeviceStandardReq.o
 .debug_abbrev  0x0000000000005695       0x46 .build/obj_RentalCar6Column_copy/./lib/lufa/LUFA/Drivers/USB/Core/Events.o
 .debug_abbrev  0x00000000000056db      0x1b3 .build/obj_RentalCar6Column_copy/./lib/lufa/LUFA/Drivers/USB/Core/USBTask.o
 .debug_abbrev  0x000000000000588e       0x14 /usr/local/Cellar/avr-gcc@8/8.3.0_1/lib/avr-gcc/8/gcc/avr/8.3.0/avr5/libgcc.a(_divmodhi4.o)
 .debug_abbrev  0x00000000000058a2       0x14 /usr/local/Cellar/avr-gcc@8/8.3.0_1/lib/avr-gcc/8/gcc/avr/8.3.0/avr5/libgcc.a(_exit.o)
 .debug_abbrev  0x00000000000058b6       0x14 /usr/local/Cellar/avr-gcc@8/8.3.0_1/lib/avr-gcc/8/gcc/avr/8.3.0/avr5/libgcc.a(_tablejump2.o)
 .debug_abbrev  0x00000000000058ca       0x14 /usr/local/Cellar/avr-gcc@8/8.3.0_1/lib/avr-gcc/8/gcc/avr/8.3.0/avr5/libgcc.a(_copy_data.o)
 .debug_abbrev  0x00000000000058de       0x14 /usr/local/Cellar/avr-gcc@8/8.3.0_1/lib/avr-gcc/8/gcc/avr/8.3.0/avr5/libgcc.a(_clear_bss.o)
 .debug_abbrev  0x00000000000058f2       0x14 /usr/local/Cellar/avr-gcc@8/8.3.0_1/lib/avr-gcc/8/gcc/avr/8.3.0/avr5/libgcc.a(_udivmodhi4.o)

.debug_line     0x0000000000000000    0x1238e
 *(.debug_line .debug_line.* .debug_line_end)
 .debug_line    0x0000000000000000       0x1d /usr/local/Cellar/avr-gcc@8/8.3.0_1/lib/avr-gcc/8/gcc/avr/8.3.0/../../../../../../avr/lib/avr5/crtatmega32u4.o
 .debug_line    0x000000000000001d      0xadb .build/obj_RentalCar6Column_copy/matrix.o
 .debug_line    0x0000000000000af8      0x2a1 .build/obj_RentalCar6Column_copy/split_util.o
 .debug_line    0x0000000000000d99      0xa2f .build/obj_RentalCar6Column_copy/serial.o
 .debug_line    0x00000000000017c8     0x14d8 .build/obj_RentalCar6Column_copy/quantum/quantum.o
 .debug_line    0x0000000000002ca0      0x7d0 .build/obj_RentalCar6Column_copy/quantum/keymap_common.o
 .debug_line    0x0000000000003470      0x406 .build/obj_RentalCar6Column_copy/quantum/keycode_config.o
 .debug_line    0x0000000000003876      0x35c .build/obj_RentalCar6Column_copy/quantum/process_keycode/process_leader.o
 .debug_line    0x0000000000003bd2      0x2e0 .build/obj_RentalCar6Column_copy/common/host.o
 .debug_line    0x0000000000003eb2      0x43a .build/obj_RentalCar6Column_copy/common/keyboard.o
 .debug_line    0x00000000000042ec     0x1440 .build/obj_RentalCar6Column_copy/common/action.o
 .debug_line    0x000000000000572c      0xd05 .build/obj_RentalCar6Column_copy/common/action_tapping.o
 .debug_line    0x0000000000006431      0x433 .build/obj_RentalCar6Column_copy/common/action_macro.o
 .debug_line    0x0000000000006864      0x690 .build/obj_RentalCar6Column_copy/common/action_layer.o
 .debug_line    0x0000000000006ef4      0x7f0 .build/obj_RentalCar6Column_copy/common/action_util.o
 .debug_line    0x00000000000076e4       0x81 .build/obj_RentalCar6Column_copy/common/debug.o
 .debug_line    0x0000000000007765      0x235 .build/obj_RentalCar6Column_copy/common/eeconfig.o
 .debug_line    0x000000000000799a      0x394 .build/obj_RentalCar6Column_copy/common/report.o
 .debug_line    0x0000000000007d2e      0x445 .build/obj_RentalCar6Column_copy/common/avr/suspend.o
 .debug_line    0x0000000000008173      0x4d5 .build/obj_RentalCar6Column_copy/common/avr/timer.o
 .debug_line    0x0000000000008648      0x273 .build/obj_RentalCar6Column_copy/common/avr/bootloader.o
 .debug_line    0x00000000000088bb      0x162 .build/obj_RentalCar6Column_copy/common/magic.o
 .debug_line    0x0000000000008a1d      0xe53 .build/obj_RentalCar6Column_copy/common/mousekey.o
 .debug_line    0x0000000000009870      0xb91 .build/obj_RentalCar6Column_copy/common/command.o
 .debug_line    0x000000000000a401     0x1275 .build/obj_RentalCar6Column_copy/lufa.o
 .debug_line    0x000000000000b676      0x39b .build/obj_RentalCar6Column_copy/usb_descriptor.o
 .debug_line    0x000000000000ba11      0x269 .build/obj_RentalCar6Column_copy/outputselect.o
 .debug_line    0x000000000000bc7a      0x244 .build/obj_RentalCar6Column_copy/./lib/lufa/LUFA/Drivers/USB/Core/AVR8/Device_AVR8.o
 .debug_line    0x000000000000bebe     0x33ad .build/obj_RentalCar6Column_copy/./lib/lufa/LUFA/Drivers/USB/Core/AVR8/EndpointStream_AVR8.o
 .debug_line    0x000000000000f26b      0x99e .build/obj_RentalCar6Column_copy/./lib/lufa/LUFA/Drivers/USB/Core/AVR8/Endpoint_AVR8.o
 .debug_line    0x000000000000fc09      0x695 .build/obj_RentalCar6Column_copy/./lib/lufa/LUFA/Drivers/USB/Core/AVR8/USBController_AVR8.o
 .debug_line    0x000000000001029e      0xd37 .build/obj_RentalCar6Column_copy/./lib/lufa/LUFA/Drivers/USB/Core/AVR8/USBInterrupt_AVR8.o
 .debug_line    0x0000000000010fd5      0xd61 .build/obj_RentalCar6Column_copy/./lib/lufa/LUFA/Drivers/USB/Core/DeviceStandardReq.o
 .debug_line    0x0000000000011d36       0x60 .build/obj_RentalCar6Column_copy/./lib/lufa/LUFA/Drivers/USB/Core/Events.o
 .debug_line    0x0000000000011d96      0x26e .build/obj_RentalCar6Column_copy/./lib/lufa/LUFA/Drivers/USB/Core/USBTask.o
 .debug_line    0x0000000000012004       0xc7 /usr/local/Cellar/avr-gcc@8/8.3.0_1/lib/avr-gcc/8/gcc/avr/8.3.0/avr5/libgcc.a(_divmodhi4.o)
 .debug_line    0x00000000000120cb       0x61 /usr/local/Cellar/avr-gcc@8/8.3.0_1/lib/avr-gcc/8/gcc/avr/8.3.0/avr5/libgcc.a(_exit.o)
 .debug_line    0x000000000001212c       0x79 /usr/local/Cellar/avr-gcc@8/8.3.0_1/lib/avr-gcc/8/gcc/avr/8.3.0/avr5/libgcc.a(_tablejump2.o)
 .debug_line    0x00000000000121a5       0x97 /usr/local/Cellar/avr-gcc@8/8.3.0_1/lib/avr-gcc/8/gcc/avr/8.3.0/avr5/libgcc.a(_copy_data.o)
 .debug_line    0x000000000001223c       0x85 /usr/local/Cellar/avr-gcc@8/8.3.0_1/lib/avr-gcc/8/gcc/avr/8.3.0/avr5/libgcc.a(_clear_bss.o)
 .debug_line    0x00000000000122c1       0xcd /usr/local/Cellar/avr-gcc@8/8.3.0_1/lib/avr-gcc/8/gcc/avr/8.3.0/avr5/libgcc.a(_udivmodhi4.o)

.debug_frame    0x0000000000000000     0x211c
 *(.debug_frame)
 .debug_frame   0x0000000000000000      0x1c8 .build/obj_RentalCar6Column_copy/matrix.o
 .debug_frame   0x00000000000001c8       0x54 .build/obj_RentalCar6Column_copy/split_util.o
 .debug_frame   0x000000000000021c      0x16c .build/obj_RentalCar6Column_copy/serial.o
 .debug_frame   0x0000000000000388      0x430 .build/obj_RentalCar6Column_copy/quantum/quantum.o
 .debug_frame   0x00000000000007b8      0x120 .build/obj_RentalCar6Column_copy/quantum/keymap_common.o
 .debug_frame   0x00000000000008d8       0x34 .build/obj_RentalCar6Column_copy/quantum/keycode_config.o
 .debug_frame   0x000000000000090c      0x108 .build/obj_RentalCar6Column_copy/quantum/process_keycode/process_leader.o
 .debug_frame   0x0000000000000a14       0xa4 .build/obj_RentalCar6Column_copy/common/host.o
 .debug_frame   0x0000000000000ab8       0xb0 .build/obj_RentalCar6Column_copy/common/keyboard.o
 .debug_frame   0x0000000000000b68      0x1b8 .build/obj_RentalCar6Column_copy/common/action.o
 .debug_frame   0x0000000000000d20       0xe0 .build/obj_RentalCar6Column_copy/common/action_tapping.o
 .debug_frame   0x0000000000000e00       0x48 .build/obj_RentalCar6Column_copy/common/action_macro.o
 .debug_frame   0x0000000000000e48      0x250 .build/obj_RentalCar6Column_copy/common/action_layer.o
 .debug_frame   0x0000000000001098      0x224 .build/obj_RentalCar6Column_copy/common/action_util.o
 .debug_frame   0x00000000000012bc       0xb4 .build/obj_RentalCar6Column_copy/common/eeconfig.o
 .debug_frame   0x0000000000001370       0x84 .build/obj_RentalCar6Column_copy/common/report.o
 .debug_frame   0x00000000000013f4       0xa0 .build/obj_RentalCar6Column_copy/common/avr/suspend.o
 .debug_frame   0x0000000000001494       0xbc .build/obj_RentalCar6Column_copy/common/avr/timer.o
 .debug_frame   0x0000000000001550       0x34 .build/obj_RentalCar6Column_copy/common/avr/bootloader.o
 .debug_frame   0x0000000000001584       0x24 .build/obj_RentalCar6Column_copy/common/magic.o
 .debug_frame   0x00000000000015a8       0x98 .build/obj_RentalCar6Column_copy/common/mousekey.o
 .debug_frame   0x0000000000001640      0x158 .build/obj_RentalCar6Column_copy/common/command.o
 .debug_frame   0x0000000000001798      0x200 .build/obj_RentalCar6Column_copy/lufa.o
 .debug_frame   0x0000000000001998       0x24 .build/obj_RentalCar6Column_copy/usb_descriptor.o
 .debug_frame   0x00000000000019bc       0x5c .build/obj_RentalCar6Column_copy/outputselect.o
 .debug_frame   0x0000000000001a18       0x24 .build/obj_RentalCar6Column_copy/./lib/lufa/LUFA/Drivers/USB/Core/AVR8/Device_AVR8.o
 .debug_frame   0x0000000000001a3c      0x474 .build/obj_RentalCar6Column_copy/./lib/lufa/LUFA/Drivers/USB/Core/AVR8/EndpointStream_AVR8.o
 .debug_frame   0x0000000000001eb0       0x7c .build/obj_RentalCar6Column_copy/./lib/lufa/LUFA/Drivers/USB/Core/AVR8/Endpoint_AVR8.o
 .debug_frame   0x0000000000001f2c       0x5c .build/obj_RentalCar6Column_copy/./lib/lufa/LUFA/Drivers/USB/Core/AVR8/USBController_AVR8.o
 .debug_frame   0x0000000000001f88      0x108 .build/obj_RentalCar6Column_copy/./lib/lufa/LUFA/Drivers/USB/Core/AVR8/USBInterrupt_AVR8.o
 .debug_frame   0x0000000000002090       0x3c .build/obj_RentalCar6Column_copy/./lib/lufa/LUFA/Drivers/USB/Core/DeviceStandardReq.o
 .debug_frame   0x00000000000020cc       0x24 .build/obj_RentalCar6Column_copy/./lib/lufa/LUFA/Drivers/USB/Core/Events.o
 .debug_frame   0x00000000000020f0       0x2c .build/obj_RentalCar6Column_copy/./lib/lufa/LUFA/Drivers/USB/Core/USBTask.o

.debug_str      0x0000000000000000     0x552a
 *(.debug_str)
 .debug_str     0x0000000000000000      0x371 /usr/local/Cellar/avr-gcc@8/8.3.0_1/lib/avr-gcc/8/gcc/avr/8.3.0/../../../../../../avr/lib/avr5/crtatmega32u4.o
 .debug_str     0x0000000000000371      0x4c6 .build/obj_RentalCar6Column_copy/matrix.o
                                        0x53f (size before relaxing)
 .debug_str     0x0000000000000837       0xd2 .build/obj_RentalCar6Column_copy/split_util.o
                                        0x310 (size before relaxing)
 .debug_str     0x0000000000000909       0xe2 .build/obj_RentalCar6Column_copy/serial.o
                                        0x331 (size before relaxing)
 .debug_str     0x00000000000009eb     0x18ca .build/obj_RentalCar6Column_copy/quantum/quantum.o
                                       0x1c47 (size before relaxing)
 .debug_str     0x00000000000022b5      0x699 .build/obj_RentalCar6Column_copy/quantum/keymap_common.o
                                       0x1d9d (size before relaxing)
 .debug_str     0x000000000000294e       0x6a .build/obj_RentalCar6Column_copy/quantum/keycode_config.o
                                        0x880 (size before relaxing)
 .debug_str     0x00000000000029b8       0x7a .build/obj_RentalCar6Column_copy/quantum/process_keycode/process_leader.o
                                       0x1167 (size before relaxing)
 .debug_str     0x0000000000002a32      0x115 .build/obj_RentalCar6Column_copy/common/host.o
                                        0x384 (size before relaxing)
 .debug_str     0x0000000000002b47      0x13d .build/obj_RentalCar6Column_copy/common/keyboard.o
                                        0x4e4 (size before relaxing)
 .debug_str     0x0000000000002c84      0x38c .build/obj_RentalCar6Column_copy/common/action.o
                                       0x1444 (size before relaxing)
 .debug_str     0x0000000000003010       0xe8 .build/obj_RentalCar6Column_copy/common/action_tapping.o
                                        0xba9 (size before relaxing)
 .debug_str     0x00000000000030f8       0x76 .build/obj_RentalCar6Column_copy/common/action_macro.o
                                        0x8f7 (size before relaxing)
 .debug_str     0x000000000000316e       0x9f .build/obj_RentalCar6Column_copy/common/action_layer.o
                                        0x50f (size before relaxing)
 .debug_str     0x000000000000320d      0x176 .build/obj_RentalCar6Column_copy/common/action_util.o
                                        0x67c (size before relaxing)
 .debug_str     0x0000000000003383       0x1a .build/obj_RentalCar6Column_copy/common/debug.o
                                        0x1f1 (size before relaxing)
 .debug_str     0x000000000000339d       0xcc .build/obj_RentalCar6Column_copy/common/eeconfig.o
                                        0x2d6 (size before relaxing)
 .debug_str     0x0000000000003469       0x49 .build/obj_RentalCar6Column_copy/common/report.o
                                        0x363 (size before relaxing)
 .debug_str     0x00000000000034b2      0x25b .build/obj_RentalCar6Column_copy/common/avr/suspend.o
                                        0x53e (size before relaxing)
 .debug_str     0x000000000000370d       0x8b .build/obj_RentalCar6Column_copy/common/avr/timer.o
                                        0x25c (size before relaxing)
 .debug_str     0x0000000000003798       0x70 .build/obj_RentalCar6Column_copy/common/avr/bootloader.o
                                        0x35d (size before relaxing)
 .debug_str     0x0000000000003808       0x1a .build/obj_RentalCar6Column_copy/common/magic.o
                                        0x37d (size before relaxing)
 .debug_str     0x0000000000003822       0x88 .build/obj_RentalCar6Column_copy/common/mousekey.o
                                        0x6cf (size before relaxing)
 .debug_str     0x00000000000038aa      0x134 .build/obj_RentalCar6Column_copy/common/command.o
                                        0xc71 (size before relaxing)
 .debug_str     0x00000000000039de      0x490 .build/obj_RentalCar6Column_copy/lufa.o
                                        0xc88 (size before relaxing)
 .debug_str     0x0000000000003e6e      0x71e .build/obj_RentalCar6Column_copy/usb_descriptor.o
                                        0xa55 (size before relaxing)